{"drain":{"mode":"draining","reason":"safe production deploy","owner":"deploy:dvsu-source-sections-20260916","changed_at":"2026-09-16 23:43:39.928368+00:00","draining":true},"active_work":{"background_tasks":0,"generation_claims":0,"total":0},"checked_at":"2026-09-16T23:43:40.096366+00:00"}
drain: enabled; waiting for active work to finish (timeout 7200s)
{"drain":{"mode":"draining","reason":"safe production deploy","owner":"deploy:dvsu-source-sections-20260916","changed_at":"2026-09-16 23:43:39.928368+00:00","draining":true},"active_work":{"background_tasks":0,"generation_claims":0,"total":0},"checked_at":"2026-09-16T23:43:40.458584+00:00"}
{"drain":{"mode":"draining","reason":"safe production deploy","owner":"deploy:dvsu-source-sections-20260916","changed_at":"2026-09-16 23:43:39.928368+00:00","draining":true},"active_work":{"background_tasks":0,"generation_claims":0,"total":0},"checked_at":"2026-09-16T23:43:45.489716+00:00"}
From https://github.com/vibecoder10/economy-fastforward
   cc9ee724b..c5956e190  main       -> origin/main
Updating cc9ee724b..c5956e190
Fast-forward
 storyengine/backend/factual_source_sections.py     |  57 ++++++++++
 storyengine/backend/pipeline_executor.py           |  44 ++++++--
 .../tests/fixtures/holland-source-section.html     |  14 +++
 .../functional/test_kie_factual_source_search.py   |  46 ++++++++
 .../backend/tests/test_factual_source_sections.py  | 121 +++++++++++++++++++++
 .../backend/tests/test_machine_documentary_hold.py |  12 +-
 6 files changed, 280 insertions(+), 14 deletions(-)
 create mode 100644 storyengine/backend/factual_source_sections.py
 create mode 100644 storyengine/backend/tests/fixtures/holland-source-section.html
 create mode 100644 storyengine/backend/tests/test_factual_source_sections.py
code: cc9ee724b -> c5956e190
migrations_dir=/home/clawd/projects/economy-fastforward/storyengine/backend/migrations
total=168 applied=168 pending=0
migrations complete
schema: strict migrations complete
backend: active
backend health: verified (drain still enabled)
worker: active (pid 3899448)
worker code parity: commit=c5956e190 directory=/home/clawd/projects/economy-fastforward/storyengine/backend
DONE — deployed c5956e190; automatic undrain follows (log: /home/clawd/deploys.log)
{"drain":{"mode":"normal","reason":"deploy command exited with status 0","owner":"deploy:dvsu-source-sections-20260916","changed_at":"2026-09-16 23:44:04.524923+00:00","draining":false},"active_work":{"background_tasks":0,"generation_claims":0,"total":0},"checked_at":"2026-09-16T23:44:04.662453+00:00"}
-- post-deploy health --
== services ==
storyengine-backend: active
storyengine-frontend: active
== api ==
{"status":"healthy","service":"storyengine-api","database":true,"active_tasks":0,"active_work":{"background_tasks":0,"generation_claims":0,"total":0},"drain":{"mode":"normal","reason":"deploy command exited with status 0","owner":"deploy:dvsu-source-sections-20260916","changed_at":"2026-09-16T23:44:04.524923+00:00","known":true,"draining":false},"storage":true,"queue":"arq","youtube_quota":{"date_pt":"2026-09-16","general":{"used":330,"limit":9000,"remaining":8670,"project_limit":10000,"configured_ceiling":9000},"video_uploads":{"used":0,"limit":100,"remaining":100},"search_calls":{"used":11,"limit":100,"remaining":89},"units_used":330,"ceiling":9000,"remaining":8670}}
== frontend ==
http 200
== deploy lock ==
no lock (clear to deploy)
== last deploy ==
2026-09-16T23:44:04Z dvsu-source-sections-20260916 deployed cc9ee724b -> c5956e190 
== disk ==
/dev/sda1       193G   60G  134G  31% /
