{"drain":{"mode":"draining","reason":"safe production deploy","owner":"deploy:dvsu-reliability-ui-readback","changed_at":"2026-09-17 20:12:08.153940+00:00","draining":true},"active_work":{"background_tasks":0,"generation_claims":0,"total":0},"checked_at":"2026-09-17T20:12:08.350494+00:00"}
drain: enabled; waiting for active work to finish (timeout 7200s)
{"drain":{"mode":"draining","reason":"safe production deploy","owner":"deploy:dvsu-reliability-ui-readback","changed_at":"2026-09-17 20:12:08.153940+00:00","draining":true},"active_work":{"background_tasks":0,"generation_claims":0,"total":0},"checked_at":"2026-09-17T20:12:08.657217+00:00"}
{"drain":{"mode":"draining","reason":"safe production deploy","owner":"deploy:dvsu-reliability-ui-readback","changed_at":"2026-09-17 20:12:08.153940+00:00","draining":true},"active_work":{"background_tasks":0,"generation_claims":0,"total":0},"checked_at":"2026-09-17T20:12:13.689102+00:00"}
From https://github.com/vibecoder10/economy-fastforward
   fce298f8b..0229e9fbd  main       -> origin/main
Updating fce298f8b..0229e9fbd
Fast-forward
 storyengine/frontend/src/components/production/ScriptVoiceTab.tsx    | 4 ++--
 .../src/components/production/StaticDocuStageRail.persisted.test.ts  | 5 +++--
 .../frontend/src/components/production/StaticDocuStageRail.tsx       | 2 +-
 3 files changed, 6 insertions(+), 5 deletions(-)
code: fce298f8b -> 0229e9fbd
migrations_dir=/home/clawd/projects/economy-fastforward/storyengine/backend/migrations
total=171 applied=171 pending=0
migrations complete
schema: strict migrations complete
backend: active
backend health: verified (drain still enabled)
worker: active (pid 134614)
worker code parity: commit=0229e9fbd directory=/home/clawd/projects/economy-fastforward/storyengine/backend

> frontend@1.0.0 build
> next build --webpack

▲ Next.js 16.2.1 (webpack)
- Environments: .env.local

  Creating an optimized production build ...
✓ Compiled successfully in 10.4s
  Running TypeScript ...
  Finished TypeScript in 21.0s ...
  Collecting page data using 3 workers ...
  Generating static pages using 3 workers (0/34) ...
  Generating static pages using 3 workers (8/34) 
  Generating static pages using 3 workers (16/34) 
  Generating static pages using 3 workers (25/34) 
✓ Generating static pages using 3 workers (34/34) in 583ms
  Finalizing page optimization ...
  Collecting build traces ...

Route (app)
┌ ○ /
├ ○ /_not-found
├ ○ /activity
├ ○ /analytics
├ ○ /autopilot
├ ○ /billing
├ ○ /calendar
├ ○ /chat
├ ƒ /chat/[videoId]
├ ○ /dashboard
├ ○ /demo
├ ○ /discovery
├ ○ /docs
├ ○ /forgot-password
├ ○ /ideas
├ ○ /learnings
├ ○ /login
├ ○ /onboarding
├ ○ /pipeline
├ ƒ /pipeline/[videoId]
├ ○ /pricing
├ ○ /privacy
├ ○ /profile
├ ○ /render
├ ○ /reset-password
├ ○ /review
├ ƒ /scene-control/[videoId]
├ ○ /settings
├ ○ /settings/agent-access
├ ○ /settings/drive-callback
├ ○ /settings/keys
├ ○ /settings/youtube-callback
├ ○ /system-prompts
├ ○ /terms
├ ○ /verify-email
└ ○ /videos


○  (Static)   prerendered as static content
ƒ  (Dynamic)  server-rendered on demand

frontend: activating
frontend health: HTTP 200
DONE — deployed 0229e9fbd; automatic undrain follows (log: /home/clawd/deploys.log)
{"drain":{"mode":"normal","reason":"deploy command exited with status 0","owner":"deploy:dvsu-reliability-ui-readback","changed_at":"2026-09-17 20:13:26.651361+00:00","draining":false},"active_work":{"background_tasks":0,"generation_claims":0,"total":0},"checked_at":"2026-09-17T20:13:26.790808+00:00"}
-- post-deploy health --
== services ==
storyengine-backend: active
storyengine-frontend: active
== api ==
{"status":"healthy","service":"storyengine-api","database":true,"active_tasks":0,"active_work":{"background_tasks":0,"generation_claims":0,"total":0},"drain":{"mode":"normal","reason":"deploy command exited with status 0","owner":"deploy:dvsu-reliability-ui-readback","changed_at":"2026-09-17T20:13:26.651361+00:00","known":true,"draining":false},"storage":true,"queue":"arq","youtube_quota":{"date_pt":"2026-09-17","general":{"used":450,"limit":9000,"remaining":8550,"project_limit":10000,"configured_ceiling":9000},"video_uploads":{"used":0,"limit":100,"remaining":100},"search_calls":{"used":15,"limit":100,"remaining":85},"units_used":450,"ceiling":9000,"remaining":8550}}
== frontend ==
http 200
== deploy lock ==
no lock (clear to deploy)
== last deploy ==
2026-09-17T20:13:26Z dvsu-reliability-ui-readback deployed fce298f8b -> 0229e9fbd --with-frontend
== disk ==
/dev/sda1       193G   60G  134G  31% /
