{"drain":{"mode":"draining","reason":"safe production deploy","owner":"deploy:drive-organizer-batch","changed_at":"2026-09-15 17:05:45.209761+00:00","draining":true},"active_work":{"background_tasks":0,"generation_claims":0,"total":0},"checked_at":"2026-09-15T17:05:45.355349+00:00"}
drain: enabled; waiting for active work to finish (timeout 7200s)
{"drain":{"mode":"draining","reason":"safe production deploy","owner":"deploy:drive-organizer-batch","changed_at":"2026-09-15 17:05:45.209761+00:00","draining":true},"active_work":{"background_tasks":0,"generation_claims":0,"total":0},"checked_at":"2026-09-15T17:05:45.693904+00:00"}
{"drain":{"mode":"draining","reason":"safe production deploy","owner":"deploy:drive-organizer-batch","changed_at":"2026-09-15 17:05:45.209761+00:00","draining":true},"active_work":{"background_tasks":0,"generation_claims":0,"total":0},"checked_at":"2026-09-15T17:05:50.722691+00:00"}
From https://github.com/vibecoder10/economy-fastforward
   1d676d79c..082a72d77  main       -> origin/main
Updating 1d676d79c..082a72d77
Fast-forward
 storyengine/docs/DRIVE-ORGANIZATION.md         | 11 +++++++++++
 storyengine/scripts/organize_drive_channels.py |  9 +++++++--
 2 files changed, 18 insertions(+), 2 deletions(-)
 create mode 100644 storyengine/docs/DRIVE-ORGANIZATION.md
code: 1d676d79c -> 082a72d77
migrations_dir=/home/clawd/projects/economy-fastforward/storyengine/backend/migrations
total=168 applied=168 pending=0
migrations complete
schema: strict migrations complete
backend: active
backend health: verified (drain still enabled)
worker: active (pid 3263279)
worker code parity: commit=082a72d77 directory=/home/clawd/projects/economy-fastforward/storyengine/backend
DONE — deployed 082a72d77; automatic undrain follows (log: /home/clawd/deploys.log)
{"drain":{"mode":"normal","reason":"deploy command exited with status 0","owner":"deploy:drive-organizer-batch","changed_at":"2026-09-15 17:06:09.659115+00:00","draining":false},"active_work":{"background_tasks":0,"generation_claims":0,"total":0},"checked_at":"2026-09-15T17:06:09.809217+00:00"}
-- post-deploy health --
== services ==
storyengine-backend: active
storyengine-frontend: active
== api ==
{"status":"healthy","service":"storyengine-api","database":true,"active_tasks":0,"active_work":{"background_tasks":0,"generation_claims":0,"total":0},"drain":{"mode":"normal","reason":"deploy command exited with status 0","owner":"deploy:drive-organizer-batch","changed_at":"2026-09-15T17:06:09.659115+00:00","known":true,"draining":false},"storage":true,"queue":"arq","youtube_quota":{"date_pt":"2026-09-15","general":{"used":230,"limit":9000,"remaining":8770,"project_limit":10000,"configured_ceiling":9000},"video_uploads":{"used":1,"limit":100,"remaining":99},"search_calls":{"used":6,"limit":100,"remaining":94},"units_used":230,"ceiling":9000,"remaining":8770}}
== frontend ==
http 200
== deploy lock ==
no lock (clear to deploy)
== last deploy ==
2026-09-15T17:06:09Z drive-organizer-batch deployed 1d676d79c -> 082a72d77 
== disk ==
/dev/sda1       193G   60G  134G  31% /
