{"drain":{"mode":"draining","reason":"safe production deploy","owner":"deploy:drive-script-routing","changed_at":"2026-09-15 17:17:22.923898+00:00","draining":true},"active_work":{"background_tasks":0,"generation_claims":0,"total":0},"checked_at":"2026-09-15T17:17:23.065278+00:00"}
drain: enabled; waiting for active work to finish (timeout 7200s)
{"drain":{"mode":"draining","reason":"safe production deploy","owner":"deploy:drive-script-routing","changed_at":"2026-09-15 17:17:22.923898+00:00","draining":true},"active_work":{"background_tasks":0,"generation_claims":0,"total":0},"checked_at":"2026-09-15T17:17:23.407421+00:00"}
{"drain":{"mode":"draining","reason":"safe production deploy","owner":"deploy:drive-script-routing","changed_at":"2026-09-15 17:17:22.923898+00:00","draining":true},"active_work":{"background_tasks":0,"generation_claims":0,"total":0},"checked_at":"2026-09-15T17:17:28.439338+00:00"}
From https://github.com/vibecoder10/economy-fastforward
   22b08da01..c5fad1198  main       -> origin/main
Updating 22b08da01..c5fad1198
Fast-forward
 storyengine/backend/drive_layout.py               |  4 ++--
 storyengine/backend/drive_workspace.py            |  2 +-
 storyengine/backend/tests/test_drive_workspace.py | 10 ++++++++++
 storyengine/scripts/organize_drive_channels.py    |  2 +-
 storyengine/scripts/reconcile_drive_assets.py     |  7 +++++++
 5 files changed, 21 insertions(+), 4 deletions(-)
code: 22b08da01 -> c5fad1198
migrations_dir=/home/clawd/projects/economy-fastforward/storyengine/backend/migrations
total=168 applied=168 pending=0
migrations complete
schema: strict migrations complete
backend: active
backend health: verified (drain still enabled)
worker: active (pid 3267811)
worker code parity: commit=c5fad1198 directory=/home/clawd/projects/economy-fastforward/storyengine/backend
DONE — deployed c5fad1198; automatic undrain follows (log: /home/clawd/deploys.log)
{"drain":{"mode":"normal","reason":"deploy command exited with status 0","owner":"deploy:drive-script-routing","changed_at":"2026-09-15 17:17:47.555600+00:00","draining":false},"active_work":{"background_tasks":0,"generation_claims":0,"total":0},"checked_at":"2026-09-15T17:17:47.709683+00:00"}
-- post-deploy health --
== services ==
storyengine-backend: active
storyengine-frontend: active
== api ==
{"status":"healthy","service":"storyengine-api","database":true,"active_tasks":0,"active_work":{"background_tasks":0,"generation_claims":0,"total":0},"drain":{"mode":"normal","reason":"deploy command exited with status 0","owner":"deploy:drive-script-routing","changed_at":"2026-09-15T17:17:47.555600+00:00","known":true,"draining":false},"storage":true,"queue":"arq","youtube_quota":{"date_pt":"2026-09-15","general":{"used":260,"limit":9000,"remaining":8740,"project_limit":10000,"configured_ceiling":9000},"video_uploads":{"used":1,"limit":100,"remaining":99},"search_calls":{"used":7,"limit":100,"remaining":93},"units_used":260,"ceiling":9000,"remaining":8740}}
== frontend ==
http 200
== deploy lock ==
no lock (clear to deploy)
== last deploy ==
2026-09-15T17:17:47Z drive-script-routing deployed 22b08da01 -> c5fad1198 
== disk ==
/dev/sda1       193G   60G  134G  31% /
