{"drain":{"mode":"draining","reason":"safe production deploy","owner":"deploy:channel-drive-layout","changed_at":"2026-09-15 17:01:39.050083+00:00","draining":true},"active_work":{"background_tasks":0,"generation_claims":0,"total":0},"checked_at":"2026-09-15T17:01:39.215681+00:00"}
drain: enabled; waiting for active work to finish (timeout 7200s)
{"drain":{"mode":"draining","reason":"safe production deploy","owner":"deploy:channel-drive-layout","changed_at":"2026-09-15 17:01:39.050083+00:00","draining":true},"active_work":{"background_tasks":0,"generation_claims":0,"total":0},"checked_at":"2026-09-15T17:01:39.564728+00:00"}
{"drain":{"mode":"draining","reason":"safe production deploy","owner":"deploy:channel-drive-layout","changed_at":"2026-09-15 17:01:39.050083+00:00","draining":true},"active_work":{"background_tasks":0,"generation_claims":0,"total":0},"checked_at":"2026-09-15T17:01:44.595287+00:00"}
From https://github.com/vibecoder10/economy-fastforward
   4f8a2f438..1d676d79c  main       -> origin/main
Updating 4f8a2f438..1d676d79c
Fast-forward
 storyengine/backend/drive_layout.py               | 110 ++++++++++++++++++++++
 storyengine/backend/drive_workspace.py            |  52 ++++++----
 storyengine/backend/routes/channel_profile.py     |   3 +
 storyengine/backend/routes/google_auth.py         |   3 +
 storyengine/backend/routes/onboarding.py          |   2 +
 storyengine/backend/storage.py                    |  45 ++++-----
 storyengine/backend/tests/test_drive_workspace.py |  51 +++++++++-
 storyengine/scripts/organize_drive_channels.py    |  56 +++++++++++
 8 files changed, 275 insertions(+), 47 deletions(-)
 create mode 100644 storyengine/backend/drive_layout.py
 create mode 100644 storyengine/scripts/organize_drive_channels.py
code: 4f8a2f438 -> 1d676d79c
migrations_dir=/home/clawd/projects/economy-fastforward/storyengine/backend/migrations
total=168 applied=168 pending=0
migrations complete
schema: strict migrations complete
backend: active
backend health: verified (drain still enabled)
worker: active (pid 3261370)
worker code parity: commit=1d676d79c directory=/home/clawd/projects/economy-fastforward/storyengine/backend
DONE — deployed 1d676d79c; automatic undrain follows (log: /home/clawd/deploys.log)
{"drain":{"mode":"normal","reason":"deploy command exited with status 0","owner":"deploy:channel-drive-layout","changed_at":"2026-09-15 17:02:03.679915+00:00","draining":false},"active_work":{"background_tasks":0,"generation_claims":0,"total":0},"checked_at":"2026-09-15T17:02:03.835294+00:00"}
-- post-deploy health --
== services ==
storyengine-backend: active
storyengine-frontend: active
== api ==
{"status":"healthy","service":"storyengine-api","database":true,"active_tasks":0,"active_work":{"background_tasks":0,"generation_claims":0,"total":0},"drain":{"mode":"normal","reason":"deploy command exited with status 0","owner":"deploy:channel-drive-layout","changed_at":"2026-09-15T17:02:03.679915+00:00","known":true,"draining":false},"storage":true,"queue":"arq","youtube_quota":{"date_pt":"2026-09-15","general":{"used":200,"limit":9000,"remaining":8800,"project_limit":10000,"configured_ceiling":9000},"video_uploads":{"used":1,"limit":100,"remaining":99},"search_calls":{"used":5,"limit":100,"remaining":95},"units_used":200,"ceiling":9000,"remaining":8800}}
== frontend ==
http 200
== deploy lock ==
no lock (clear to deploy)
== last deploy ==
2026-09-15T17:02:03Z channel-drive-layout deployed 4f8a2f438 -> 1d676d79c 
== disk ==
/dev/sda1       193G   60G  134G  31% /
