{"drain":{"mode":"draining","reason":"safe production deploy","owner":"deploy:drive-narration-routing","changed_at":"2026-09-15 17:15:29.156016+00:00","draining":true},"active_work":{"background_tasks":0,"generation_claims":0,"total":0},"checked_at":"2026-09-15T17:15:29.349560+00:00"}
drain: enabled; waiting for active work to finish (timeout 7200s)
{"drain":{"mode":"draining","reason":"safe production deploy","owner":"deploy:drive-narration-routing","changed_at":"2026-09-15 17:15:29.156016+00:00","draining":true},"active_work":{"background_tasks":0,"generation_claims":0,"total":0},"checked_at":"2026-09-15T17:15:29.720753+00:00"}
{"drain":{"mode":"draining","reason":"safe production deploy","owner":"deploy:drive-narration-routing","changed_at":"2026-09-15 17:15:29.156016+00:00","draining":true},"active_work":{"background_tasks":0,"generation_claims":0,"total":0},"checked_at":"2026-09-15T17:15:34.753005+00:00"}
From https://github.com/vibecoder10/economy-fastforward
   082a72d77..22b08da01  main       -> origin/main
Updating 082a72d77..22b08da01
Fast-forward
 storyengine/backend/pipeline_executor.py      |  8 ++-
 storyengine/scripts/reconcile_drive_assets.py | 76 +++++++++++++++++++++++++++
 2 files changed, 83 insertions(+), 1 deletion(-)
 create mode 100644 storyengine/scripts/reconcile_drive_assets.py
code: 082a72d77 -> 22b08da01
migrations_dir=/home/clawd/projects/economy-fastforward/storyengine/backend/migrations
total=168 applied=168 pending=0
migrations complete
schema: strict migrations complete
backend: active
backend health: verified (drain still enabled)
worker: active (pid 3266905)
worker code parity: commit=22b08da01 directory=/home/clawd/projects/economy-fastforward/storyengine/backend
DONE — deployed 22b08da01; automatic undrain follows (log: /home/clawd/deploys.log)
{"drain":{"mode":"normal","reason":"deploy command exited with status 0","owner":"deploy:drive-narration-routing","changed_at":"2026-09-15 17:15:53.835839+00:00","draining":false},"active_work":{"background_tasks":0,"generation_claims":0,"total":0},"checked_at":"2026-09-15T17:15:53.980816+00:00"}
-- post-deploy health --
== services ==
storyengine-backend: active
storyengine-frontend: active
== api ==
{"status":"healthy","service":"storyengine-api","database":true,"active_tasks":0,"active_work":{"background_tasks":0,"generation_claims":0,"total":0},"drain":{"mode":"normal","reason":"deploy command exited with status 0","owner":"deploy:drive-narration-routing","changed_at":"2026-09-15T17:15:53.835839+00:00","known":true,"draining":false},"storage":true,"queue":"arq","youtube_quota":{"date_pt":"2026-09-15","general":{"used":260,"limit":9000,"remaining":8740,"project_limit":10000,"configured_ceiling":9000},"video_uploads":{"used":1,"limit":100,"remaining":99},"search_calls":{"used":7,"limit":100,"remaining":93},"units_used":260,"ceiling":9000,"remaining":8740}}
== frontend ==
http 200
== deploy lock ==
no lock (clear to deploy)
== last deploy ==
2026-09-15T17:15:53Z drive-narration-routing deployed 082a72d77 -> 22b08da01 
== disk ==
/dev/sda1       193G   60G  134G  31% /
