{"drain":{"mode":"draining","reason":"safe production deploy","owner":"deploy:dvsu-bomber-run-all","changed_at":"2026-09-13 04:21:19.798160+00:00","draining":true},"active_work":{"background_tasks":0,"generation_claims":0,"total":0},"checked_at":"2026-09-13T04:21:19.941767+00:00"}
drain: enabled; waiting for active work to finish (timeout 7200s)
{"drain":{"mode":"draining","reason":"safe production deploy","owner":"deploy:dvsu-bomber-run-all","changed_at":"2026-09-13 04:21:19.798160+00:00","draining":true},"active_work":{"background_tasks":0,"generation_claims":0,"total":0},"checked_at":"2026-09-13T04:21:20.277310+00:00"}
{"drain":{"mode":"draining","reason":"safe production deploy","owner":"deploy:dvsu-bomber-run-all","changed_at":"2026-09-13 04:21:19.798160+00:00","draining":true},"active_work":{"background_tasks":0,"generation_claims":0,"total":0},"checked_at":"2026-09-13T04:21:25.307674+00:00"}
From https://github.com/vibecoder10/economy-fastforward
   8f8de8ec1..184dc4760  main       -> origin/main
Updating 8f8de8ec1..184dc4760
Fast-forward
 storyengine/backend/pipeline_executor.py           |  9 +++-
 storyengine/backend/routes/pipeline.py             | 23 +++++++---
 .../functional/test_durable_run_all_dispatch.py    | 50 +++++++++++++++++++++
 .../functional/test_run_all_research_resume.py     | 52 ++++++++++++++++++++++
 4 files changed, 127 insertions(+), 7 deletions(-)
code: 8f8de8ec1 -> 184dc4760
migrations_dir=/home/clawd/projects/economy-fastforward/storyengine/backend/migrations
total=168 applied=168 pending=0
migrations complete
schema: strict migrations complete
backend: active
backend health: verified (drain still enabled)
worker: active (pid 2036162)
worker code parity: commit=184dc4760 directory=/home/clawd/projects/economy-fastforward/storyengine/backend
DONE — deployed 184dc4760; automatic undrain follows (log: /home/clawd/deploys.log)
{"drain":{"mode":"normal","reason":"deploy command exited with status 0","owner":"deploy:dvsu-bomber-run-all","changed_at":"2026-09-13 04:21:45.377841+00:00","draining":false},"active_work":{"background_tasks":0,"generation_claims":0,"total":0},"checked_at":"2026-09-13T04:21:45.506430+00:00"}
-- post-deploy health --
== services ==
storyengine-backend: active
storyengine-frontend: active
== api ==
{"status":"healthy","service":"storyengine-api","database":true,"active_tasks":0,"active_work":{"background_tasks":0,"generation_claims":0,"total":0},"drain":{"mode":"normal","reason":"deploy command exited with status 0","owner":"deploy:dvsu-bomber-run-all","changed_at":"2026-09-13T04:21:45.377841+00:00","known":true,"draining":false},"storage":true,"queue":"arq","youtube_quota":{"date_pt":"2026-09-12","general":{"used":719,"limit":9000,"remaining":8281,"project_limit":10000,"configured_ceiling":9000},"video_uploads":{"used":1,"limit":100,"remaining":99},"search_calls":{"used":22,"limit":100,"remaining":78},"units_used":719,"ceiling":9000,"remaining":8281}}
== frontend ==
http 200
== deploy lock ==
no lock (clear to deploy)
== last deploy ==
2026-09-13T04:21:45Z dvsu-bomber-run-all deployed 8f8de8ec1 -> 184dc4760 
== disk ==
/dev/sda1       193G   53G  141G  28% /
