{"drain":{"mode":"draining","reason":"safe production deploy","owner":"deploy:dvsu-visible-structure","changed_at":"2026-09-15 14:41:15.677791+00:00","draining":true},"active_work":{"background_tasks":1,"generation_claims":1,"total":2},"checked_at":"2026-09-15T14:41:15.899105+00:00"}
drain: enabled; waiting for active work to finish (timeout 7200s)
{"drain":{"mode":"draining","reason":"safe production deploy","owner":"deploy:dvsu-visible-structure","changed_at":"2026-09-15 14:41:15.677791+00:00","draining":true},"active_work":{"background_tasks":1,"generation_claims":1,"total":2},"checked_at":"2026-09-15T14:41:16.358198+00:00"}
{"drain":{"mode":"draining","reason":"safe production deploy","owner":"deploy:dvsu-visible-structure","changed_at":"2026-09-15 14:41:15.677791+00:00","draining":true},"active_work":{"background_tasks":1,"generation_claims":1,"total":2},"checked_at":"2026-09-15T14:41:21.393056+00:00"}
{"drain":{"mode":"draining","reason":"safe production deploy","owner":"deploy:dvsu-visible-structure","changed_at":"2026-09-15 14:41:15.677791+00:00","draining":true},"active_work":{"background_tasks":1,"generation_claims":1,"total":2},"checked_at":"2026-09-15T14:41:26.428691+00:00"}
{"drain":{"mode":"draining","reason":"safe production deploy","owner":"deploy:dvsu-visible-structure","changed_at":"2026-09-15 14:41:15.677791+00:00","draining":true},"active_work":{"background_tasks":1,"generation_claims":1,"total":2},"checked_at":"2026-09-15T14:41:31.459387+00:00"}
{"drain":{"mode":"draining","reason":"safe production deploy","owner":"deploy:dvsu-visible-structure","changed_at":"2026-09-15 14:41:15.677791+00:00","draining":true},"active_work":{"background_tasks":1,"generation_claims":1,"total":2},"checked_at":"2026-09-15T14:41:36.493796+00:00"}
{"drain":{"mode":"draining","reason":"safe production deploy","owner":"deploy:dvsu-visible-structure","changed_at":"2026-09-15 14:41:15.677791+00:00","draining":true},"active_work":{"background_tasks":1,"generation_claims":1,"total":2},"checked_at":"2026-09-15T14:41:41.529405+00:00"}
{"drain":{"mode":"draining","reason":"safe production deploy","owner":"deploy:dvsu-visible-structure","changed_at":"2026-09-15 14:41:15.677791+00:00","draining":true},"active_work":{"background_tasks":1,"generation_claims":1,"total":2},"checked_at":"2026-09-15T14:41:46.564924+00:00"}
{"drain":{"mode":"draining","reason":"safe production deploy","owner":"deploy:dvsu-visible-structure","changed_at":"2026-09-15 14:41:15.677791+00:00","draining":true},"active_work":{"background_tasks":1,"generation_claims":1,"total":2},"checked_at":"2026-09-15T14:41:51.601955+00:00"}
{"drain":{"mode":"draining","reason":"safe production deploy","owner":"deploy:dvsu-visible-structure","changed_at":"2026-09-15 14:41:15.677791+00:00","draining":true},"active_work":{"background_tasks":1,"generation_claims":1,"total":2},"checked_at":"2026-09-15T14:41:56.637550+00:00"}
{"drain":{"mode":"draining","reason":"safe production deploy","owner":"deploy:dvsu-visible-structure","changed_at":"2026-09-15 14:41:15.677791+00:00","draining":true},"active_work":{"background_tasks":1,"generation_claims":1,"total":2},"checked_at":"2026-09-15T14:42:01.684093+00:00"}
{"drain":{"mode":"draining","reason":"safe production deploy","owner":"deploy:dvsu-visible-structure","changed_at":"2026-09-15 14:41:15.677791+00:00","draining":true},"active_work":{"background_tasks":1,"generation_claims":1,"total":2},"checked_at":"2026-09-15T14:42:06.719205+00:00"}
{"drain":{"mode":"draining","reason":"safe production deploy","owner":"deploy:dvsu-visible-structure","changed_at":"2026-09-15 14:41:15.677791+00:00","draining":true},"active_work":{"background_tasks":1,"generation_claims":1,"total":2},"checked_at":"2026-09-15T14:42:11.754986+00:00"}
{"drain":{"mode":"draining","reason":"safe production deploy","owner":"deploy:dvsu-visible-structure","changed_at":"2026-09-15 14:41:15.677791+00:00","draining":true},"active_work":{"background_tasks":1,"generation_claims":1,"total":2},"checked_at":"2026-09-15T14:42:16.791110+00:00"}
{"drain":{"mode":"draining","reason":"safe production deploy","owner":"deploy:dvsu-visible-structure","changed_at":"2026-09-15 14:41:15.677791+00:00","draining":true},"active_work":{"background_tasks":1,"generation_claims":1,"total":2},"checked_at":"2026-09-15T14:42:21.822387+00:00"}
{"drain":{"mode":"draining","reason":"safe production deploy","owner":"deploy:dvsu-visible-structure","changed_at":"2026-09-15 14:41:15.677791+00:00","draining":true},"active_work":{"background_tasks":1,"generation_claims":1,"total":2},"checked_at":"2026-09-15T14:42:26.858931+00:00"}
{"drain":{"mode":"draining","reason":"safe production deploy","owner":"deploy:dvsu-visible-structure","changed_at":"2026-09-15 14:41:15.677791+00:00","draining":true},"active_work":{"background_tasks":1,"generation_claims":1,"total":2},"checked_at":"2026-09-15T14:42:31.895580+00:00"}
{"drain":{"mode":"draining","reason":"safe production deploy","owner":"deploy:dvsu-visible-structure","changed_at":"2026-09-15 14:41:15.677791+00:00","draining":true},"active_work":{"background_tasks":1,"generation_claims":1,"total":2},"checked_at":"2026-09-15T14:42:36.932531+00:00"}
{"drain":{"mode":"draining","reason":"safe production deploy","owner":"deploy:dvsu-visible-structure","changed_at":"2026-09-15 14:41:15.677791+00:00","draining":true},"active_work":{"background_tasks":1,"generation_claims":1,"total":2},"checked_at":"2026-09-15T14:42:41.968064+00:00"}
{"drain":{"mode":"draining","reason":"safe production deploy","owner":"deploy:dvsu-visible-structure","changed_at":"2026-09-15 14:41:15.677791+00:00","draining":true},"active_work":{"background_tasks":1,"generation_claims":1,"total":2},"checked_at":"2026-09-15T14:42:47.002549+00:00"}
{"drain":{"mode":"draining","reason":"safe production deploy","owner":"deploy:dvsu-visible-structure","changed_at":"2026-09-15 14:41:15.677791+00:00","draining":true},"active_work":{"background_tasks":1,"generation_claims":1,"total":2},"checked_at":"2026-09-15T14:42:52.039038+00:00"}
{"drain":{"mode":"draining","reason":"safe production deploy","owner":"deploy:dvsu-visible-structure","changed_at":"2026-09-15 14:41:15.677791+00:00","draining":true},"active_work":{"background_tasks":1,"generation_claims":1,"total":2},"checked_at":"2026-09-15T14:42:57.075463+00:00"}
{"drain":{"mode":"draining","reason":"safe production deploy","owner":"deploy:dvsu-visible-structure","changed_at":"2026-09-15 14:41:15.677791+00:00","draining":true},"active_work":{"background_tasks":1,"generation_claims":1,"total":2},"checked_at":"2026-09-15T14:43:02.114361+00:00"}
{"drain":{"mode":"draining","reason":"safe production deploy","owner":"deploy:dvsu-visible-structure","changed_at":"2026-09-15 14:41:15.677791+00:00","draining":true},"active_work":{"background_tasks":1,"generation_claims":1,"total":2},"checked_at":"2026-09-15T14:43:07.148178+00:00"}
{"drain":{"mode":"draining","reason":"safe production deploy","owner":"deploy:dvsu-visible-structure","changed_at":"2026-09-15 14:41:15.677791+00:00","draining":true},"active_work":{"background_tasks":1,"generation_claims":1,"total":2},"checked_at":"2026-09-15T14:43:12.181916+00:00"}
{"drain":{"mode":"draining","reason":"safe production deploy","owner":"deploy:dvsu-visible-structure","changed_at":"2026-09-15 14:41:15.677791+00:00","draining":true},"active_work":{"background_tasks":1,"generation_claims":1,"total":2},"checked_at":"2026-09-15T14:43:17.218918+00:00"}
{"drain":{"mode":"draining","reason":"safe production deploy","owner":"deploy:dvsu-visible-structure","changed_at":"2026-09-15 14:41:15.677791+00:00","draining":true},"active_work":{"background_tasks":1,"generation_claims":1,"total":2},"checked_at":"2026-09-15T14:43:22.249448+00:00"}
{"drain":{"mode":"draining","reason":"safe production deploy","owner":"deploy:dvsu-visible-structure","changed_at":"2026-09-15 14:41:15.677791+00:00","draining":true},"active_work":{"background_tasks":1,"generation_claims":1,"total":2},"checked_at":"2026-09-15T14:43:27.282488+00:00"}
{"drain":{"mode":"draining","reason":"safe production deploy","owner":"deploy:dvsu-visible-structure","changed_at":"2026-09-15 14:41:15.677791+00:00","draining":true},"active_work":{"background_tasks":1,"generation_claims":1,"total":2},"checked_at":"2026-09-15T14:43:32.317191+00:00"}
{"drain":{"mode":"draining","reason":"safe production deploy","owner":"deploy:dvsu-visible-structure","changed_at":"2026-09-15 14:41:15.677791+00:00","draining":true},"active_work":{"background_tasks":1,"generation_claims":1,"total":2},"checked_at":"2026-09-15T14:43:37.352725+00:00"}
{"drain":{"mode":"draining","reason":"safe production deploy","owner":"deploy:dvsu-visible-structure","changed_at":"2026-09-15 14:41:15.677791+00:00","draining":true},"active_work":{"background_tasks":1,"generation_claims":1,"total":2},"checked_at":"2026-09-15T14:43:42.388074+00:00"}
{"drain":{"mode":"draining","reason":"safe production deploy","owner":"deploy:dvsu-visible-structure","changed_at":"2026-09-15 14:41:15.677791+00:00","draining":true},"active_work":{"background_tasks":1,"generation_claims":1,"total":2},"checked_at":"2026-09-15T14:43:47.423531+00:00"}
{"drain":{"mode":"draining","reason":"safe production deploy","owner":"deploy:dvsu-visible-structure","changed_at":"2026-09-15 14:41:15.677791+00:00","draining":true},"active_work":{"background_tasks":1,"generation_claims":1,"total":2},"checked_at":"2026-09-15T14:43:52.459094+00:00"}
{"drain":{"mode":"draining","reason":"safe production deploy","owner":"deploy:dvsu-visible-structure","changed_at":"2026-09-15 14:41:15.677791+00:00","draining":true},"active_work":{"background_tasks":1,"generation_claims":1,"total":2},"checked_at":"2026-09-15T14:43:57.494578+00:00"}
{"drain":{"mode":"draining","reason":"safe production deploy","owner":"deploy:dvsu-visible-structure","changed_at":"2026-09-15 14:41:15.677791+00:00","draining":true},"active_work":{"background_tasks":1,"generation_claims":1,"total":2},"checked_at":"2026-09-15T14:44:02.531096+00:00"}
{"drain":{"mode":"draining","reason":"safe production deploy","owner":"deploy:dvsu-visible-structure","changed_at":"2026-09-15 14:41:15.677791+00:00","draining":true},"active_work":{"background_tasks":1,"generation_claims":1,"total":2},"checked_at":"2026-09-15T14:44:07.566600+00:00"}
{"drain":{"mode":"draining","reason":"safe production deploy","owner":"deploy:dvsu-visible-structure","changed_at":"2026-09-15 14:41:15.677791+00:00","draining":true},"active_work":{"background_tasks":1,"generation_claims":1,"total":2},"checked_at":"2026-09-15T14:44:12.601234+00:00"}
{"drain":{"mode":"draining","reason":"safe production deploy","owner":"deploy:dvsu-visible-structure","changed_at":"2026-09-15 14:41:15.677791+00:00","draining":true},"active_work":{"background_tasks":1,"generation_claims":1,"total":2},"checked_at":"2026-09-15T14:44:17.634865+00:00"}
{"drain":{"mode":"draining","reason":"safe production deploy","owner":"deploy:dvsu-visible-structure","changed_at":"2026-09-15 14:41:15.677791+00:00","draining":true},"active_work":{"background_tasks":1,"generation_claims":1,"total":2},"checked_at":"2026-09-15T14:44:22.670165+00:00"}
{"drain":{"mode":"draining","reason":"safe production deploy","owner":"deploy:dvsu-visible-structure","changed_at":"2026-09-15 14:41:15.677791+00:00","draining":true},"active_work":{"background_tasks":1,"generation_claims":1,"total":2},"checked_at":"2026-09-15T14:44:27.705537+00:00"}
{"drain":{"mode":"draining","reason":"safe production deploy","owner":"deploy:dvsu-visible-structure","changed_at":"2026-09-15 14:41:15.677791+00:00","draining":true},"active_work":{"background_tasks":1,"generation_claims":1,"total":2},"checked_at":"2026-09-15T14:44:32.741157+00:00"}
{"drain":{"mode":"draining","reason":"safe production deploy","owner":"deploy:dvsu-visible-structure","changed_at":"2026-09-15 14:41:15.677791+00:00","draining":true},"active_work":{"background_tasks":1,"generation_claims":1,"total":2},"checked_at":"2026-09-15T14:44:37.777281+00:00"}
{"drain":{"mode":"draining","reason":"safe production deploy","owner":"deploy:dvsu-visible-structure","changed_at":"2026-09-15 14:41:15.677791+00:00","draining":true},"active_work":{"background_tasks":1,"generation_claims":1,"total":2},"checked_at":"2026-09-15T14:44:42.813158+00:00"}
{"drain":{"mode":"draining","reason":"safe production deploy","owner":"deploy:dvsu-visible-structure","changed_at":"2026-09-15 14:41:15.677791+00:00","draining":true},"active_work":{"background_tasks":1,"generation_claims":1,"total":2},"checked_at":"2026-09-15T14:44:47.845286+00:00"}
{"drain":{"mode":"draining","reason":"safe production deploy","owner":"deploy:dvsu-visible-structure","changed_at":"2026-09-15 14:41:15.677791+00:00","draining":true},"active_work":{"background_tasks":1,"generation_claims":1,"total":2},"checked_at":"2026-09-15T14:44:52.881230+00:00"}
{"drain":{"mode":"draining","reason":"safe production deploy","owner":"deploy:dvsu-visible-structure","changed_at":"2026-09-15 14:41:15.677791+00:00","draining":true},"active_work":{"background_tasks":1,"generation_claims":1,"total":2},"checked_at":"2026-09-15T14:44:57.916843+00:00"}
{"drain":{"mode":"draining","reason":"safe production deploy","owner":"deploy:dvsu-visible-structure","changed_at":"2026-09-15 14:41:15.677791+00:00","draining":true},"active_work":{"background_tasks":1,"generation_claims":1,"total":2},"checked_at":"2026-09-15T14:45:02.956561+00:00"}
{"drain":{"mode":"draining","reason":"safe production deploy","owner":"deploy:dvsu-visible-structure","changed_at":"2026-09-15 14:41:15.677791+00:00","draining":true},"active_work":{"background_tasks":1,"generation_claims":1,"total":2},"checked_at":"2026-09-15T14:45:07.990151+00:00"}
{"drain":{"mode":"draining","reason":"safe production deploy","owner":"deploy:dvsu-visible-structure","changed_at":"2026-09-15 14:41:15.677791+00:00","draining":true},"active_work":{"background_tasks":1,"generation_claims":1,"total":2},"checked_at":"2026-09-15T14:45:13.026062+00:00"}
{"drain":{"mode":"draining","reason":"safe production deploy","owner":"deploy:dvsu-visible-structure","changed_at":"2026-09-15 14:41:15.677791+00:00","draining":true},"active_work":{"background_tasks":1,"generation_claims":1,"total":2},"checked_at":"2026-09-15T14:45:18.062984+00:00"}
{"drain":{"mode":"draining","reason":"safe production deploy","owner":"deploy:dvsu-visible-structure","changed_at":"2026-09-15 14:41:15.677791+00:00","draining":true},"active_work":{"background_tasks":1,"generation_claims":1,"total":2},"checked_at":"2026-09-15T14:45:23.098578+00:00"}
{"drain":{"mode":"draining","reason":"safe production deploy","owner":"deploy:dvsu-visible-structure","changed_at":"2026-09-15 14:41:15.677791+00:00","draining":true},"active_work":{"background_tasks":1,"generation_claims":1,"total":2},"checked_at":"2026-09-15T14:45:28.133817+00:00"}
{"drain":{"mode":"draining","reason":"safe production deploy","owner":"deploy:dvsu-visible-structure","changed_at":"2026-09-15 14:41:15.677791+00:00","draining":true},"active_work":{"background_tasks":1,"generation_claims":1,"total":2},"checked_at":"2026-09-15T14:45:33.169484+00:00"}
{"drain":{"mode":"draining","reason":"safe production deploy","owner":"deploy:dvsu-visible-structure","changed_at":"2026-09-15 14:41:15.677791+00:00","draining":true},"active_work":{"background_tasks":1,"generation_claims":1,"total":2},"checked_at":"2026-09-15T14:45:38.204989+00:00"}
{"drain":{"mode":"draining","reason":"safe production deploy","owner":"deploy:dvsu-visible-structure","changed_at":"2026-09-15 14:41:15.677791+00:00","draining":true},"active_work":{"background_tasks":1,"generation_claims":1,"total":2},"checked_at":"2026-09-15T14:45:43.237910+00:00"}
{"drain":{"mode":"draining","reason":"safe production deploy","owner":"deploy:dvsu-visible-structure","changed_at":"2026-09-15 14:41:15.677791+00:00","draining":true},"active_work":{"background_tasks":0,"generation_claims":0,"total":0},"checked_at":"2026-09-15T14:45:48.273751+00:00"}
{"drain":{"mode":"draining","reason":"safe production deploy","owner":"deploy:dvsu-visible-structure","changed_at":"2026-09-15 14:41:15.677791+00:00","draining":true},"active_work":{"background_tasks":0,"generation_claims":0,"total":0},"checked_at":"2026-09-15T14:45:53.310165+00:00"}
From https://github.com/vibecoder10/economy-fastforward
   32bf0c966..a147ac011  main       -> origin/main
Updating 32bf0c966..a147ac011
Fast-forward
 storyengine/backend/static_docu.py                          | 13 +++++++++++++
 .../backend/tests/functional/test_barling_image_geometry.py |  8 ++++++++
 storyengine/docs/STATIC-IMAGE-ACCEPTANCE.md                 |  4 ++++
 3 files changed, 25 insertions(+)
code: 32bf0c966 -> a147ac011
migrations_dir=/home/clawd/projects/economy-fastforward/storyengine/backend/migrations
total=168 applied=168 pending=0
migrations complete
schema: strict migrations complete
backend: active
backend health: verified (drain still enabled)
worker: active (pid 3230578)
worker code parity: commit=a147ac011 directory=/home/clawd/projects/economy-fastforward/storyengine/backend
DONE — deployed a147ac011; automatic undrain follows (log: /home/clawd/deploys.log)
{"drain":{"mode":"normal","reason":"deploy command exited with status 0","owner":"deploy:dvsu-visible-structure","changed_at":"2026-09-15 14:46:12.446896+00:00","draining":false},"active_work":{"background_tasks":0,"generation_claims":0,"total":0},"checked_at":"2026-09-15T14:46:12.577808+00:00"}
-- post-deploy health --
== services ==
storyengine-backend: active
storyengine-frontend: active
== api ==
{"status":"healthy","service":"storyengine-api","database":true,"active_tasks":0,"active_work":{"background_tasks":0,"generation_claims":0,"total":0},"drain":{"mode":"normal","reason":"deploy command exited with status 0","owner":"deploy:dvsu-visible-structure","changed_at":"2026-09-15T14:46:12.446896+00:00","known":true,"draining":false},"storage":true,"queue":"arq","youtube_quota":{"date_pt":"2026-09-15","general":{"used":30,"limit":9000,"remaining":8970,"project_limit":10000,"configured_ceiling":9000},"video_uploads":{"used":0,"limit":100,"remaining":100},"search_calls":{"used":1,"limit":100,"remaining":99},"units_used":30,"ceiling":9000,"remaining":8970}}
== frontend ==
http 200
== deploy lock ==
no lock (clear to deploy)
== last deploy ==
2026-09-15T14:46:12Z dvsu-visible-structure deployed 32bf0c966 -> a147ac011 
== disk ==
/dev/sda1       193G   60G  134G  31% /
