{"drain":{"mode":"draining","reason":"safe production deploy","owner":"deploy:dvsu-simple-aircraft","changed_at":"2026-09-14 23:22:58.049232+00:00","draining":true},"active_work":{"background_tasks":0,"generation_claims":0,"total":0},"checked_at":"2026-09-14T23:22:58.292972+00:00"}
drain: enabled; waiting for active work to finish (timeout 7200s)
{"drain":{"mode":"draining","reason":"safe production deploy","owner":"deploy:dvsu-simple-aircraft","changed_at":"2026-09-14 23:22:58.049232+00:00","draining":true},"active_work":{"background_tasks":0,"generation_claims":0,"total":0},"checked_at":"2026-09-14T23:22:58.702243+00:00"}
{"drain":{"mode":"draining","reason":"safe production deploy","owner":"deploy:dvsu-simple-aircraft","changed_at":"2026-09-14 23:22:58.049232+00:00","draining":true},"active_work":{"background_tasks":0,"generation_claims":0,"total":0},"checked_at":"2026-09-14T23:23:03.734575+00:00"}
From https://github.com/vibecoder10/economy-fastforward
   c991e34eb..068801127  main       -> origin/main
Updating c991e34eb..068801127
Fast-forward
 storyengine/backend/static_docu.py                 | 30 +++++++++++++----
 .../tests/functional/test_static_docu_qa_park.py   | 26 +++++++++++++--
 .../functional/test_static_docu_view_chaining.py   | 38 +++++++---------------
 3 files changed, 58 insertions(+), 36 deletions(-)
code: c991e34eb -> 068801127
migrations_dir=/home/clawd/projects/economy-fastforward/storyengine/backend/migrations
total=168 applied=168 pending=0
migrations complete
schema: strict migrations complete
backend: active
backend health: verified (drain still enabled)
worker: active (pid 2966913)
worker code parity: commit=068801127 directory=/home/clawd/projects/economy-fastforward/storyengine/backend
DONE — deployed 068801127; automatic undrain follows (log: /home/clawd/deploys.log)
{"drain":{"mode":"normal","reason":"deploy command exited with status 0","owner":"deploy:dvsu-simple-aircraft","changed_at":"2026-09-14 23:23:22.747627+00:00","draining":false},"active_work":{"background_tasks":0,"generation_claims":0,"total":0},"checked_at":"2026-09-14T23:23:22.887418+00:00"}
-- post-deploy health --
== services ==
storyengine-backend: active
storyengine-frontend: active
== api ==
{"status":"healthy","service":"storyengine-api","database":true,"active_tasks":0,"active_work":{"background_tasks":0,"generation_claims":0,"total":0},"drain":{"mode":"normal","reason":"deploy command exited with status 0","owner":"deploy:dvsu-simple-aircraft","changed_at":"2026-09-14T23:23:22.747627+00:00","known":true,"draining":false},"storage":true,"queue":"arq","youtube_quota":{"date_pt":"2026-09-14","general":{"used":90,"limit":9000,"remaining":8910,"project_limit":10000,"configured_ceiling":9000},"video_uploads":{"used":0,"limit":100,"remaining":100},"search_calls":{"used":3,"limit":100,"remaining":97},"units_used":90,"ceiling":9000,"remaining":8910}}
== frontend ==
http 200
== deploy lock ==
no lock (clear to deploy)
== last deploy ==
2026-09-14T23:23:22Z dvsu-simple-aircraft deployed c991e34eb -> 068801127 
== disk ==
/dev/sda1       193G   60G  134G  31% /
