{"drain":{"mode":"draining","reason":"safe production deploy","owner":"deploy:dvsu-bomber-search-limit","changed_at":"2026-09-13 05:18:07.766622+00:00","draining":true},"active_work":{"background_tasks":0,"generation_claims":0,"total":0},"checked_at":"2026-09-13T05:18:07.964447+00:00"}
drain: enabled; waiting for active work to finish (timeout 7200s)
{"drain":{"mode":"draining","reason":"safe production deploy","owner":"deploy:dvsu-bomber-search-limit","changed_at":"2026-09-13 05:18:07.766622+00:00","draining":true},"active_work":{"background_tasks":0,"generation_claims":0,"total":0},"checked_at":"2026-09-13T05:18:08.299663+00:00"}
{"drain":{"mode":"draining","reason":"safe production deploy","owner":"deploy:dvsu-bomber-search-limit","changed_at":"2026-09-13 05:18:07.766622+00:00","draining":true},"active_work":{"background_tasks":0,"generation_claims":0,"total":0},"checked_at":"2026-09-13T05:18:13.330862+00:00"}
From https://github.com/vibecoder10/economy-fastforward
   1cd89d540..bb3c60acb  main       -> origin/main
Updating 1cd89d540..bb3c60acb
Fast-forward
 storyengine/backend/actions.py                     | 28 ++++++++++++----------
 storyengine/backend/error_utils.py                 |  8 +++++++
 storyengine/backend/pipeline_executor.py           |  9 ++++++-
 .../functional/test_factual_machine_research.py    | 19 +++++++++++++++
 .../functional/test_run_all_completion_errors.py   | 13 ++++++++++
 5 files changed, 63 insertions(+), 14 deletions(-)
code: 1cd89d540 -> bb3c60acb
migrations_dir=/home/clawd/projects/economy-fastforward/storyengine/backend/migrations
total=168 applied=168 pending=0
migrations complete
schema: strict migrations complete
backend: active
backend health: verified (drain still enabled)
worker: active (pid 2061241)
worker code parity: commit=bb3c60acb directory=/home/clawd/projects/economy-fastforward/storyengine/backend
DONE — deployed bb3c60acb; automatic undrain follows (log: /home/clawd/deploys.log)
{"drain":{"mode":"normal","reason":"deploy command exited with status 0","owner":"deploy:dvsu-bomber-search-limit","changed_at":"2026-09-13 05:18:32.217218+00:00","draining":false},"active_work":{"background_tasks":0,"generation_claims":0,"total":0},"checked_at":"2026-09-13T05:18:32.342581+00:00"}
-- post-deploy health --
== services ==
storyengine-backend: active
storyengine-frontend: active
== api ==
{"status":"healthy","service":"storyengine-api","database":true,"active_tasks":0,"active_work":{"background_tasks":0,"generation_claims":0,"total":0},"drain":{"mode":"normal","reason":"deploy command exited with status 0","owner":"deploy:dvsu-bomber-search-limit","changed_at":"2026-09-13T05:18:32.217218+00:00","known":true,"draining":false},"storage":true,"queue":"arq","youtube_quota":{"date_pt":"2026-09-12","general":{"used":839,"limit":9000,"remaining":8161,"project_limit":10000,"configured_ceiling":9000},"video_uploads":{"used":1,"limit":100,"remaining":99},"search_calls":{"used":26,"limit":100,"remaining":74},"units_used":839,"ceiling":9000,"remaining":8161}}
== frontend ==
http 200
== deploy lock ==
no lock (clear to deploy)
== last deploy ==
2026-09-13T05:18:31Z dvsu-bomber-search-limit deployed 1cd89d540 -> bb3c60acb 
== disk ==
/dev/sda1       193G   53G  141G  28% /
