{"drain":{"mode":"draining","reason":"safe production deploy","owner":"deploy:dvsu-final-factual-recovery","changed_at":"2026-09-13 00:11:55.452682+00:00","draining":true},"active_work":{"background_tasks":0,"generation_claims":0,"total":0},"checked_at":"2026-09-13T00:11:55.681062+00:00"}
drain: enabled; waiting for active work to finish (timeout 7200s)
{"drain":{"mode":"draining","reason":"safe production deploy","owner":"deploy:dvsu-final-factual-recovery","changed_at":"2026-09-13 00:11:55.452682+00:00","draining":true},"active_work":{"background_tasks":0,"generation_claims":0,"total":0},"checked_at":"2026-09-13T00:11:56.012032+00:00"}
{"drain":{"mode":"draining","reason":"safe production deploy","owner":"deploy:dvsu-final-factual-recovery","changed_at":"2026-09-13 00:11:55.452682+00:00","draining":true},"active_work":{"background_tasks":0,"generation_claims":0,"total":0},"checked_at":"2026-09-13T00:12:01.043346+00:00"}
Updating ae6ba68ea..d6124e8ab
Fast-forward
 storyengine/backend/error_utils.py                 |  21 ++
 storyengine/backend/factual_machine_summary.py     |  22 ++
 .../tests/functional/test_error_humanization.py    |  47 +++++
 .../backend/tests/test_factual_machine_summary.py  |  43 ++++
 .../production/ScriptVoiceTab.factual.test.ts      | 107 ++++++++++
 .../src/components/production/ScriptVoiceTab.tsx   | 228 ++++++++++++++++++---
 6 files changed, 440 insertions(+), 28 deletions(-)
 create mode 100644 storyengine/frontend/src/components/production/ScriptVoiceTab.factual.test.ts
code: ae6ba68ea -> d6124e8ab
migrations_dir=/home/clawd/projects/economy-fastforward/storyengine/backend/migrations
total=168 applied=168 pending=0
migrations complete
schema: strict migrations complete
backend: active
backend health: verified (drain still enabled)
worker: active (pid 1944775)
worker code parity: commit=d6124e8ab directory=/home/clawd/projects/economy-fastforward/storyengine/backend

> frontend@1.0.0 build
> next build --webpack

▲ Next.js 16.2.1 (webpack)
- Environments: .env.local

  Creating an optimized production build ...
✓ Compiled successfully in 28.8s
  Running TypeScript ...
  Finished TypeScript in 23.4s ...
  Collecting page data using 3 workers ...
  Generating static pages using 3 workers (0/34) ...
  Generating static pages using 3 workers (8/34) 
  Generating static pages using 3 workers (16/34) 
  Generating static pages using 3 workers (25/34) 
✓ Generating static pages using 3 workers (34/34) in 575ms
  Finalizing page optimization ...
  Collecting build traces ...

Route (app)
┌ ○ /
├ ○ /_not-found
├ ○ /activity
├ ○ /analytics
├ ○ /autopilot
├ ○ /billing
├ ○ /calendar
├ ○ /chat
├ ƒ /chat/[videoId]
├ ○ /dashboard
├ ○ /demo
├ ○ /discovery
├ ○ /docs
├ ○ /forgot-password
├ ○ /ideas
├ ○ /learnings
├ ○ /login
├ ○ /onboarding
├ ○ /pipeline
├ ƒ /pipeline/[videoId]
├ ○ /pricing
├ ○ /privacy
├ ○ /profile
├ ○ /render
├ ○ /reset-password
├ ○ /review
├ ƒ /scene-control/[videoId]
├ ○ /settings
├ ○ /settings/agent-access
├ ○ /settings/drive-callback
├ ○ /settings/keys
├ ○ /settings/youtube-callback
├ ○ /system-prompts
├ ○ /terms
├ ○ /verify-email
└ ○ /videos


○  (Static)   prerendered as static content
ƒ  (Dynamic)  server-rendered on demand

frontend: activating
frontend health: HTTP 200
DONE — deployed d6124e8ab; automatic undrain follows (log: /home/clawd/deploys.log)
{"drain":{"mode":"normal","reason":"deploy command exited with status 0","owner":"deploy:dvsu-final-factual-recovery","changed_at":"2026-09-13 00:13:40.096278+00:00","draining":false},"active_work":{"background_tasks":0,"generation_claims":0,"total":0},"checked_at":"2026-09-13T00:13:40.243684+00:00"}
-- post-deploy health --
== services ==
storyengine-backend: active
storyengine-frontend: active
== api ==
{"status":"healthy","service":"storyengine-api","database":true,"active_tasks":0,"active_work":{"background_tasks":0,"generation_claims":0,"total":0},"drain":{"mode":"normal","reason":"deploy command exited with status 0","owner":"deploy:dvsu-final-factual-recovery","changed_at":"2026-09-13T00:13:40.096278+00:00","known":true,"draining":false},"storage":true,"queue":"arq","youtube_quota":{"date_pt":"2026-09-12","general":{"used":579,"limit":9000,"remaining":8421,"project_limit":10000,"configured_ceiling":9000},"video_uploads":{"used":0,"limit":100,"remaining":100},"search_calls":{"used":19,"limit":100,"remaining":81},"units_used":579,"ceiling":9000,"remaining":8421}}
== frontend ==
http 200
== deploy lock ==
no lock (clear to deploy)
== last deploy ==
2026-09-13T00:13:39Z dvsu-final-factual-recovery deployed ae6ba68ea -> d6124e8ab --with-frontend
== disk ==
/dev/sda1       193G   53G  141G  28% /
