FF.                                                                      [100%]
=================================== FAILURES ===================================
_________ test_source_gather_stops_on_first_tavily_account_limit[432] __________

status = 432

    @pytest.mark.parametrize("status", [432, 433])
    def test_source_gather_stops_on_first_tavily_account_limit(status):
        import httpx
        from unittest.mock import AsyncMock
        from error_utils import humanize_error
        executor = object.__new__(pe.PipelineExecutor)
        executor.tenant_id = "tenant-1"
        response = httpx.Response(status, json={"detail": {"error": "Plan limit exceeded"}})
        with patch.object(pe, "get_secret", AsyncMock(return_value="test-key")), \
             patch.object(httpx.AsyncClient, "post", AsyncMock(return_value=response)) as post:
>           with pytest.raises(RuntimeError, match="Tavily.*credits") as raised:
E           Failed: DID NOT RAISE RuntimeError

backend/tests/functional/test_factual_machine_research.py:29: Failed
_________ test_source_gather_stops_on_first_tavily_account_limit[433] __________

status = 433

    @pytest.mark.parametrize("status", [432, 433])
    def test_source_gather_stops_on_first_tavily_account_limit(status):
        import httpx
        from unittest.mock import AsyncMock
        from error_utils import humanize_error
        executor = object.__new__(pe.PipelineExecutor)
        executor.tenant_id = "tenant-1"
        response = httpx.Response(status, json={"detail": {"error": "Plan limit exceeded"}})
        with patch.object(pe, "get_secret", AsyncMock(return_value="test-key")), \
             patch.object(httpx.AsyncClient, "post", AsyncMock(return_value=response)) as post:
>           with pytest.raises(RuntimeError, match="Tavily.*credits") as raised:
E           Failed: DID NOT RAISE RuntimeError

backend/tests/functional/test_factual_machine_research.py:29: Failed
=============================== warnings summary ===============================
backend/venv/lib/python3.11/site-packages/starlette/formparsers.py:12
  /Users/ryanayler/economy-fastforward/storyengine/backend/venv/lib/python3.11/site-packages/starlette/formparsers.py:12: PendingDeprecationWarning: Please use `import python_multipart` instead.
    import multipart

-- Docs: https://docs.pytest.org/en/stable/how-to/capture-warnings.html
=========================== short test summary info ============================
FAILED backend/tests/functional/test_factual_machine_research.py::test_source_gather_stops_on_first_tavily_account_limit[432]
FAILED backend/tests/functional/test_factual_machine_research.py::test_source_gather_stops_on_first_tavily_account_limit[433]
2 failed, 1 passed, 26 deselected, 1 warning in 0.38s
