{"drain":{"mode":"draining","reason":"safe production deploy","owner":"deploy:dvsu-missing-image-coverage","changed_at":"2026-09-15 14:16:52.319768+00:00","draining":true},"active_work":{"background_tasks":0,"generation_claims":0,"total":0},"checked_at":"2026-09-15T14:16:52.525591+00:00"}
drain: enabled; waiting for active work to finish (timeout 7200s)
{"drain":{"mode":"draining","reason":"safe production deploy","owner":"deploy:dvsu-missing-image-coverage","changed_at":"2026-09-15 14:16:52.319768+00:00","draining":true},"active_work":{"background_tasks":0,"generation_claims":0,"total":0},"checked_at":"2026-09-15T14:16:52.838257+00:00"}
{"drain":{"mode":"draining","reason":"safe production deploy","owner":"deploy:dvsu-missing-image-coverage","changed_at":"2026-09-15 14:16:52.319768+00:00","draining":true},"active_work":{"background_tasks":0,"generation_claims":0,"total":0},"checked_at":"2026-09-15T14:16:57.868281+00:00"}
From https://github.com/vibecoder10/economy-fastforward
   6ab3ff1ab..32bf0c966  main       -> origin/main
Updating 6ab3ff1ab..32bf0c966
Fast-forward
 storyengine/backend/actions.py                     |  36 +++++++++++++++++++--
 .../functional/test_static_image_review_resume.py  |  24 ++++++++++++++
 .../ryan-approved-camera-example.png               | Bin 0 -> 1338567 bytes
 3 files changed, 58 insertions(+), 2 deletions(-)
 create mode 100644 storyengine/tasks/dvsu-simple-aircraft-review/ryan-approved-camera-example.png
code: 6ab3ff1ab -> 32bf0c966
migrations_dir=/home/clawd/projects/economy-fastforward/storyengine/backend/migrations
total=168 applied=168 pending=0
migrations complete
schema: strict migrations complete
backend: active
backend health: verified (drain still enabled)
worker: active (pid 3224439)
worker code parity: commit=32bf0c966 directory=/home/clawd/projects/economy-fastforward/storyengine/backend
DONE — deployed 32bf0c966; automatic undrain follows (log: /home/clawd/deploys.log)
{"drain":{"mode":"normal","reason":"deploy command exited with status 0","owner":"deploy:dvsu-missing-image-coverage","changed_at":"2026-09-15 14:17:19.609849+00:00","draining":false},"active_work":{"background_tasks":0,"generation_claims":0,"total":0},"checked_at":"2026-09-15T14:17:19.734426+00:00"}
-- post-deploy health --
== services ==
storyengine-backend: active
storyengine-frontend: active
== api ==
{"status":"healthy","service":"storyengine-api","database":true,"active_tasks":0,"active_work":{"background_tasks":0,"generation_claims":0,"total":0},"drain":{"mode":"normal","reason":"deploy command exited with status 0","owner":"deploy:dvsu-missing-image-coverage","changed_at":"2026-09-15T14:17:19.609849+00:00","known":true,"draining":false},"storage":true,"queue":"arq","youtube_quota":{"date_pt":"2026-09-15","general":{"used":0,"limit":9000,"remaining":9000,"project_limit":10000,"configured_ceiling":9000},"video_uploads":{"used":0,"limit":100,"remaining":100},"search_calls":{"used":0,"limit":100,"remaining":100},"units_used":0,"ceiling":9000,"remaining":9000}}
== frontend ==
http 200
== deploy lock ==
no lock (clear to deploy)
== last deploy ==
2026-09-15T14:17:19Z dvsu-missing-image-coverage deployed 6ab3ff1ab -> 32bf0c966 
== disk ==
/dev/sda1       193G   60G  134G  31% /
