{"drain":{"mode":"draining","reason":"safe production deploy","owner":"deploy:dvsu-ship-configuration","changed_at":"2026-09-13 00:39:49.491827+00:00","draining":true},"active_work":{"background_tasks":0,"generation_claims":0,"total":0},"checked_at":"2026-09-13T00:39:49.628317+00:00"}
drain: enabled; waiting for active work to finish (timeout 7200s)
{"drain":{"mode":"draining","reason":"safe production deploy","owner":"deploy:dvsu-ship-configuration","changed_at":"2026-09-13 00:39:49.491827+00:00","draining":true},"active_work":{"background_tasks":0,"generation_claims":0,"total":0},"checked_at":"2026-09-13T00:39:49.939949+00:00"}
{"drain":{"mode":"draining","reason":"safe production deploy","owner":"deploy:dvsu-ship-configuration","changed_at":"2026-09-13 00:39:49.491827+00:00","draining":true},"active_work":{"background_tasks":0,"generation_claims":0,"total":0},"checked_at":"2026-09-13T00:39:54.967966+00:00"}
From https://github.com/vibecoder10/economy-fastforward
   d6124e8ab..6c970dbac  main       -> origin/main
Updating d6124e8ab..6c970dbac
Fast-forward
 storyengine/backend/actions.py                     |  30 +++
 storyengine/backend/factual_image_subjects.py      |  98 ++++++++++
 storyengine/backend/pipeline_executor.py           |  27 ++-
 storyengine/backend/static_docu.py                 | 201 +++++++++++++++++----
 storyengine/backend/static_image_review.py         |  38 ++++
 .../functional/test_static_docu_c2h_render_qa.py   |  52 +++++-
 ...test_static_docu_metadata_bounce_placeholder.py |   2 +-
 .../tests/functional/test_static_docu_qa_park.py   |  56 +++++-
 .../functional/test_static_image_review_resume.py  | 152 ++++++++++++++++
 .../backend/tests/test_factual_image_subjects.py   |  67 +++++++
 .../backend/tests/test_machine_documentary_hold.py |  28 ++-
 11 files changed, 697 insertions(+), 54 deletions(-)
 create mode 100644 storyengine/backend/factual_image_subjects.py
 create mode 100644 storyengine/backend/static_image_review.py
 create mode 100644 storyengine/backend/tests/functional/test_static_image_review_resume.py
 create mode 100644 storyengine/backend/tests/test_factual_image_subjects.py
code: d6124e8ab -> 6c970dbac
migrations_dir=/home/clawd/projects/economy-fastforward/storyengine/backend/migrations
total=168 applied=168 pending=0
migrations complete
schema: strict migrations complete
backend: active
backend health: verified (drain still enabled)
worker: active (pid 1956130)
worker code parity: commit=6c970dbac directory=/home/clawd/projects/economy-fastforward/storyengine/backend
DONE — deployed 6c970dbac; automatic undrain follows (log: /home/clawd/deploys.log)
{"drain":{"mode":"normal","reason":"deploy command exited with status 0","owner":"deploy:dvsu-ship-configuration","changed_at":"2026-09-13 00:40:14.203431+00:00","draining":false},"active_work":{"background_tasks":0,"generation_claims":0,"total":0},"checked_at":"2026-09-13T00:40:14.347769+00:00"}
-- post-deploy health --
== services ==
storyengine-backend: active
storyengine-frontend: active
== api ==
{"status":"healthy","service":"storyengine-api","database":true,"active_tasks":0,"active_work":{"background_tasks":0,"generation_claims":0,"total":0},"drain":{"mode":"normal","reason":"deploy command exited with status 0","owner":"deploy:dvsu-ship-configuration","changed_at":"2026-09-13T00:40:14.203431+00:00","known":true,"draining":false},"storage":true,"queue":"arq","youtube_quota":{"date_pt":"2026-09-12","general":{"used":609,"limit":9000,"remaining":8391,"project_limit":10000,"configured_ceiling":9000},"video_uploads":{"used":0,"limit":100,"remaining":100},"search_calls":{"used":20,"limit":100,"remaining":80},"units_used":609,"ceiling":9000,"remaining":8391}}
== frontend ==
http 200
== deploy lock ==
no lock (clear to deploy)
== last deploy ==
2026-09-13T00:40:13Z dvsu-ship-configuration deployed d6124e8ab -> 6c970dbac 
== disk ==
/dev/sda1       193G   53G  141G  28% /
