Sep 14 22:51:53 srv1318038 python3[2952041]: [Scrape] Done: 10 saved (0 new, 10 updated), 0 with transcripts
Sep 14 22:51:53 srv1318038 python3[2952041]: {"timestamp": "2026-09-14T22:51:53.494291+00:00", "level": "INFO", "message": "[AutoScrape] Tenant 094f0be2: daily scrape complete (10 per channel)", "module": "main"}
Sep 14 22:52:05 srv1318038 python3[2952041]:       🎨 Generating thumbnail (gpt-image-2)...
Sep 14 22:52:06 srv1318038 python3[2952041]: {"timestamp": "2026-09-14T22:52:06.294042+00:00", "level": "INFO", "message": "file_cache is only supported with oauth2client<4.0.0", "module": "__init__"}
Sep 14 22:52:07 srv1318038 python3[2952041]: {"timestamp": "2026-09-14T22:52:07.010716+00:00", "level": "INFO", "message": "GET /api/media/drive/1Q2iSpeLe0qC2zKq3mHhH1k-kSqgW2I9W.png \u2192 200 (840ms)", "module": "logging_config", "duration_ms": 839.5}
Sep 14 22:52:10 srv1318038 python3[2952041]:       DEBUG: State: generating | Status: None
Sep 14 22:52:15 srv1318038 python3[2952041]: {"timestamp": "2026-09-14T22:52:15.462820+00:00", "level": "INFO", "message": "GET /api/pipeline/task/658e11e0-1f24-457e-95ef-3c8a0bd00f45 \u2192 200 (67ms)", "module": "logging_config", "tenant_id": "ee93e6d1", "duration_ms": 67.2}
Sep 14 22:52:15 srv1318038 python3[2952041]:       DEBUG: State: generating | Status: None
Sep 14 22:52:21 srv1318038 python3[2952041]:       DEBUG: State: generating | Status: None
Sep 14 22:52:26 srv1318038 python3[2952041]:       DEBUG: State: generating | Status: None
Sep 14 22:52:31 srv1318038 python3[2952041]:       DEBUG: State: generating | Status: None
Sep 14 22:52:36 srv1318038 python3[2952041]:       DEBUG: State: generating | Status: None
Sep 14 22:52:41 srv1318038 python3[2952041]:       DEBUG: State: generating | Status: None
Sep 14 22:52:46 srv1318038 python3[2952041]:       DEBUG: State: generating | Status: None
Sep 14 22:52:51 srv1318038 python3[2952041]:       DEBUG: State: generating | Status: None
Sep 14 22:52:57 srv1318038 python3[2952041]:       DEBUG: State: generating | Status: None
Sep 14 22:53:02 srv1318038 python3[2952041]:       DEBUG: State: generating | Status: None
Sep 14 22:53:05 srv1318038 python3[2952041]: {"timestamp": "2026-09-14T22:53:05.887983+00:00", "level": "INFO", "message": "GET /api/pipeline/task/658e11e0-1f24-457e-95ef-3c8a0bd00f45 \u2192 200 (100ms)", "module": "logging_config", "tenant_id": "ee93e6d1", "duration_ms": 99.9}
Sep 14 22:53:06 srv1318038 python3[2952041]: {"timestamp": "2026-09-14T22:53:06.435819+00:00", "level": "INFO", "message": "GET /api/videos/658e11e0-1f24-457e-95ef-3c8a0bd00f45 \u2192 200 (543ms)", "module": "logging_config", "tenant_id": "ee93e6d1", "duration_ms": 542.8}
Sep 14 22:53:07 srv1318038 python3[2952041]:       DEBUG: State: success | Status: None
Sep 14 22:53:12 srv1318038 python3[2952041]:       🎨 Generating thumbnail (gpt-image-2)...
Sep 14 22:53:13 srv1318038 python3[2952041]: {"timestamp": "2026-09-14T22:53:13.519383+00:00", "level": "INFO", "message": "GET /api/media/drive/1Q2iSpeLe0qC2zKq3mHhH1k-kSqgW2I9W.png \u2192 200 (556ms)", "module": "logging_config", "duration_ms": 556.5}
Sep 14 22:53:15 srv1318038 python3[2952041]: {"timestamp": "2026-09-14T22:53:15.467156+00:00", "level": "INFO", "message": "GET /api/pipeline/task/658e11e0-1f24-457e-95ef-3c8a0bd00f45 \u2192 200 (56ms)", "module": "logging_config", "tenant_id": "ee93e6d1", "duration_ms": 56.3}
Sep 14 22:53:17 srv1318038 python3[2952041]:       DEBUG: State: generating | Status: None
Sep 14 22:53:22 srv1318038 python3[2952041]:       DEBUG: State: generating | Status: None
Sep 14 22:53:27 srv1318038 python3[2952041]:       DEBUG: State: generating | Status: None
Sep 14 22:53:32 srv1318038 python3[2952041]:       DEBUG: State: generating | Status: None
Sep 14 22:53:38 srv1318038 python3[2952041]:       DEBUG: State: generating | Status: None
Sep 14 22:53:43 srv1318038 python3[2952041]:       DEBUG: State: generating | Status: None
Sep 14 22:53:48 srv1318038 python3[2952041]:       DEBUG: State: generating | Status: None
Sep 14 22:53:53 srv1318038 python3[2952041]:       DEBUG: State: generating | Status: None
Sep 14 22:53:58 srv1318038 python3[2952041]:       DEBUG: State: generating | Status: None
Sep 14 22:54:03 srv1318038 python3[2952041]:       DEBUG: State: generating | Status: None
Sep 14 22:54:08 srv1318038 python3[2952041]:       DEBUG: State: generating | Status: None
Sep 14 22:54:14 srv1318038 python3[2952041]:       DEBUG: State: generating | Status: None
Sep 14 22:54:15 srv1318038 python3[2952041]: {"timestamp": "2026-09-14T22:54:15.536855+00:00", "level": "INFO", "message": "GET /api/pipeline/task/658e11e0-1f24-457e-95ef-3c8a0bd00f45 \u2192 200 (117ms)", "module": "logging_config", "tenant_id": "ee93e6d1", "duration_ms": 117.1}
Sep 14 22:54:19 srv1318038 python3[2952041]:       DEBUG: State: success | Status: None
Sep 14 22:54:33 srv1318038 python3[2952041]:       🎨 Generating thumbnail (gpt-image-2)...
Sep 14 22:54:34 srv1318038 python3[2952041]: {"timestamp": "2026-09-14T22:54:34.329850+00:00", "level": "INFO", "message": "GET /api/media/drive/1Q2iSpeLe0qC2zKq3mHhH1k-kSqgW2I9W.png \u2192 200 (511ms)", "module": "logging_config", "duration_ms": 511.4}
Sep 14 22:54:38 srv1318038 python3[2952041]:       DEBUG: State: generating | Status: None
Sep 14 22:54:43 srv1318038 python3[2952041]:       DEBUG: State: generating | Status: None
Sep 14 22:54:48 srv1318038 python3[2952041]:       DEBUG: State: generating | Status: None
Sep 14 22:54:53 srv1318038 python3[2952041]:       DEBUG: State: generating | Status: None
Sep 14 22:54:58 srv1318038 python3[2952041]:       DEBUG: State: generating | Status: None
Sep 14 22:55:04 srv1318038 python3[2952041]:       DEBUG: State: generating | Status: None
