{"drain":{"mode":"draining","reason":"safe production deploy","owner":"deploy:dvsu-barling-wing-geometry","changed_at":"2026-09-14 22:48:19.930376+00:00","draining":true},"active_work":{"background_tasks":1,"generation_claims":1,"total":2},"checked_at":"2026-09-14T22:48:20.063586+00:00"}
drain: enabled; waiting for active work to finish (timeout 7200s)
{"drain":{"mode":"draining","reason":"safe production deploy","owner":"deploy:dvsu-barling-wing-geometry","changed_at":"2026-09-14 22:48:19.930376+00:00","draining":true},"active_work":{"background_tasks":1,"generation_claims":1,"total":2},"checked_at":"2026-09-14T22:48:20.397579+00:00"}
{"drain":{"mode":"draining","reason":"safe production deploy","owner":"deploy:dvsu-barling-wing-geometry","changed_at":"2026-09-14 22:48:19.930376+00:00","draining":true},"active_work":{"background_tasks":1,"generation_claims":1,"total":2},"checked_at":"2026-09-14T22:48:25.428591+00:00"}
{"drain":{"mode":"draining","reason":"safe production deploy","owner":"deploy:dvsu-barling-wing-geometry","changed_at":"2026-09-14 22:48:19.930376+00:00","draining":true},"active_work":{"background_tasks":1,"generation_claims":1,"total":2},"checked_at":"2026-09-14T22:48:30.459589+00:00"}
{"drain":{"mode":"draining","reason":"safe production deploy","owner":"deploy:dvsu-barling-wing-geometry","changed_at":"2026-09-14 22:48:19.930376+00:00","draining":true},"active_work":{"background_tasks":1,"generation_claims":1,"total":2},"checked_at":"2026-09-14T22:48:35.490781+00:00"}
{"drain":{"mode":"draining","reason":"safe production deploy","owner":"deploy:dvsu-barling-wing-geometry","changed_at":"2026-09-14 22:48:19.930376+00:00","draining":true},"active_work":{"background_tasks":1,"generation_claims":1,"total":2},"checked_at":"2026-09-14T22:48:40.521844+00:00"}
{"drain":{"mode":"draining","reason":"safe production deploy","owner":"deploy:dvsu-barling-wing-geometry","changed_at":"2026-09-14 22:48:19.930376+00:00","draining":true},"active_work":{"background_tasks":1,"generation_claims":1,"total":2},"checked_at":"2026-09-14T22:48:45.554269+00:00"}
{"drain":{"mode":"draining","reason":"safe production deploy","owner":"deploy:dvsu-barling-wing-geometry","changed_at":"2026-09-14 22:48:19.930376+00:00","draining":true},"active_work":{"background_tasks":1,"generation_claims":1,"total":2},"checked_at":"2026-09-14T22:48:50.587115+00:00"}
{"drain":{"mode":"draining","reason":"safe production deploy","owner":"deploy:dvsu-barling-wing-geometry","changed_at":"2026-09-14 22:48:19.930376+00:00","draining":true},"active_work":{"background_tasks":1,"generation_claims":1,"total":2},"checked_at":"2026-09-14T22:48:55.618960+00:00"}
{"drain":{"mode":"draining","reason":"safe production deploy","owner":"deploy:dvsu-barling-wing-geometry","changed_at":"2026-09-14 22:48:19.930376+00:00","draining":true},"active_work":{"background_tasks":1,"generation_claims":1,"total":2},"checked_at":"2026-09-14T22:49:00.659202+00:00"}
{"drain":{"mode":"draining","reason":"safe production deploy","owner":"deploy:dvsu-barling-wing-geometry","changed_at":"2026-09-14 22:48:19.930376+00:00","draining":true},"active_work":{"background_tasks":1,"generation_claims":1,"total":2},"checked_at":"2026-09-14T22:49:05.688636+00:00"}
{"drain":{"mode":"draining","reason":"safe production deploy","owner":"deploy:dvsu-barling-wing-geometry","changed_at":"2026-09-14 22:48:19.930376+00:00","draining":true},"active_work":{"background_tasks":1,"generation_claims":1,"total":2},"checked_at":"2026-09-14T22:49:10.721627+00:00"}
{"drain":{"mode":"draining","reason":"safe production deploy","owner":"deploy:dvsu-barling-wing-geometry","changed_at":"2026-09-14 22:48:19.930376+00:00","draining":true},"active_work":{"background_tasks":1,"generation_claims":1,"total":2},"checked_at":"2026-09-14T22:49:15.755019+00:00"}
{"drain":{"mode":"draining","reason":"safe production deploy","owner":"deploy:dvsu-barling-wing-geometry","changed_at":"2026-09-14 22:48:19.930376+00:00","draining":true},"active_work":{"background_tasks":1,"generation_claims":1,"total":2},"checked_at":"2026-09-14T22:49:20.787074+00:00"}
{"drain":{"mode":"draining","reason":"safe production deploy","owner":"deploy:dvsu-barling-wing-geometry","changed_at":"2026-09-14 22:48:19.930376+00:00","draining":true},"active_work":{"background_tasks":1,"generation_claims":1,"total":2},"checked_at":"2026-09-14T22:49:25.819081+00:00"}
{"drain":{"mode":"draining","reason":"safe production deploy","owner":"deploy:dvsu-barling-wing-geometry","changed_at":"2026-09-14 22:48:19.930376+00:00","draining":true},"active_work":{"background_tasks":0,"generation_claims":0,"total":0},"checked_at":"2026-09-14T22:49:30.852533+00:00"}
{"drain":{"mode":"draining","reason":"safe production deploy","owner":"deploy:dvsu-barling-wing-geometry","changed_at":"2026-09-14 22:48:19.930376+00:00","draining":true},"active_work":{"background_tasks":0,"generation_claims":0,"total":0},"checked_at":"2026-09-14T22:49:35.884176+00:00"}
From https://github.com/vibecoder10/economy-fastforward
   1a9636b46..c5bf4f70c  main       -> origin/main
Updating 1a9636b46..c5bf4f70c
Fast-forward
 storyengine/backend/static_docu.py                 |  3 ++-
 storyengine/backend/static_image_review.py         | 24 +++++++++++++++++++++-
 .../functional/test_barling_image_geometry.py      | 21 +++++++++++++++++++
 3 files changed, 46 insertions(+), 2 deletions(-)
 create mode 100644 storyengine/backend/tests/functional/test_barling_image_geometry.py
code: 1a9636b46 -> c5bf4f70c
migrations_dir=/home/clawd/projects/economy-fastforward/storyengine/backend/migrations
total=168 applied=168 pending=0
migrations complete
schema: strict migrations complete
backend: active
backend health: verified (drain still enabled)
worker: active (pid 2952170)
worker code parity: commit=c5bf4f70c directory=/home/clawd/projects/economy-fastforward/storyengine/backend
DONE — deployed c5bf4f70c; automatic undrain follows (log: /home/clawd/deploys.log)
{"drain":{"mode":"normal","reason":"deploy command exited with status 0","owner":"deploy:dvsu-barling-wing-geometry","changed_at":"2026-09-14 22:49:54.862486+00:00","draining":false},"active_work":{"background_tasks":0,"generation_claims":0,"total":0},"checked_at":"2026-09-14T22:49:54.997669+00:00"}
-- post-deploy health --
== services ==
storyengine-backend: active
storyengine-frontend: active
== api ==
{"status":"healthy","service":"storyengine-api","database":true,"active_tasks":0,"active_work":{"background_tasks":0,"generation_claims":0,"total":0},"drain":{"mode":"normal","reason":"deploy command exited with status 0","owner":"deploy:dvsu-barling-wing-geometry","changed_at":"2026-09-14T22:49:54.862486+00:00","known":true,"draining":false},"storage":true,"queue":"arq","youtube_quota":{"date_pt":"2026-09-14","general":{"used":30,"limit":9000,"remaining":8970,"project_limit":10000,"configured_ceiling":9000},"video_uploads":{"used":0,"limit":100,"remaining":100},"search_calls":{"used":1,"limit":100,"remaining":99},"units_used":30,"ceiling":9000,"remaining":8970}}
== frontend ==
http 200
== deploy lock ==
no lock (clear to deploy)
== last deploy ==
2026-09-14T22:49:54Z dvsu-barling-wing-geometry deployed 1a9636b46 -> c5bf4f70c 
== disk ==
/dev/sda1       193G   59G  134G  31% /
