{"drain":{"mode":"draining","reason":"safe production deploy","owner":"deploy:dvsu-bomber-aircraft-identity","changed_at":"2026-09-13 05:01:25.269835+00:00","draining":true},"active_work":{"background_tasks":0,"generation_claims":1,"total":1},"checked_at":"2026-09-13T05:01:25.396259+00:00"}
drain: enabled; waiting for active work to finish (timeout 7200s)
{"drain":{"mode":"draining","reason":"safe production deploy","owner":"deploy:dvsu-bomber-aircraft-identity","changed_at":"2026-09-13 05:01:25.269835+00:00","draining":true},"active_work":{"background_tasks":0,"generation_claims":1,"total":1},"checked_at":"2026-09-13T05:01:25.743191+00:00"}
{"drain":{"mode":"draining","reason":"safe production deploy","owner":"deploy:dvsu-bomber-aircraft-identity","changed_at":"2026-09-13 05:01:25.269835+00:00","draining":true},"active_work":{"background_tasks":0,"generation_claims":1,"total":1},"checked_at":"2026-09-13T05:01:30.776096+00:00"}
{"drain":{"mode":"draining","reason":"safe production deploy","owner":"deploy:dvsu-bomber-aircraft-identity","changed_at":"2026-09-13 05:01:25.269835+00:00","draining":true},"active_work":{"background_tasks":0,"generation_claims":1,"total":1},"checked_at":"2026-09-13T05:01:35.809472+00:00"}
{"drain":{"mode":"draining","reason":"safe production deploy","owner":"deploy:dvsu-bomber-aircraft-identity","changed_at":"2026-09-13 05:01:25.269835+00:00","draining":true},"active_work":{"background_tasks":0,"generation_claims":1,"total":1},"checked_at":"2026-09-13T05:01:40.841501+00:00"}
{"drain":{"mode":"draining","reason":"safe production deploy","owner":"deploy:dvsu-bomber-aircraft-identity","changed_at":"2026-09-13 05:01:25.269835+00:00","draining":true},"active_work":{"background_tasks":0,"generation_claims":1,"total":1},"checked_at":"2026-09-13T05:01:45.876077+00:00"}
{"drain":{"mode":"draining","reason":"safe production deploy","owner":"deploy:dvsu-bomber-aircraft-identity","changed_at":"2026-09-13 05:01:25.269835+00:00","draining":true},"active_work":{"background_tasks":0,"generation_claims":1,"total":1},"checked_at":"2026-09-13T05:01:50.911422+00:00"}
{"drain":{"mode":"draining","reason":"safe production deploy","owner":"deploy:dvsu-bomber-aircraft-identity","changed_at":"2026-09-13 05:01:25.269835+00:00","draining":true},"active_work":{"background_tasks":0,"generation_claims":1,"total":1},"checked_at":"2026-09-13T05:01:55.944280+00:00"}
{"drain":{"mode":"draining","reason":"safe production deploy","owner":"deploy:dvsu-bomber-aircraft-identity","changed_at":"2026-09-13 05:01:25.269835+00:00","draining":true},"active_work":{"background_tasks":0,"generation_claims":1,"total":1},"checked_at":"2026-09-13T05:02:00.994644+00:00"}
{"drain":{"mode":"draining","reason":"safe production deploy","owner":"deploy:dvsu-bomber-aircraft-identity","changed_at":"2026-09-13 05:01:25.269835+00:00","draining":true},"active_work":{"background_tasks":0,"generation_claims":1,"total":1},"checked_at":"2026-09-13T05:02:06.032215+00:00"}
{"drain":{"mode":"draining","reason":"safe production deploy","owner":"deploy:dvsu-bomber-aircraft-identity","changed_at":"2026-09-13 05:01:25.269835+00:00","draining":true},"active_work":{"background_tasks":0,"generation_claims":1,"total":1},"checked_at":"2026-09-13T05:02:11.064959+00:00"}
{"drain":{"mode":"draining","reason":"safe production deploy","owner":"deploy:dvsu-bomber-aircraft-identity","changed_at":"2026-09-13 05:01:25.269835+00:00","draining":true},"active_work":{"background_tasks":0,"generation_claims":1,"total":1},"checked_at":"2026-09-13T05:02:16.097190+00:00"}
{"drain":{"mode":"draining","reason":"safe production deploy","owner":"deploy:dvsu-bomber-aircraft-identity","changed_at":"2026-09-13 05:01:25.269835+00:00","draining":true},"active_work":{"background_tasks":0,"generation_claims":1,"total":1},"checked_at":"2026-09-13T05:02:21.125495+00:00"}
{"drain":{"mode":"draining","reason":"safe production deploy","owner":"deploy:dvsu-bomber-aircraft-identity","changed_at":"2026-09-13 05:01:25.269835+00:00","draining":true},"active_work":{"background_tasks":0,"generation_claims":1,"total":1},"checked_at":"2026-09-13T05:02:26.159029+00:00"}
{"drain":{"mode":"draining","reason":"safe production deploy","owner":"deploy:dvsu-bomber-aircraft-identity","changed_at":"2026-09-13 05:01:25.269835+00:00","draining":true},"active_work":{"background_tasks":0,"generation_claims":1,"total":1},"checked_at":"2026-09-13T05:02:31.191924+00:00"}
{"drain":{"mode":"draining","reason":"safe production deploy","owner":"deploy:dvsu-bomber-aircraft-identity","changed_at":"2026-09-13 05:01:25.269835+00:00","draining":true},"active_work":{"background_tasks":0,"generation_claims":1,"total":1},"checked_at":"2026-09-13T05:02:36.224720+00:00"}
{"drain":{"mode":"draining","reason":"safe production deploy","owner":"deploy:dvsu-bomber-aircraft-identity","changed_at":"2026-09-13 05:01:25.269835+00:00","draining":true},"active_work":{"background_tasks":0,"generation_claims":1,"total":1},"checked_at":"2026-09-13T05:02:41.257348+00:00"}
{"drain":{"mode":"draining","reason":"safe production deploy","owner":"deploy:dvsu-bomber-aircraft-identity","changed_at":"2026-09-13 05:01:25.269835+00:00","draining":true},"active_work":{"background_tasks":0,"generation_claims":1,"total":1},"checked_at":"2026-09-13T05:02:46.289331+00:00"}
{"drain":{"mode":"draining","reason":"safe production deploy","owner":"deploy:dvsu-bomber-aircraft-identity","changed_at":"2026-09-13 05:01:25.269835+00:00","draining":true},"active_work":{"background_tasks":0,"generation_claims":1,"total":1},"checked_at":"2026-09-13T05:02:51.322274+00:00"}
{"drain":{"mode":"draining","reason":"safe production deploy","owner":"deploy:dvsu-bomber-aircraft-identity","changed_at":"2026-09-13 05:01:25.269835+00:00","draining":true},"active_work":{"background_tasks":0,"generation_claims":1,"total":1},"checked_at":"2026-09-13T05:02:56.354528+00:00"}
{"drain":{"mode":"draining","reason":"safe production deploy","owner":"deploy:dvsu-bomber-aircraft-identity","changed_at":"2026-09-13 05:01:25.269835+00:00","draining":true},"active_work":{"background_tasks":0,"generation_claims":1,"total":1},"checked_at":"2026-09-13T05:03:01.391443+00:00"}
{"drain":{"mode":"draining","reason":"safe production deploy","owner":"deploy:dvsu-bomber-aircraft-identity","changed_at":"2026-09-13 05:01:25.269835+00:00","draining":true},"active_work":{"background_tasks":0,"generation_claims":1,"total":1},"checked_at":"2026-09-13T05:03:06.422322+00:00"}
{"drain":{"mode":"draining","reason":"safe production deploy","owner":"deploy:dvsu-bomber-aircraft-identity","changed_at":"2026-09-13 05:01:25.269835+00:00","draining":true},"active_work":{"background_tasks":0,"generation_claims":1,"total":1},"checked_at":"2026-09-13T05:03:11.456297+00:00"}
{"drain":{"mode":"draining","reason":"safe production deploy","owner":"deploy:dvsu-bomber-aircraft-identity","changed_at":"2026-09-13 05:01:25.269835+00:00","draining":true},"active_work":{"background_tasks":0,"generation_claims":1,"total":1},"checked_at":"2026-09-13T05:03:16.488039+00:00"}
{"drain":{"mode":"draining","reason":"safe production deploy","owner":"deploy:dvsu-bomber-aircraft-identity","changed_at":"2026-09-13 05:01:25.269835+00:00","draining":true},"active_work":{"background_tasks":0,"generation_claims":1,"total":1},"checked_at":"2026-09-13T05:03:21.520237+00:00"}
{"drain":{"mode":"draining","reason":"safe production deploy","owner":"deploy:dvsu-bomber-aircraft-identity","changed_at":"2026-09-13 05:01:25.269835+00:00","draining":true},"active_work":{"background_tasks":0,"generation_claims":1,"total":1},"checked_at":"2026-09-13T05:03:26.552496+00:00"}
{"drain":{"mode":"draining","reason":"safe production deploy","owner":"deploy:dvsu-bomber-aircraft-identity","changed_at":"2026-09-13 05:01:25.269835+00:00","draining":true},"active_work":{"background_tasks":0,"generation_claims":1,"total":1},"checked_at":"2026-09-13T05:03:31.584305+00:00"}
{"drain":{"mode":"draining","reason":"safe production deploy","owner":"deploy:dvsu-bomber-aircraft-identity","changed_at":"2026-09-13 05:01:25.269835+00:00","draining":true},"active_work":{"background_tasks":0,"generation_claims":1,"total":1},"checked_at":"2026-09-13T05:03:36.616655+00:00"}
{"drain":{"mode":"draining","reason":"safe production deploy","owner":"deploy:dvsu-bomber-aircraft-identity","changed_at":"2026-09-13 05:01:25.269835+00:00","draining":true},"active_work":{"background_tasks":0,"generation_claims":1,"total":1},"checked_at":"2026-09-13T05:03:41.650191+00:00"}
{"drain":{"mode":"draining","reason":"safe production deploy","owner":"deploy:dvsu-bomber-aircraft-identity","changed_at":"2026-09-13 05:01:25.269835+00:00","draining":true},"active_work":{"background_tasks":0,"generation_claims":1,"total":1},"checked_at":"2026-09-13T05:03:46.682604+00:00"}
{"drain":{"mode":"draining","reason":"safe production deploy","owner":"deploy:dvsu-bomber-aircraft-identity","changed_at":"2026-09-13 05:01:25.269835+00:00","draining":true},"active_work":{"background_tasks":0,"generation_claims":1,"total":1},"checked_at":"2026-09-13T05:03:51.715564+00:00"}
{"drain":{"mode":"draining","reason":"safe production deploy","owner":"deploy:dvsu-bomber-aircraft-identity","changed_at":"2026-09-13 05:01:25.269835+00:00","draining":true},"active_work":{"background_tasks":0,"generation_claims":1,"total":1},"checked_at":"2026-09-13T05:03:56.748248+00:00"}
{"drain":{"mode":"draining","reason":"safe production deploy","owner":"deploy:dvsu-bomber-aircraft-identity","changed_at":"2026-09-13 05:01:25.269835+00:00","draining":true},"active_work":{"background_tasks":0,"generation_claims":1,"total":1},"checked_at":"2026-09-13T05:04:01.788782+00:00"}
{"drain":{"mode":"draining","reason":"safe production deploy","owner":"deploy:dvsu-bomber-aircraft-identity","changed_at":"2026-09-13 05:01:25.269835+00:00","draining":true},"active_work":{"background_tasks":0,"generation_claims":1,"total":1},"checked_at":"2026-09-13T05:04:06.822019+00:00"}
{"drain":{"mode":"draining","reason":"safe production deploy","owner":"deploy:dvsu-bomber-aircraft-identity","changed_at":"2026-09-13 05:01:25.269835+00:00","draining":true},"active_work":{"background_tasks":0,"generation_claims":1,"total":1},"checked_at":"2026-09-13T05:04:11.855317+00:00"}
{"drain":{"mode":"draining","reason":"safe production deploy","owner":"deploy:dvsu-bomber-aircraft-identity","changed_at":"2026-09-13 05:01:25.269835+00:00","draining":true},"active_work":{"background_tasks":0,"generation_claims":1,"total":1},"checked_at":"2026-09-13T05:04:16.888034+00:00"}
{"drain":{"mode":"draining","reason":"safe production deploy","owner":"deploy:dvsu-bomber-aircraft-identity","changed_at":"2026-09-13 05:01:25.269835+00:00","draining":true},"active_work":{"background_tasks":0,"generation_claims":1,"total":1},"checked_at":"2026-09-13T05:04:21.920264+00:00"}
{"drain":{"mode":"draining","reason":"safe production deploy","owner":"deploy:dvsu-bomber-aircraft-identity","changed_at":"2026-09-13 05:01:25.269835+00:00","draining":true},"active_work":{"background_tasks":0,"generation_claims":1,"total":1},"checked_at":"2026-09-13T05:04:26.952998+00:00"}
{"drain":{"mode":"draining","reason":"safe production deploy","owner":"deploy:dvsu-bomber-aircraft-identity","changed_at":"2026-09-13 05:01:25.269835+00:00","draining":true},"active_work":{"background_tasks":0,"generation_claims":1,"total":1},"checked_at":"2026-09-13T05:04:31.985577+00:00"}
{"drain":{"mode":"draining","reason":"safe production deploy","owner":"deploy:dvsu-bomber-aircraft-identity","changed_at":"2026-09-13 05:01:25.269835+00:00","draining":true},"active_work":{"background_tasks":0,"generation_claims":1,"total":1},"checked_at":"2026-09-13T05:04:37.019296+00:00"}
{"drain":{"mode":"draining","reason":"safe production deploy","owner":"deploy:dvsu-bomber-aircraft-identity","changed_at":"2026-09-13 05:01:25.269835+00:00","draining":true},"active_work":{"background_tasks":0,"generation_claims":1,"total":1},"checked_at":"2026-09-13T05:04:42.052489+00:00"}
{"drain":{"mode":"draining","reason":"safe production deploy","owner":"deploy:dvsu-bomber-aircraft-identity","changed_at":"2026-09-13 05:01:25.269835+00:00","draining":true},"active_work":{"background_tasks":0,"generation_claims":1,"total":1},"checked_at":"2026-09-13T05:04:47.085350+00:00"}
{"drain":{"mode":"draining","reason":"safe production deploy","owner":"deploy:dvsu-bomber-aircraft-identity","changed_at":"2026-09-13 05:01:25.269835+00:00","draining":true},"active_work":{"background_tasks":0,"generation_claims":1,"total":1},"checked_at":"2026-09-13T05:04:52.118854+00:00"}
{"drain":{"mode":"draining","reason":"safe production deploy","owner":"deploy:dvsu-bomber-aircraft-identity","changed_at":"2026-09-13 05:01:25.269835+00:00","draining":true},"active_work":{"background_tasks":0,"generation_claims":1,"total":1},"checked_at":"2026-09-13T05:04:57.152806+00:00"}
{"drain":{"mode":"draining","reason":"safe production deploy","owner":"deploy:dvsu-bomber-aircraft-identity","changed_at":"2026-09-13 05:01:25.269835+00:00","draining":true},"active_work":{"background_tasks":0,"generation_claims":1,"total":1},"checked_at":"2026-09-13T05:05:02.189689+00:00"}
{"drain":{"mode":"draining","reason":"safe production deploy","owner":"deploy:dvsu-bomber-aircraft-identity","changed_at":"2026-09-13 05:01:25.269835+00:00","draining":true},"active_work":{"background_tasks":0,"generation_claims":1,"total":1},"checked_at":"2026-09-13T05:05:07.222251+00:00"}
{"drain":{"mode":"draining","reason":"safe production deploy","owner":"deploy:dvsu-bomber-aircraft-identity","changed_at":"2026-09-13 05:01:25.269835+00:00","draining":true},"active_work":{"background_tasks":0,"generation_claims":1,"total":1},"checked_at":"2026-09-13T05:05:12.254686+00:00"}
{"drain":{"mode":"draining","reason":"safe production deploy","owner":"deploy:dvsu-bomber-aircraft-identity","changed_at":"2026-09-13 05:01:25.269835+00:00","draining":true},"active_work":{"background_tasks":0,"generation_claims":1,"total":1},"checked_at":"2026-09-13T05:05:17.287118+00:00"}
{"drain":{"mode":"draining","reason":"safe production deploy","owner":"deploy:dvsu-bomber-aircraft-identity","changed_at":"2026-09-13 05:01:25.269835+00:00","draining":true},"active_work":{"background_tasks":0,"generation_claims":1,"total":1},"checked_at":"2026-09-13T05:05:22.319584+00:00"}
{"drain":{"mode":"draining","reason":"safe production deploy","owner":"deploy:dvsu-bomber-aircraft-identity","changed_at":"2026-09-13 05:01:25.269835+00:00","draining":true},"active_work":{"background_tasks":0,"generation_claims":1,"total":1},"checked_at":"2026-09-13T05:05:27.354699+00:00"}
{"drain":{"mode":"draining","reason":"safe production deploy","owner":"deploy:dvsu-bomber-aircraft-identity","changed_at":"2026-09-13 05:01:25.269835+00:00","draining":true},"active_work":{"background_tasks":0,"generation_claims":1,"total":1},"checked_at":"2026-09-13T05:05:32.387128+00:00"}
{"drain":{"mode":"draining","reason":"safe production deploy","owner":"deploy:dvsu-bomber-aircraft-identity","changed_at":"2026-09-13 05:01:25.269835+00:00","draining":true},"active_work":{"background_tasks":0,"generation_claims":1,"total":1},"checked_at":"2026-09-13T05:05:37.419943+00:00"}
{"drain":{"mode":"draining","reason":"safe production deploy","owner":"deploy:dvsu-bomber-aircraft-identity","changed_at":"2026-09-13 05:01:25.269835+00:00","draining":true},"active_work":{"background_tasks":0,"generation_claims":1,"total":1},"checked_at":"2026-09-13T05:05:42.453025+00:00"}
{"drain":{"mode":"draining","reason":"safe production deploy","owner":"deploy:dvsu-bomber-aircraft-identity","changed_at":"2026-09-13 05:01:25.269835+00:00","draining":true},"active_work":{"background_tasks":0,"generation_claims":1,"total":1},"checked_at":"2026-09-13T05:05:47.485169+00:00"}
{"drain":{"mode":"draining","reason":"safe production deploy","owner":"deploy:dvsu-bomber-aircraft-identity","changed_at":"2026-09-13 05:01:25.269835+00:00","draining":true},"active_work":{"background_tasks":0,"generation_claims":1,"total":1},"checked_at":"2026-09-13T05:05:52.512940+00:00"}
{"drain":{"mode":"draining","reason":"safe production deploy","owner":"deploy:dvsu-bomber-aircraft-identity","changed_at":"2026-09-13 05:01:25.269835+00:00","draining":true},"active_work":{"background_tasks":0,"generation_claims":1,"total":1},"checked_at":"2026-09-13T05:05:57.545409+00:00"}
{"drain":{"mode":"draining","reason":"safe production deploy","owner":"deploy:dvsu-bomber-aircraft-identity","changed_at":"2026-09-13 05:01:25.269835+00:00","draining":true},"active_work":{"background_tasks":0,"generation_claims":1,"total":1},"checked_at":"2026-09-13T05:06:02.581977+00:00"}
{"drain":{"mode":"draining","reason":"safe production deploy","owner":"deploy:dvsu-bomber-aircraft-identity","changed_at":"2026-09-13 05:01:25.269835+00:00","draining":true},"active_work":{"background_tasks":0,"generation_claims":1,"total":1},"checked_at":"2026-09-13T05:06:07.614225+00:00"}
{"drain":{"mode":"draining","reason":"safe production deploy","owner":"deploy:dvsu-bomber-aircraft-identity","changed_at":"2026-09-13 05:01:25.269835+00:00","draining":true},"active_work":{"background_tasks":0,"generation_claims":1,"total":1},"checked_at":"2026-09-13T05:06:12.645369+00:00"}
{"drain":{"mode":"draining","reason":"safe production deploy","owner":"deploy:dvsu-bomber-aircraft-identity","changed_at":"2026-09-13 05:01:25.269835+00:00","draining":true},"active_work":{"background_tasks":0,"generation_claims":1,"total":1},"checked_at":"2026-09-13T05:06:17.676052+00:00"}
{"drain":{"mode":"draining","reason":"safe production deploy","owner":"deploy:dvsu-bomber-aircraft-identity","changed_at":"2026-09-13 05:01:25.269835+00:00","draining":true},"active_work":{"background_tasks":0,"generation_claims":1,"total":1},"checked_at":"2026-09-13T05:06:22.706796+00:00"}
{"drain":{"mode":"draining","reason":"safe production deploy","owner":"deploy:dvsu-bomber-aircraft-identity","changed_at":"2026-09-13 05:01:25.269835+00:00","draining":true},"active_work":{"background_tasks":0,"generation_claims":1,"total":1},"checked_at":"2026-09-13T05:06:27.808461+00:00"}
{"drain":{"mode":"draining","reason":"safe production deploy","owner":"deploy:dvsu-bomber-aircraft-identity","changed_at":"2026-09-13 05:01:25.269835+00:00","draining":true},"active_work":{"background_tasks":0,"generation_claims":1,"total":1},"checked_at":"2026-09-13T05:06:32.836817+00:00"}
{"drain":{"mode":"draining","reason":"safe production deploy","owner":"deploy:dvsu-bomber-aircraft-identity","changed_at":"2026-09-13 05:01:25.269835+00:00","draining":true},"active_work":{"background_tasks":0,"generation_claims":1,"total":1},"checked_at":"2026-09-13T05:06:37.867698+00:00"}
{"drain":{"mode":"draining","reason":"safe production deploy","owner":"deploy:dvsu-bomber-aircraft-identity","changed_at":"2026-09-13 05:01:25.269835+00:00","draining":true},"active_work":{"background_tasks":0,"generation_claims":1,"total":1},"checked_at":"2026-09-13T05:06:42.899081+00:00"}
{"drain":{"mode":"draining","reason":"safe production deploy","owner":"deploy:dvsu-bomber-aircraft-identity","changed_at":"2026-09-13 05:01:25.269835+00:00","draining":true},"active_work":{"background_tasks":0,"generation_claims":1,"total":1},"checked_at":"2026-09-13T05:06:47.929470+00:00"}
{"drain":{"mode":"draining","reason":"safe production deploy","owner":"deploy:dvsu-bomber-aircraft-identity","changed_at":"2026-09-13 05:01:25.269835+00:00","draining":true},"active_work":{"background_tasks":0,"generation_claims":1,"total":1},"checked_at":"2026-09-13T05:06:52.960101+00:00"}
{"drain":{"mode":"draining","reason":"safe production deploy","owner":"deploy:dvsu-bomber-aircraft-identity","changed_at":"2026-09-13 05:01:25.269835+00:00","draining":true},"active_work":{"background_tasks":0,"generation_claims":1,"total":1},"checked_at":"2026-09-13T05:06:57.991015+00:00"}
{"drain":{"mode":"draining","reason":"safe production deploy","owner":"deploy:dvsu-bomber-aircraft-identity","changed_at":"2026-09-13 05:01:25.269835+00:00","draining":true},"active_work":{"background_tasks":0,"generation_claims":1,"total":1},"checked_at":"2026-09-13T05:07:03.022661+00:00"}
{"drain":{"mode":"draining","reason":"safe production deploy","owner":"deploy:dvsu-bomber-aircraft-identity","changed_at":"2026-09-13 05:01:25.269835+00:00","draining":true},"active_work":{"background_tasks":0,"generation_claims":1,"total":1},"checked_at":"2026-09-13T05:07:08.053074+00:00"}
{"drain":{"mode":"draining","reason":"safe production deploy","owner":"deploy:dvsu-bomber-aircraft-identity","changed_at":"2026-09-13 05:01:25.269835+00:00","draining":true},"active_work":{"background_tasks":0,"generation_claims":1,"total":1},"checked_at":"2026-09-13T05:07:13.083762+00:00"}
{"drain":{"mode":"draining","reason":"safe production deploy","owner":"deploy:dvsu-bomber-aircraft-identity","changed_at":"2026-09-13 05:01:25.269835+00:00","draining":true},"active_work":{"background_tasks":0,"generation_claims":1,"total":1},"checked_at":"2026-09-13T05:07:18.114543+00:00"}
{"drain":{"mode":"draining","reason":"safe production deploy","owner":"deploy:dvsu-bomber-aircraft-identity","changed_at":"2026-09-13 05:01:25.269835+00:00","draining":true},"active_work":{"background_tasks":0,"generation_claims":1,"total":1},"checked_at":"2026-09-13T05:07:23.145745+00:00"}
{"drain":{"mode":"draining","reason":"safe production deploy","owner":"deploy:dvsu-bomber-aircraft-identity","changed_at":"2026-09-13 05:01:25.269835+00:00","draining":true},"active_work":{"background_tasks":0,"generation_claims":1,"total":1},"checked_at":"2026-09-13T05:07:28.176366+00:00"}
{"drain":{"mode":"draining","reason":"safe production deploy","owner":"deploy:dvsu-bomber-aircraft-identity","changed_at":"2026-09-13 05:01:25.269835+00:00","draining":true},"active_work":{"background_tasks":0,"generation_claims":1,"total":1},"checked_at":"2026-09-13T05:07:33.207021+00:00"}
{"drain":{"mode":"draining","reason":"safe production deploy","owner":"deploy:dvsu-bomber-aircraft-identity","changed_at":"2026-09-13 05:01:25.269835+00:00","draining":true},"active_work":{"background_tasks":0,"generation_claims":1,"total":1},"checked_at":"2026-09-13T05:07:38.237783+00:00"}
{"drain":{"mode":"draining","reason":"safe production deploy","owner":"deploy:dvsu-bomber-aircraft-identity","changed_at":"2026-09-13 05:01:25.269835+00:00","draining":true},"active_work":{"background_tasks":0,"generation_claims":1,"total":1},"checked_at":"2026-09-13T05:07:43.268854+00:00"}
{"drain":{"mode":"draining","reason":"safe production deploy","owner":"deploy:dvsu-bomber-aircraft-identity","changed_at":"2026-09-13 05:01:25.269835+00:00","draining":true},"active_work":{"background_tasks":0,"generation_claims":1,"total":1},"checked_at":"2026-09-13T05:07:48.299350+00:00"}
{"drain":{"mode":"draining","reason":"safe production deploy","owner":"deploy:dvsu-bomber-aircraft-identity","changed_at":"2026-09-13 05:01:25.269835+00:00","draining":true},"active_work":{"background_tasks":0,"generation_claims":1,"total":1},"checked_at":"2026-09-13T05:07:53.328153+00:00"}
{"drain":{"mode":"draining","reason":"safe production deploy","owner":"deploy:dvsu-bomber-aircraft-identity","changed_at":"2026-09-13 05:01:25.269835+00:00","draining":true},"active_work":{"background_tasks":0,"generation_claims":1,"total":1},"checked_at":"2026-09-13T05:07:58.358589+00:00"}
{"drain":{"mode":"draining","reason":"safe production deploy","owner":"deploy:dvsu-bomber-aircraft-identity","changed_at":"2026-09-13 05:01:25.269835+00:00","draining":true},"active_work":{"background_tasks":0,"generation_claims":1,"total":1},"checked_at":"2026-09-13T05:08:03.389934+00:00"}
{"drain":{"mode":"draining","reason":"safe production deploy","owner":"deploy:dvsu-bomber-aircraft-identity","changed_at":"2026-09-13 05:01:25.269835+00:00","draining":true},"active_work":{"background_tasks":0,"generation_claims":1,"total":1},"checked_at":"2026-09-13T05:08:08.420586+00:00"}
{"drain":{"mode":"draining","reason":"safe production deploy","owner":"deploy:dvsu-bomber-aircraft-identity","changed_at":"2026-09-13 05:01:25.269835+00:00","draining":true},"active_work":{"background_tasks":0,"generation_claims":1,"total":1},"checked_at":"2026-09-13T05:08:13.451223+00:00"}
{"drain":{"mode":"draining","reason":"safe production deploy","owner":"deploy:dvsu-bomber-aircraft-identity","changed_at":"2026-09-13 05:01:25.269835+00:00","draining":true},"active_work":{"background_tasks":0,"generation_claims":1,"total":1},"checked_at":"2026-09-13T05:08:18.481825+00:00"}
{"drain":{"mode":"draining","reason":"safe production deploy","owner":"deploy:dvsu-bomber-aircraft-identity","changed_at":"2026-09-13 05:01:25.269835+00:00","draining":true},"active_work":{"background_tasks":0,"generation_claims":1,"total":1},"checked_at":"2026-09-13T05:08:23.512655+00:00"}
{"drain":{"mode":"draining","reason":"safe production deploy","owner":"deploy:dvsu-bomber-aircraft-identity","changed_at":"2026-09-13 05:01:25.269835+00:00","draining":true},"active_work":{"background_tasks":0,"generation_claims":1,"total":1},"checked_at":"2026-09-13T05:08:28.543004+00:00"}
{"drain":{"mode":"draining","reason":"safe production deploy","owner":"deploy:dvsu-bomber-aircraft-identity","changed_at":"2026-09-13 05:01:25.269835+00:00","draining":true},"active_work":{"background_tasks":0,"generation_claims":1,"total":1},"checked_at":"2026-09-13T05:08:33.574434+00:00"}
{"drain":{"mode":"draining","reason":"safe production deploy","owner":"deploy:dvsu-bomber-aircraft-identity","changed_at":"2026-09-13 05:01:25.269835+00:00","draining":true},"active_work":{"background_tasks":0,"generation_claims":1,"total":1},"checked_at":"2026-09-13T05:08:38.605106+00:00"}
{"drain":{"mode":"draining","reason":"safe production deploy","owner":"deploy:dvsu-bomber-aircraft-identity","changed_at":"2026-09-13 05:01:25.269835+00:00","draining":true},"active_work":{"background_tasks":0,"generation_claims":1,"total":1},"checked_at":"2026-09-13T05:08:43.632245+00:00"}
{"drain":{"mode":"draining","reason":"safe production deploy","owner":"deploy:dvsu-bomber-aircraft-identity","changed_at":"2026-09-13 05:01:25.269835+00:00","draining":true},"active_work":{"background_tasks":0,"generation_claims":1,"total":1},"checked_at":"2026-09-13T05:08:48.662551+00:00"}
{"drain":{"mode":"draining","reason":"safe production deploy","owner":"deploy:dvsu-bomber-aircraft-identity","changed_at":"2026-09-13 05:01:25.269835+00:00","draining":true},"active_work":{"background_tasks":0,"generation_claims":1,"total":1},"checked_at":"2026-09-13T05:08:53.693161+00:00"}
{"drain":{"mode":"draining","reason":"safe production deploy","owner":"deploy:dvsu-bomber-aircraft-identity","changed_at":"2026-09-13 05:01:25.269835+00:00","draining":true},"active_work":{"background_tasks":0,"generation_claims":1,"total":1},"checked_at":"2026-09-13T05:08:58.723313+00:00"}
{"drain":{"mode":"draining","reason":"safe production deploy","owner":"deploy:dvsu-bomber-aircraft-identity","changed_at":"2026-09-13 05:01:25.269835+00:00","draining":true},"active_work":{"background_tasks":0,"generation_claims":1,"total":1},"checked_at":"2026-09-13T05:09:03.755206+00:00"}
{"drain":{"mode":"draining","reason":"safe production deploy","owner":"deploy:dvsu-bomber-aircraft-identity","changed_at":"2026-09-13 05:01:25.269835+00:00","draining":true},"active_work":{"background_tasks":0,"generation_claims":1,"total":1},"checked_at":"2026-09-13T05:09:08.786432+00:00"}
{"drain":{"mode":"draining","reason":"safe production deploy","owner":"deploy:dvsu-bomber-aircraft-identity","changed_at":"2026-09-13 05:01:25.269835+00:00","draining":true},"active_work":{"background_tasks":0,"generation_claims":1,"total":1},"checked_at":"2026-09-13T05:09:13.816769+00:00"}
{"drain":{"mode":"draining","reason":"safe production deploy","owner":"deploy:dvsu-bomber-aircraft-identity","changed_at":"2026-09-13 05:01:25.269835+00:00","draining":true},"active_work":{"background_tasks":0,"generation_claims":1,"total":1},"checked_at":"2026-09-13T05:09:18.847794+00:00"}
{"drain":{"mode":"draining","reason":"safe production deploy","owner":"deploy:dvsu-bomber-aircraft-identity","changed_at":"2026-09-13 05:01:25.269835+00:00","draining":true},"active_work":{"background_tasks":0,"generation_claims":1,"total":1},"checked_at":"2026-09-13T05:09:23.878501+00:00"}
{"drain":{"mode":"draining","reason":"safe production deploy","owner":"deploy:dvsu-bomber-aircraft-identity","changed_at":"2026-09-13 05:01:25.269835+00:00","draining":true},"active_work":{"background_tasks":0,"generation_claims":1,"total":1},"checked_at":"2026-09-13T05:09:28.909398+00:00"}
{"drain":{"mode":"draining","reason":"safe production deploy","owner":"deploy:dvsu-bomber-aircraft-identity","changed_at":"2026-09-13 05:01:25.269835+00:00","draining":true},"active_work":{"background_tasks":0,"generation_claims":1,"total":1},"checked_at":"2026-09-13T05:09:33.940397+00:00"}
{"drain":{"mode":"draining","reason":"safe production deploy","owner":"deploy:dvsu-bomber-aircraft-identity","changed_at":"2026-09-13 05:01:25.269835+00:00","draining":true},"active_work":{"background_tasks":0,"generation_claims":1,"total":1},"checked_at":"2026-09-13T05:09:38.971264+00:00"}
{"drain":{"mode":"draining","reason":"safe production deploy","owner":"deploy:dvsu-bomber-aircraft-identity","changed_at":"2026-09-13 05:01:25.269835+00:00","draining":true},"active_work":{"background_tasks":0,"generation_claims":1,"total":1},"checked_at":"2026-09-13T05:09:44.003290+00:00"}
{"drain":{"mode":"draining","reason":"safe production deploy","owner":"deploy:dvsu-bomber-aircraft-identity","changed_at":"2026-09-13 05:01:25.269835+00:00","draining":true},"active_work":{"background_tasks":0,"generation_claims":1,"total":1},"checked_at":"2026-09-13T05:09:49.034143+00:00"}
{"drain":{"mode":"draining","reason":"safe production deploy","owner":"deploy:dvsu-bomber-aircraft-identity","changed_at":"2026-09-13 05:01:25.269835+00:00","draining":true},"active_work":{"background_tasks":0,"generation_claims":1,"total":1},"checked_at":"2026-09-13T05:09:54.065246+00:00"}
{"drain":{"mode":"draining","reason":"safe production deploy","owner":"deploy:dvsu-bomber-aircraft-identity","changed_at":"2026-09-13 05:01:25.269835+00:00","draining":true},"active_work":{"background_tasks":0,"generation_claims":1,"total":1},"checked_at":"2026-09-13T05:09:59.095994+00:00"}
{"drain":{"mode":"draining","reason":"safe production deploy","owner":"deploy:dvsu-bomber-aircraft-identity","changed_at":"2026-09-13 05:01:25.269835+00:00","draining":true},"active_work":{"background_tasks":0,"generation_claims":1,"total":1},"checked_at":"2026-09-13T05:10:04.131314+00:00"}
{"drain":{"mode":"draining","reason":"safe production deploy","owner":"deploy:dvsu-bomber-aircraft-identity","changed_at":"2026-09-13 05:01:25.269835+00:00","draining":true},"active_work":{"background_tasks":0,"generation_claims":1,"total":1},"checked_at":"2026-09-13T05:10:09.166776+00:00"}
{"drain":{"mode":"draining","reason":"safe production deploy","owner":"deploy:dvsu-bomber-aircraft-identity","changed_at":"2026-09-13 05:01:25.269835+00:00","draining":true},"active_work":{"background_tasks":0,"generation_claims":1,"total":1},"checked_at":"2026-09-13T05:10:14.198320+00:00"}
{"drain":{"mode":"draining","reason":"safe production deploy","owner":"deploy:dvsu-bomber-aircraft-identity","changed_at":"2026-09-13 05:01:25.269835+00:00","draining":true},"active_work":{"background_tasks":0,"generation_claims":1,"total":1},"checked_at":"2026-09-13T05:10:19.229168+00:00"}
{"drain":{"mode":"draining","reason":"safe production deploy","owner":"deploy:dvsu-bomber-aircraft-identity","changed_at":"2026-09-13 05:01:25.269835+00:00","draining":true},"active_work":{"background_tasks":1,"generation_claims":1,"total":2},"checked_at":"2026-09-13T05:10:24.263289+00:00"}
{"drain":{"mode":"draining","reason":"safe production deploy","owner":"deploy:dvsu-bomber-aircraft-identity","changed_at":"2026-09-13 05:01:25.269835+00:00","draining":true},"active_work":{"background_tasks":1,"generation_claims":1,"total":2},"checked_at":"2026-09-13T05:10:29.295555+00:00"}
{"drain":{"mode":"draining","reason":"safe production deploy","owner":"deploy:dvsu-bomber-aircraft-identity","changed_at":"2026-09-13 05:01:25.269835+00:00","draining":true},"active_work":{"background_tasks":1,"generation_claims":1,"total":2},"checked_at":"2026-09-13T05:10:34.325430+00:00"}
{"drain":{"mode":"draining","reason":"safe production deploy","owner":"deploy:dvsu-bomber-aircraft-identity","changed_at":"2026-09-13 05:01:25.269835+00:00","draining":true},"active_work":{"background_tasks":1,"generation_claims":1,"total":2},"checked_at":"2026-09-13T05:10:39.358122+00:00"}
{"drain":{"mode":"draining","reason":"safe production deploy","owner":"deploy:dvsu-bomber-aircraft-identity","changed_at":"2026-09-13 05:01:25.269835+00:00","draining":true},"active_work":{"background_tasks":0,"generation_claims":0,"total":0},"checked_at":"2026-09-13T05:10:44.389022+00:00"}
{"drain":{"mode":"draining","reason":"safe production deploy","owner":"deploy:dvsu-bomber-aircraft-identity","changed_at":"2026-09-13 05:01:25.269835+00:00","draining":true},"active_work":{"background_tasks":0,"generation_claims":0,"total":0},"checked_at":"2026-09-13T05:10:49.419837+00:00"}
From https://github.com/vibecoder10/economy-fastforward
   1b750b1ec..1cd89d540  main       -> origin/main
Updating 1b750b1ec..1cd89d540
Fast-forward
 storyengine/backend/actions.py                     |  6 +++++
 storyengine/backend/factual_machine_research.py    | 27 ++++++++++++++++++++-
 storyengine/backend/pipeline_executor.py           | 10 ++++++++
 .../functional/test_factual_machine_research.py    | 28 ++++++++++++++++------
 .../functional/test_run_all_completion_errors.py   | 12 ++++++++--
 .../functional/test_run_all_research_resume.py     | 19 +++++++++++++++
 6 files changed, 92 insertions(+), 10 deletions(-)
code: 1b750b1ec -> 1cd89d540
migrations_dir=/home/clawd/projects/economy-fastforward/storyengine/backend/migrations
total=168 applied=168 pending=0
migrations complete
schema: strict migrations complete
backend: active
backend health: verified (drain still enabled)
worker: active (pid 2057718)
worker code parity: commit=1cd89d540 directory=/home/clawd/projects/economy-fastforward/storyengine/backend
DONE — deployed 1cd89d540; automatic undrain follows (log: /home/clawd/deploys.log)
{"drain":{"mode":"normal","reason":"deploy command exited with status 0","owner":"deploy:dvsu-bomber-aircraft-identity","changed_at":"2026-09-13 05:11:08.711641+00:00","draining":false},"active_work":{"background_tasks":0,"generation_claims":0,"total":0},"checked_at":"2026-09-13T05:11:08.836415+00:00"}
-- post-deploy health --
== services ==
storyengine-backend: active
storyengine-frontend: active
== api ==
{"status":"healthy","service":"storyengine-api","database":true,"active_tasks":0,"active_work":{"background_tasks":0,"generation_claims":0,"total":0},"drain":{"mode":"normal","reason":"deploy command exited with status 0","owner":"deploy:dvsu-bomber-aircraft-identity","changed_at":"2026-09-13T05:11:08.711641+00:00","known":true,"draining":false},"storage":true,"queue":"arq","youtube_quota":{"date_pt":"2026-09-12","general":{"used":809,"limit":9000,"remaining":8191,"project_limit":10000,"configured_ceiling":9000},"video_uploads":{"used":1,"limit":100,"remaining":99},"search_calls":{"used":25,"limit":100,"remaining":75},"units_used":809,"ceiling":9000,"remaining":8191}}
== frontend ==
http 200
== deploy lock ==
no lock (clear to deploy)
== last deploy ==
2026-09-13T05:11:08Z dvsu-bomber-aircraft-identity deployed 1b750b1ec -> 1cd89d540 
== disk ==
/dev/sda1       193G   53G  141G  28% /
