{"drain":{"mode":"draining","reason":"safe production deploy","owner":"deploy:dvsu-source-priority-corroboration","changed_at":"2026-09-12 23:57:45.996202+00:00","draining":true},"active_work":{"background_tasks":0,"generation_claims":0,"total":0},"checked_at":"2026-09-12T23:57:46.137860+00:00"}
drain: enabled; waiting for active work to finish (timeout 7200s)
{"drain":{"mode":"draining","reason":"safe production deploy","owner":"deploy:dvsu-source-priority-corroboration","changed_at":"2026-09-12 23:57:45.996202+00:00","draining":true},"active_work":{"background_tasks":0,"generation_claims":0,"total":0},"checked_at":"2026-09-12T23:57:46.477631+00:00"}
{"drain":{"mode":"draining","reason":"safe production deploy","owner":"deploy:dvsu-source-priority-corroboration","changed_at":"2026-09-12 23:57:45.996202+00:00","draining":true},"active_work":{"background_tasks":0,"generation_claims":0,"total":0},"checked_at":"2026-09-12T23:57:51.508132+00:00"}
Updating df5f79803..ae6ba68ea
Fast-forward
 storyengine/backend/factual_machine_summary.py     |  40 +++++-
 storyengine/backend/pipeline_executor.py           |  19 ++-
 .../backend/tests/test_factual_machine_summary.py  |  59 ++++++++
 .../backend/tests/test_machine_documentary_hold.py | 148 +++++++++++++++++++++
 4 files changed, 262 insertions(+), 4 deletions(-)
code: df5f79803 -> ae6ba68ea
migrations_dir=/home/clawd/projects/economy-fastforward/storyengine/backend/migrations
total=168 applied=168 pending=0
migrations complete
schema: strict migrations complete
backend: active
backend health: verified (drain still enabled)
worker: active (pid 1939860)
worker code parity: commit=ae6ba68ea directory=/home/clawd/projects/economy-fastforward/storyengine/backend
DONE — deployed ae6ba68ea; automatic undrain follows (log: /home/clawd/deploys.log)
{"drain":{"mode":"normal","reason":"deploy command exited with status 0","owner":"deploy:dvsu-source-priority-corroboration","changed_at":"2026-09-12 23:58:10.464917+00:00","draining":false},"active_work":{"background_tasks":0,"generation_claims":0,"total":0},"checked_at":"2026-09-12T23:58:10.600901+00:00"}
-- post-deploy health --
== services ==
storyengine-backend: active
storyengine-frontend: active
== api ==
{"status":"healthy","service":"storyengine-api","database":true,"active_tasks":0,"active_work":{"background_tasks":0,"generation_claims":0,"total":0},"drain":{"mode":"normal","reason":"deploy command exited with status 0","owner":"deploy:dvsu-source-priority-corroboration","changed_at":"2026-09-12T23:58:10.464917+00:00","known":true,"draining":false},"storage":true,"queue":"arq","youtube_quota":{"date_pt":"2026-09-12","general":{"used":549,"limit":9000,"remaining":8451,"project_limit":10000,"configured_ceiling":9000},"video_uploads":{"used":0,"limit":100,"remaining":100},"search_calls":{"used":18,"limit":100,"remaining":82},"units_used":549,"ceiling":9000,"remaining":8451}}
== frontend ==
http 200
== deploy lock ==
no lock (clear to deploy)
== last deploy ==
2026-09-12T23:58:10Z dvsu-source-priority-corroboration deployed df5f79803 -> ae6ba68ea 
== disk ==
/dev/sda1       193G   53G  141G  28% /
