{"drain":{"mode":"draining","reason":"safe production deploy","owner":"deploy:dvsu-subject-context","changed_at":"2026-09-12 23:06:43.753451+00:00","draining":true},"active_work":{"background_tasks":0,"generation_claims":0,"total":0},"checked_at":"2026-09-12T23:06:43.921117+00:00"}
drain: enabled; waiting for active work to finish (timeout 7200s)
{"drain":{"mode":"draining","reason":"safe production deploy","owner":"deploy:dvsu-subject-context","changed_at":"2026-09-12 23:06:43.753451+00:00","draining":true},"active_work":{"background_tasks":0,"generation_claims":0,"total":0},"checked_at":"2026-09-12T23:06:44.244689+00:00"}
{"drain":{"mode":"draining","reason":"safe production deploy","owner":"deploy:dvsu-subject-context","changed_at":"2026-09-12 23:06:43.753451+00:00","draining":true},"active_work":{"background_tasks":0,"generation_claims":0,"total":0},"checked_at":"2026-09-12T23:06:49.272161+00:00"}
Updating b7af5afa4..d6db99a5b
Fast-forward
 storyengine/backend/actions.py                     | 16 ++++-
 storyengine/backend/factual_machine_pipeline.py    |  5 +-
 storyengine/backend/factual_machine_summary.py     | 43 +++++++++----
 .../tests/functional/test_script_review_gate.py    | 74 ++++++++++++++++++++--
 .../backend/tests/test_factual_machine_summary.py  | 28 +++++++-
 5 files changed, 144 insertions(+), 22 deletions(-)
code: b7af5afa4 -> d6db99a5b
migrations_dir=/home/clawd/projects/economy-fastforward/storyengine/backend/migrations
total=168 applied=168 pending=0
migrations complete
schema: strict migrations complete
backend: active
backend health: verified (drain still enabled)
worker: active (pid 1919364)
worker code parity: commit=d6db99a5b directory=/home/clawd/projects/economy-fastforward/storyengine/backend
DONE — deployed d6db99a5b; automatic undrain follows (log: /home/clawd/deploys.log)
{"drain":{"mode":"normal","reason":"deploy command exited with status 0","owner":"deploy:dvsu-subject-context","changed_at":"2026-09-12 23:07:08.317753+00:00","draining":false},"active_work":{"background_tasks":0,"generation_claims":0,"total":0},"checked_at":"2026-09-12T23:07:08.453772+00:00"}
-- post-deploy health --
== services ==
storyengine-backend: active
storyengine-frontend: active
== api ==
{"status":"healthy","service":"storyengine-api","database":true,"active_tasks":0,"active_work":{"background_tasks":0,"generation_claims":0,"total":0},"drain":{"mode":"normal","reason":"deploy command exited with status 0","owner":"deploy:dvsu-subject-context","changed_at":"2026-09-12T23:07:08.317753+00:00","known":true,"draining":false},"storage":true,"queue":"arq","youtube_quota":{"date_pt":"2026-09-12","general":{"used":429,"limit":9000,"remaining":8571,"project_limit":10000,"configured_ceiling":9000},"video_uploads":{"used":0,"limit":100,"remaining":100},"search_calls":{"used":14,"limit":100,"remaining":86},"units_used":429,"ceiling":9000,"remaining":8571}}
== frontend ==
http 200
== deploy lock ==
no lock (clear to deploy)
== last deploy ==
2026-09-12T23:07:08Z dvsu-subject-context deployed b7af5afa4 -> d6db99a5b 
== disk ==
/dev/sda1       193G   53G  141G  28% /
