{"drain":{"mode":"draining","reason":"safe production deploy","owner":"deploy:dvsu-kie-source-discovery","changed_at":"2026-09-13 05:44:15.193511+00:00","draining":true},"active_work":{"background_tasks":0,"generation_claims":0,"total":0},"checked_at":"2026-09-13T05:44:15.459118+00:00"}
drain: enabled; waiting for active work to finish (timeout 7200s)
{"drain":{"mode":"draining","reason":"safe production deploy","owner":"deploy:dvsu-kie-source-discovery","changed_at":"2026-09-13 05:44:15.193511+00:00","draining":true},"active_work":{"background_tasks":0,"generation_claims":0,"total":0},"checked_at":"2026-09-13T05:44:15.816018+00:00"}
{"drain":{"mode":"draining","reason":"safe production deploy","owner":"deploy:dvsu-kie-source-discovery","changed_at":"2026-09-13 05:44:15.193511+00:00","draining":true},"active_work":{"background_tasks":0,"generation_claims":0,"total":0},"checked_at":"2026-09-13T05:44:20.848354+00:00"}
From https://github.com/vibecoder10/economy-fastforward
   bb3c60acb..7db0f60b6  main       -> origin/main
Updating bb3c60acb..7db0f60b6
Fast-forward
 storyengine/backend/actions.py                     |   6 +
 storyengine/backend/factual_source_search.py       | 125 +++++++++++++++++++++
 storyengine/backend/pipeline_executor.py           |  47 ++++++--
 .../functional/test_factual_machine_research.py    |  17 ++-
 .../functional/test_kie_factual_source_search.py   |  95 ++++++++++++++++
 .../functional/test_run_all_completion_errors.py   |   8 ++
 .../frontend/src/app/pipeline/[videoId]/page.tsx   |   5 +-
 .../StaticDocuStageRail.persisted.test.ts          |  10 +-
 .../components/production/StaticDocuStageRail.tsx  |  10 +-
 .../production/TaskFailureBanner.test.ts           |  26 +++++
 .../components/production/TaskFailureBanner.tsx    |  12 +-
 storyengine/frontend/src/hooks/use-task-poller.ts  |   8 +-
 12 files changed, 346 insertions(+), 23 deletions(-)
 create mode 100644 storyengine/backend/factual_source_search.py
 create mode 100644 storyengine/backend/tests/functional/test_kie_factual_source_search.py
 create mode 100644 storyengine/frontend/src/components/production/TaskFailureBanner.test.ts
code: bb3c60acb -> 7db0f60b6
migrations_dir=/home/clawd/projects/economy-fastforward/storyengine/backend/migrations
total=168 applied=168 pending=0
migrations complete
schema: strict migrations complete
backend: active
backend health: verified (drain still enabled)
worker: active (pid 2072310)
worker code parity: commit=7db0f60b6 directory=/home/clawd/projects/economy-fastforward/storyengine/backend

> frontend@1.0.0 build
> next build --webpack

▲ Next.js 16.2.1 (webpack)
- Environments: .env.local

  Creating an optimized production build ...
✓ Compiled successfully in 22.1s
  Running TypeScript ...
  Finished TypeScript in 21.1s ...
  Collecting page data using 3 workers ...
  Generating static pages using 3 workers (0/34) ...
  Generating static pages using 3 workers (8/34) 
  Generating static pages using 3 workers (16/34) 
  Generating static pages using 3 workers (25/34) 
✓ Generating static pages using 3 workers (34/34) in 755ms
  Finalizing page optimization ...
  Collecting build traces ...

Route (app)
┌ ○ /
├ ○ /_not-found
├ ○ /activity
├ ○ /analytics
├ ○ /autopilot
├ ○ /billing
├ ○ /calendar
├ ○ /chat
├ ƒ /chat/[videoId]
├ ○ /dashboard
├ ○ /demo
├ ○ /discovery
├ ○ /docs
├ ○ /forgot-password
├ ○ /ideas
├ ○ /learnings
├ ○ /login
├ ○ /onboarding
├ ○ /pipeline
├ ƒ /pipeline/[videoId]
├ ○ /pricing
├ ○ /privacy
├ ○ /profile
├ ○ /render
├ ○ /reset-password
├ ○ /review
├ ƒ /scene-control/[videoId]
├ ○ /settings
├ ○ /settings/agent-access
├ ○ /settings/drive-callback
├ ○ /settings/keys
├ ○ /settings/youtube-callback
├ ○ /system-prompts
├ ○ /terms
├ ○ /verify-email
└ ○ /videos


○  (Static)   prerendered as static content
ƒ  (Dynamic)  server-rendered on demand

frontend: activating
frontend health: HTTP 200
DONE — deployed 7db0f60b6; automatic undrain follows (log: /home/clawd/deploys.log)
{"drain":{"mode":"normal","reason":"deploy command exited with status 0","owner":"deploy:dvsu-kie-source-discovery","changed_at":"2026-09-13 05:45:55.467494+00:00","draining":false},"active_work":{"background_tasks":0,"generation_claims":0,"total":0},"checked_at":"2026-09-13T05:45:55.603090+00:00"}
-- post-deploy health --
== services ==
storyengine-backend: active
storyengine-frontend: active
== api ==
{"status":"healthy","service":"storyengine-api","database":true,"active_tasks":0,"active_work":{"background_tasks":0,"generation_claims":0,"total":0},"drain":{"mode":"normal","reason":"deploy command exited with status 0","owner":"deploy:dvsu-kie-source-discovery","changed_at":"2026-09-13T05:45:55.467494+00:00","known":true,"draining":false},"storage":true,"queue":"arq","youtube_quota":{"date_pt":"2026-09-12","general":{"used":869,"limit":9000,"remaining":8131,"project_limit":10000,"configured_ceiling":9000},"video_uploads":{"used":1,"limit":100,"remaining":99},"search_calls":{"used":27,"limit":100,"remaining":73},"units_used":869,"ceiling":9000,"remaining":8131}}
== frontend ==
http 200
== deploy lock ==
no lock (clear to deploy)
== last deploy ==
2026-09-13T05:45:55Z dvsu-kie-source-discovery deployed bb3c60acb -> 7db0f60b6 --with-frontend
== disk ==
/dev/sda1       193G   58G  135G  31% /
