FF.                                                                      [100%]
=================================== FAILURES ===================================
__ test_barling_geometry_is_explicit_in_shared_generation_and_review_contract __

    def test_barling_geometry_is_explicit_in_shared_generation_and_review_contract():
        rules = sd._render_reference_configuration_rules(MACHINE)
>       assert 'three vertically stacked main-wing planes' in rules
E       AssertionError: assert 'three vertically stacked main-wing planes' in 'Treat this as an aircraft comparison: match the overall airframe and proportions, wing form, engine count, engine type and placement, and tail configuration. Do not invent, remove, or replace any major structure.'

backend/tests/functional/test_barling_image_geometry.py:10: AssertionError
________________ test_only_barling_saved_approval_becomes_stale ________________

    def test_only_barling_saved_approval_becomes_stale():
        for machine in [MACHINE, 'Boeing XB-15', 'HMS Argus']:
            old = hashlib.sha256(json.dumps([machine, 'ref', {}],sort_keys=True).encode()).hexdigest()
            current = image_review_stamp(machine,'ref',{},'image')['image_review_context']
>           assert (current != old) == (machine == MACHINE)
E           AssertionError: assert ('cf31d89f9cd637ee7cb675119963e31ec483cb7338ddd7547ecc16216fef6794' != 'cf31d89f9cd637ee7cb675119963e31ec483cb7338ddd7547ecc16216fef6794') == ('Wittemann-Le...arling Bomber' == 'Wittemann-Le...arling Bomber'
E             
E               Wittemann-Lewis XNBL-1 Barling Bomber)

backend/tests/functional/test_barling_image_geometry.py:18: AssertionError
=========================== short test summary info ============================
FAILED backend/tests/functional/test_barling_image_geometry.py::test_barling_geometry_is_explicit_in_shared_generation_and_review_contract
FAILED backend/tests/functional/test_barling_image_geometry.py::test_only_barling_saved_approval_becomes_stale
2 failed, 1 passed in 0.10s
