{"drain":{"mode":"draining","reason":"safe production deploy","owner":"deploy:dvsu-reference-view-ranking","changed_at":"2026-09-15 14:55:28.904004+00:00","draining":true},"active_work":{"background_tasks":0,"generation_claims":0,"total":0},"checked_at":"2026-09-15T14:55:29.084857+00:00"}
drain: enabled; waiting for active work to finish (timeout 7200s)
{"drain":{"mode":"draining","reason":"safe production deploy","owner":"deploy:dvsu-reference-view-ranking","changed_at":"2026-09-15 14:55:28.904004+00:00","draining":true},"active_work":{"background_tasks":0,"generation_claims":0,"total":0},"checked_at":"2026-09-15T14:55:29.421754+00:00"}
{"drain":{"mode":"draining","reason":"safe production deploy","owner":"deploy:dvsu-reference-view-ranking","changed_at":"2026-09-15 14:55:28.904004+00:00","draining":true},"active_work":{"background_tasks":0,"generation_claims":0,"total":0},"checked_at":"2026-09-15T14:55:34.453246+00:00"}
From https://github.com/vibecoder10/economy-fastforward
   a147ac011..247073dbe  main       -> origin/main
Updating a147ac011..247073dbe
Fast-forward
 storyengine/backend/static_docu.py                 | 53 ++++++++++++++++++++++
 .../functional/test_reference_view_ranking.py      | 30 ++++++++++++
 storyengine/docs/STATIC-IMAGE-ACCEPTANCE.md        |  4 ++
 3 files changed, 87 insertions(+)
 create mode 100644 storyengine/backend/tests/functional/test_reference_view_ranking.py
code: a147ac011 -> 247073dbe
migrations_dir=/home/clawd/projects/economy-fastforward/storyengine/backend/migrations
total=168 applied=168 pending=0
migrations complete
schema: strict migrations complete
backend: active
backend health: verified (drain still enabled)
worker: active (pid 3232277)
worker code parity: commit=247073dbe directory=/home/clawd/projects/economy-fastforward/storyengine/backend
DONE — deployed 247073dbe; automatic undrain follows (log: /home/clawd/deploys.log)
{"drain":{"mode":"normal","reason":"deploy command exited with status 0","owner":"deploy:dvsu-reference-view-ranking","changed_at":"2026-09-15 14:55:53.619245+00:00","draining":false},"active_work":{"background_tasks":0,"generation_claims":0,"total":0},"checked_at":"2026-09-15T14:55:53.766284+00:00"}
-- post-deploy health --
== services ==
storyengine-backend: active
storyengine-frontend: active
== api ==
{"status":"healthy","service":"storyengine-api","database":true,"active_tasks":0,"active_work":{"background_tasks":0,"generation_claims":0,"total":0},"drain":{"mode":"normal","reason":"deploy command exited with status 0","owner":"deploy:dvsu-reference-view-ranking","changed_at":"2026-09-15T14:55:53.619245+00:00","known":true,"draining":false},"storage":true,"queue":"arq","youtube_quota":{"date_pt":"2026-09-15","general":{"used":60,"limit":9000,"remaining":8940,"project_limit":10000,"configured_ceiling":9000},"video_uploads":{"used":0,"limit":100,"remaining":100},"search_calls":{"used":2,"limit":100,"remaining":98},"units_used":60,"ceiling":9000,"remaining":8940}}
== frontend ==
http 200
== deploy lock ==
no lock (clear to deploy)
== last deploy ==
2026-09-15T14:55:53Z dvsu-reference-view-ranking deployed a147ac011 -> 247073dbe 
== disk ==
/dev/sda1       193G   60G  134G  31% /
