{"drain":{"mode":"draining","reason":"safe production deploy","owner":"deploy:dvsu-abbreviation-sentence-check","changed_at":"2026-09-14 22:30:32.043291+00:00","draining":true},"active_work":{"background_tasks":0,"generation_claims":0,"total":0},"checked_at":"2026-09-14T22:30:32.482926+00:00"}
drain: enabled; waiting for active work to finish (timeout 7200s)
{"drain":{"mode":"draining","reason":"safe production deploy","owner":"deploy:dvsu-abbreviation-sentence-check","changed_at":"2026-09-14 22:30:32.043291+00:00","draining":true},"active_work":{"background_tasks":0,"generation_claims":0,"total":0},"checked_at":"2026-09-14T22:30:32.927898+00:00"}
{"drain":{"mode":"draining","reason":"safe production deploy","owner":"deploy:dvsu-abbreviation-sentence-check","changed_at":"2026-09-14 22:30:32.043291+00:00","draining":true},"active_work":{"background_tasks":0,"generation_claims":0,"total":0},"checked_at":"2026-09-14T22:30:37.958757+00:00"}
From https://github.com/vibecoder10/economy-fastforward
   feab492a7..1a9636b46  main       -> origin/main
Updating feab492a7..1a9636b46
Fast-forward
 storyengine/backend/factual_machine_summary.py     | 29 +++++++++++++++++++-
 .../tests/test_factual_sentence_boundaries.py      | 32 ++++++++++++++++++++++
 2 files changed, 60 insertions(+), 1 deletion(-)
 create mode 100644 storyengine/backend/tests/test_factual_sentence_boundaries.py
code: feab492a7 -> 1a9636b46
migrations_dir=/home/clawd/projects/economy-fastforward/storyengine/backend/migrations
total=168 applied=168 pending=0
migrations complete
schema: strict migrations complete
backend: active
backend health: verified (drain still enabled)
worker: active (pid 2942033)
worker code parity: commit=1a9636b46 directory=/home/clawd/projects/economy-fastforward/storyengine/backend
DONE — deployed 1a9636b46; automatic undrain follows (log: /home/clawd/deploys.log)
{"drain":{"mode":"normal","reason":"deploy command exited with status 0","owner":"deploy:dvsu-abbreviation-sentence-check","changed_at":"2026-09-14 22:30:59.017957+00:00","draining":false},"active_work":{"background_tasks":0,"generation_claims":0,"total":0},"checked_at":"2026-09-14T22:30:59.163344+00:00"}
-- post-deploy health --
== services ==
storyengine-backend: active
storyengine-frontend: active
== api ==
{"status":"healthy","service":"storyengine-api","database":true,"active_tasks":0,"active_work":{"background_tasks":0,"generation_claims":0,"total":0},"drain":{"mode":"normal","reason":"deploy command exited with status 0","owner":"deploy:dvsu-abbreviation-sentence-check","changed_at":"2026-09-14T22:30:59.017957+00:00","known":true,"draining":false},"storage":true,"queue":"arq","youtube_quota":{"date_pt":"2026-09-14","general":{"used":0,"limit":9000,"remaining":9000,"project_limit":10000,"configured_ceiling":9000},"video_uploads":{"used":0,"limit":100,"remaining":100},"search_calls":{"used":0,"limit":100,"remaining":100},"units_used":0,"ceiling":9000,"remaining":9000}}
== frontend ==
http 200
== deploy lock ==
no lock (clear to deploy)
== last deploy ==
2026-09-14T22:30:58Z dvsu-abbreviation-sentence-check deployed feab492a7 -> 1a9636b46 
== disk ==
/dev/sda1       193G   59G  134G  31% /
