FFFF......                                                               [100%]
=================================== FAILURES ===================================
_ test_aircraft_abbreviations_preserve_exact_sentence[The AJ Savage was a U.S. Navy carrier-based bomber.] _

sentence = 'The AJ Savage was a U.S. Navy carrier-based bomber.'

    @pytest.mark.parametrize('sentence', [
        'The AJ Savage was a U.S. Navy carrier-based bomber.',
        'The B-52 has been the backbone of U.S. Air Force strategic deterrence.',
        'The SeaMaster was built by the Glenn L. Martin Company.',
        'The B-2 served the U.S. Air Force.',
    ])
    def test_aircraft_abbreviations_preserve_exact_sentence(sentence):
>       assert _sentences(sentence + ' It entered service later.') == [sentence, 'It entered service later.']
E       AssertionError: assert ['The AJ Sava...rvice later.'] == ['The AJ Sava...rvice later.']
E         
E         At index 0 diff: 'The AJ Savage was a U.S.' != 'The AJ Savage was a U.S. Navy carrier-based bomber.'
E         Left contains one more item: 'It entered service later.'
E         Use -v to get more diff

backend/tests/test_factual_sentence_boundaries.py:12: AssertionError
_ test_aircraft_abbreviations_preserve_exact_sentence[The B-52 has been the backbone of U.S. Air Force strategic deterrence.] _

sentence = 'The B-52 has been the backbone of U.S. Air Force strategic deterrence.'

    @pytest.mark.parametrize('sentence', [
        'The AJ Savage was a U.S. Navy carrier-based bomber.',
        'The B-52 has been the backbone of U.S. Air Force strategic deterrence.',
        'The SeaMaster was built by the Glenn L. Martin Company.',
        'The B-2 served the U.S. Air Force.',
    ])
    def test_aircraft_abbreviations_preserve_exact_sentence(sentence):
>       assert _sentences(sentence + ' It entered service later.') == [sentence, 'It entered service later.']
E       AssertionError: assert ['The B-52 ha...rvice later.'] == ['The B-52 ha...rvice later.']
E         
E         At index 0 diff: 'The B-52 has been the backbone of U.S.' != 'The B-52 has been the backbone of U.S. Air Force strategic deterrence.'
E         Left contains one more item: 'It entered service later.'
E         Use -v to get more diff

backend/tests/test_factual_sentence_boundaries.py:12: AssertionError
_ test_aircraft_abbreviations_preserve_exact_sentence[The SeaMaster was built by the Glenn L. Martin Company.] _

sentence = 'The SeaMaster was built by the Glenn L. Martin Company.'

    @pytest.mark.parametrize('sentence', [
        'The AJ Savage was a U.S. Navy carrier-based bomber.',
        'The B-52 has been the backbone of U.S. Air Force strategic deterrence.',
        'The SeaMaster was built by the Glenn L. Martin Company.',
        'The B-2 served the U.S. Air Force.',
    ])
    def test_aircraft_abbreviations_preserve_exact_sentence(sentence):
>       assert _sentences(sentence + ' It entered service later.') == [sentence, 'It entered service later.']
E       AssertionError: assert ['The SeaMast...rvice later.'] == ['The SeaMast...rvice later.']
E         
E         At index 0 diff: 'The SeaMaster was built by the Glenn L.' != 'The SeaMaster was built by the Glenn L. Martin Company.'
E         Left contains one more item: 'It entered service later.'
E         Use -v to get more diff

backend/tests/test_factual_sentence_boundaries.py:12: AssertionError
_ test_aircraft_abbreviations_preserve_exact_sentence[The B-2 served the U.S. Air Force.] _

sentence = 'The B-2 served the U.S. Air Force.'

    @pytest.mark.parametrize('sentence', [
        'The AJ Savage was a U.S. Navy carrier-based bomber.',
        'The B-52 has been the backbone of U.S. Air Force strategic deterrence.',
        'The SeaMaster was built by the Glenn L. Martin Company.',
        'The B-2 served the U.S. Air Force.',
    ])
    def test_aircraft_abbreviations_preserve_exact_sentence(sentence):
>       assert _sentences(sentence + ' It entered service later.') == [sentence, 'It entered service later.']
E       AssertionError: assert ['The B-2 ser...rvice later.'] == ['The B-2 ser...rvice later.']
E         
E         At index 0 diff: 'The B-2 served the U.S.' != 'The B-2 served the U.S. Air Force.'
E         Left contains one more item: 'It entered service later.'
E         Use -v to get more diff

backend/tests/test_factual_sentence_boundaries.py:12: AssertionError
=========================== short test summary info ============================
FAILED backend/tests/test_factual_sentence_boundaries.py::test_aircraft_abbreviations_preserve_exact_sentence[The AJ Savage was a U.S. Navy carrier-based bomber.]
FAILED backend/tests/test_factual_sentence_boundaries.py::test_aircraft_abbreviations_preserve_exact_sentence[The B-52 has been the backbone of U.S. Air Force strategic deterrence.]
FAILED backend/tests/test_factual_sentence_boundaries.py::test_aircraft_abbreviations_preserve_exact_sentence[The SeaMaster was built by the Glenn L. Martin Company.]
FAILED backend/tests/test_factual_sentence_boundaries.py::test_aircraft_abbreviations_preserve_exact_sentence[The B-2 served the U.S. Air Force.]
4 failed, 6 passed in 0.03s
