{"drain":{"mode":"draining","reason":"safe production deploy","owner":"deploy:image-citation-recovery","changed_at":"2026-09-16 01:28:38.159013+00:00","draining":true},"active_work":{"background_tasks":0,"generation_claims":0,"total":0},"checked_at":"2026-09-16T01:28:38.318639+00:00"}
drain: enabled; waiting for active work to finish (timeout 7200s)
{"drain":{"mode":"draining","reason":"safe production deploy","owner":"deploy:image-citation-recovery","changed_at":"2026-09-16 01:28:38.159013+00:00","draining":true},"active_work":{"background_tasks":0,"generation_claims":0,"total":0},"checked_at":"2026-09-16T01:28:38.663514+00:00"}
{"drain":{"mode":"draining","reason":"safe production deploy","owner":"deploy:image-citation-recovery","changed_at":"2026-09-16 01:28:38.159013+00:00","draining":true},"active_work":{"background_tasks":0,"generation_claims":0,"total":0},"checked_at":"2026-09-16T01:28:43.694917+00:00"}
From https://github.com/vibecoder10/economy-fastforward
   c691ebe38..f92c863b5  main       -> origin/main
Updating c691ebe38..f92c863b5
Fast-forward
 storyengine/IMAGE-AUTOMATION-PLAN.md               |  4 ++
 storyengine/backend/reference_selection.py         | 84 ++++++++++++++++++++--
 storyengine/backend/static_docu.py                 |  4 +-
 .../backend/tests/test_reference_selection.py      | 71 ++++++++++++++++++
 4 files changed, 156 insertions(+), 7 deletions(-)
code: c691ebe38 -> f92c863b5
migrations_dir=/home/clawd/projects/economy-fastforward/storyengine/backend/migrations
total=168 applied=168 pending=0
migrations complete
schema: strict migrations complete
backend: active
backend health: verified (drain still enabled)
worker: active (pid 3444038)
worker code parity: commit=f92c863b5 directory=/home/clawd/projects/economy-fastforward/storyengine/backend
DONE — deployed f92c863b5; automatic undrain follows (log: /home/clawd/deploys.log)
{"drain":{"mode":"normal","reason":"deploy command exited with status 0","owner":"deploy:image-citation-recovery","changed_at":"2026-09-16 01:29:02.612180+00:00","draining":false},"active_work":{"background_tasks":0,"generation_claims":0,"total":0},"checked_at":"2026-09-16T01:29:02.756793+00:00"}
-- post-deploy health --
== services ==
storyengine-backend: active
storyengine-frontend: active
== api ==
{"status":"healthy","service":"storyengine-api","database":true,"active_tasks":0,"active_work":{"background_tasks":0,"generation_claims":0,"total":0},"drain":{"mode":"normal","reason":"deploy command exited with status 0","owner":"deploy:image-citation-recovery","changed_at":"2026-09-16T01:29:02.612180+00:00","known":true,"draining":false},"storage":true,"queue":"arq","youtube_quota":{"date_pt":"2026-09-15","general":{"used":620,"limit":9000,"remaining":8380,"project_limit":10000,"configured_ceiling":9000},"video_uploads":{"used":1,"limit":100,"remaining":99},"search_calls":{"used":19,"limit":100,"remaining":81},"units_used":620,"ceiling":9000,"remaining":8380}}
== frontend ==
http 200
== deploy lock ==
no lock (clear to deploy)
== last deploy ==
2026-09-16T01:29:02Z image-citation-recovery deployed c691ebe38 -> f92c863b5 
== disk ==
/dev/sda1       193G   60G  134G  31% /
