{
  "at": "2026-09-15T20:46:35.555364+00:00",
  "task": {
    "status": "pending",
    "message": "roster_images queued \u2014 job_id=roster_images:44dbf2b2-a27a-47ea-a608-4c31c906be9a:1",
    "error": null,
    "via_agent": null,
    "needs_review": false,
    "task_type": "roster_images"
  },
  "video_status": "idea_logged",
  "roster_count": 20,
  "roster_status": "completed",
  "images": {
    "total": 20,
    "status": "running",
    "missing": [
      "SS-163 through SS-165 Barracuda (V-1) class",
      "SS-417 through SS-525 Tench class",
      "AGSS-569 Albacore class",
      "SS-580 through SS-582 Barbel class",
      "SSN-571 Nautilus class",
      "SSN-585, SSN-588 through SSN-592 Skipjack class",
      "SSN-593 through SSN-621 Thresher/Permit class",
      "SSN-637 through SSN-687 Sturgeon class",
      "SSN-688 through SSN-773 Los Angeles class",
      "SSN-21 through SSN-23 Seawolf class",
      "SSN-774 through SSN-799+ Virginia class",
      "SSBN-598 through SSBN-602 George Washington class",
      "SSBN-608 through SSBN-615 Ethan Allen class",
      "SSBN-616 through SSBN-645 Lafayette class"
    ],
    "version": 1,
    "verified": 6,
    "processed": 9,
    "roster_fingerprint": "170a2100931107847b02fe7b4539455032426dadce26743786fec94200356893"
  },
  "ready_cards": 1,
  "saved_card_count": 1,
  "history_counts": [
    58
  ],
  "verified_refs": 6
}
