{"drain":{"mode":"draining","reason":"safe production deploy","owner":"deploy:image-gather-progress","changed_at":"2026-09-15 20:58:18.152568+00:00","draining":true},"active_work":{"background_tasks":0,"generation_claims":0,"total":0},"checked_at":"2026-09-15T20:58:18.293666+00:00"}
drain: enabled; waiting for active work to finish (timeout 7200s)
{"drain":{"mode":"draining","reason":"safe production deploy","owner":"deploy:image-gather-progress","changed_at":"2026-09-15 20:58:18.152568+00:00","draining":true},"active_work":{"background_tasks":0,"generation_claims":0,"total":0},"checked_at":"2026-09-15T20:58:18.626304+00:00"}
{"drain":{"mode":"draining","reason":"safe production deploy","owner":"deploy:image-gather-progress","changed_at":"2026-09-15 20:58:18.152568+00:00","draining":true},"active_work":{"background_tasks":0,"generation_claims":0,"total":0},"checked_at":"2026-09-15T20:58:23.657172+00:00"}
From https://github.com/vibecoder10/economy-fastforward
   82201e549..57d6a8297  main       -> origin/main
Updating 82201e549..57d6a8297
Fast-forward
 storyengine/IMAGE-GATHER-PLAN.md                             |  4 ++++
 storyengine/backend/routes/pipeline.py                       |  6 +++---
 .../frontend/src/components/production/RosterStagePanel.tsx  |  1 +
 storyengine/frontend/tests/image-gather-stage.test.mjs       | 12 ++++++++++++
 4 files changed, 20 insertions(+), 3 deletions(-)
code: 82201e549 -> 57d6a8297
migrations_dir=/home/clawd/projects/economy-fastforward/storyengine/backend/migrations
total=168 applied=168 pending=0
migrations complete
schema: strict migrations complete
backend: active
backend health: verified (drain still enabled)
worker: active (pid 3349858)
worker code parity: commit=57d6a8297 directory=/home/clawd/projects/economy-fastforward/storyengine/backend

> frontend@1.0.0 build
> next build --webpack

▲ Next.js 16.2.1 (webpack)
- Environments: .env.local

  Creating an optimized production build ...
✓ Compiled successfully in 9.7s
  Running TypeScript ...
  Finished TypeScript in 21.6s ...
  Collecting page data using 3 workers ...
  Generating static pages using 3 workers (0/34) ...
  Generating static pages using 3 workers (8/34) 
  Generating static pages using 3 workers (16/34) 
  Generating static pages using 3 workers (25/34) 
✓ Generating static pages using 3 workers (34/34) in 565ms
  Finalizing page optimization ...
  Collecting build traces ...

Route (app)
┌ ○ /
├ ○ /_not-found
├ ○ /activity
├ ○ /analytics
├ ○ /autopilot
├ ○ /billing
├ ○ /calendar
├ ○ /chat
├ ƒ /chat/[videoId]
├ ○ /dashboard
├ ○ /demo
├ ○ /discovery
├ ○ /docs
├ ○ /forgot-password
├ ○ /ideas
├ ○ /learnings
├ ○ /login
├ ○ /onboarding
├ ○ /pipeline
├ ƒ /pipeline/[videoId]
├ ○ /pricing
├ ○ /privacy
├ ○ /profile
├ ○ /render
├ ○ /reset-password
├ ○ /review
├ ƒ /scene-control/[videoId]
├ ○ /settings
├ ○ /settings/agent-access
├ ○ /settings/drive-callback
├ ○ /settings/keys
├ ○ /settings/youtube-callback
├ ○ /system-prompts
├ ○ /terms
├ ○ /verify-email
└ ○ /videos


○  (Static)   prerendered as static content
ƒ  (Dynamic)  server-rendered on demand

frontend: activating
frontend health: HTTP 200
DONE — deployed 57d6a8297; automatic undrain follows (log: /home/clawd/deploys.log)
{"drain":{"mode":"normal","reason":"deploy command exited with status 0","owner":"deploy:image-gather-progress","changed_at":"2026-09-15 20:59:38.836603+00:00","draining":false},"active_work":{"background_tasks":0,"generation_claims":0,"total":0},"checked_at":"2026-09-15T20:59:38.966603+00:00"}
-- post-deploy health --
== services ==
storyengine-backend: active
storyengine-frontend: active
== api ==
{"status":"healthy","service":"storyengine-api","database":true,"active_tasks":0,"active_work":{"background_tasks":0,"generation_claims":0,"total":0},"drain":{"mode":"normal","reason":"deploy command exited with status 0","owner":"deploy:image-gather-progress","changed_at":"2026-09-15T20:59:38.836603+00:00","known":true,"draining":false},"storage":true,"queue":"arq","youtube_quota":{"date_pt":"2026-09-15","general":{"used":500,"limit":9000,"remaining":8500,"project_limit":10000,"configured_ceiling":9000},"video_uploads":{"used":1,"limit":100,"remaining":99},"search_calls":{"used":15,"limit":100,"remaining":85},"units_used":500,"ceiling":9000,"remaining":8500}}
== frontend ==
http 200
== deploy lock ==
no lock (clear to deploy)
== last deploy ==
2026-09-15T20:59:38Z image-gather-progress deployed 82201e549 -> 57d6a8297 --with-frontend
== disk ==
/dev/sda1       193G   60G  134G  31% /
