{"drain":{"mode":"draining","reason":"safe production deploy","owner":"deploy:image-selection-evidence","changed_at":"2026-09-15 23:28:36.575792+00:00","draining":true},"active_work":{"background_tasks":0,"generation_claims":0,"total":0},"checked_at":"2026-09-15T23:28:36.726759+00:00"}
drain: enabled; waiting for active work to finish (timeout 7200s)
{"drain":{"mode":"draining","reason":"safe production deploy","owner":"deploy:image-selection-evidence","changed_at":"2026-09-15 23:28:36.575792+00:00","draining":true},"active_work":{"background_tasks":0,"generation_claims":0,"total":0},"checked_at":"2026-09-15T23:28:37.095907+00:00"}
{"drain":{"mode":"draining","reason":"safe production deploy","owner":"deploy:image-selection-evidence","changed_at":"2026-09-15 23:28:36.575792+00:00","draining":true},"active_work":{"background_tasks":0,"generation_claims":0,"total":0},"checked_at":"2026-09-15T23:28:42.127240+00:00"}
From https://github.com/vibecoder10/economy-fastforward
   d0ebcc979..659f03455  main       -> origin/main
Updating d0ebcc979..659f03455
Fast-forward
 storyengine/IMAGE-SELECTION-PLAN.md                   |  6 ++++++
 storyengine/backend/reference_selection.py            |  8 ++++++--
 storyengine/backend/reference_sources.py              | 15 +++++++++++++--
 storyengine/backend/tests/test_reference_selection.py | 10 ++++++++--
 storyengine/backend/tests/test_reference_sources.py   |  6 ++++++
 5 files changed, 39 insertions(+), 6 deletions(-)
code: d0ebcc979 -> 659f03455
migrations_dir=/home/clawd/projects/economy-fastforward/storyengine/backend/migrations
total=168 applied=168 pending=0
migrations complete
schema: strict migrations complete
backend: active
backend health: verified (drain still enabled)
worker: active (pid 3402571)
worker code parity: commit=659f03455 directory=/home/clawd/projects/economy-fastforward/storyengine/backend
DONE — deployed 659f03455; automatic undrain follows (log: /home/clawd/deploys.log)
{"drain":{"mode":"normal","reason":"deploy command exited with status 0","owner":"deploy:image-selection-evidence","changed_at":"2026-09-15 23:29:01.255885+00:00","draining":false},"active_work":{"background_tasks":0,"generation_claims":0,"total":0},"checked_at":"2026-09-15T23:29:01.403184+00:00"}
-- post-deploy health --
== services ==
storyengine-backend: active
storyengine-frontend: active
== api ==
{"status":"healthy","service":"storyengine-api","database":true,"active_tasks":0,"active_work":{"background_tasks":0,"generation_claims":0,"total":0},"drain":{"mode":"normal","reason":"deploy command exited with status 0","owner":"deploy:image-selection-evidence","changed_at":"2026-09-15T23:29:01.255885+00:00","known":true,"draining":false},"storage":true,"queue":"arq","youtube_quota":{"date_pt":"2026-09-15","general":{"used":560,"limit":9000,"remaining":8440,"project_limit":10000,"configured_ceiling":9000},"video_uploads":{"used":1,"limit":100,"remaining":99},"search_calls":{"used":17,"limit":100,"remaining":83},"units_used":560,"ceiling":9000,"remaining":8440}}
== frontend ==
http 200
== deploy lock ==
no lock (clear to deploy)
== last deploy ==
2026-09-15T23:29:00Z image-selection-evidence deployed d0ebcc979 -> 659f03455 
== disk ==
/dev/sda1       193G   60G  134G  31% /
