{"drain":{"mode":"draining","reason":"safe production deploy","owner":"deploy:representative-roster-20260916","changed_at":"2026-09-16 19:22:37.049058+00:00","draining":true},"active_work":{"background_tasks":0,"generation_claims":0,"total":0},"checked_at":"2026-09-16T19:22:37.182571+00:00"}
drain: enabled; waiting for active work to finish (timeout 7200s)
{"drain":{"mode":"draining","reason":"safe production deploy","owner":"deploy:representative-roster-20260916","changed_at":"2026-09-16 19:22:37.049058+00:00","draining":true},"active_work":{"background_tasks":0,"generation_claims":0,"total":0},"checked_at":"2026-09-16T19:22:37.582299+00:00"}
{"drain":{"mode":"draining","reason":"safe production deploy","owner":"deploy:representative-roster-20260916","changed_at":"2026-09-16 19:22:37.049058+00:00","draining":true},"active_work":{"background_tasks":0,"generation_claims":0,"total":0},"checked_at":"2026-09-16T19:22:42.615337+00:00"}
From https://github.com/vibecoder10/economy-fastforward
   d8b010fdf..9a29062a7  main       -> origin/main
Updating d8b010fdf..9a29062a7
Fast-forward
 skills/video-pipeline/research/agent.py            |  4 +-
 storyengine/backend/roster_coverage.py             |  4 +-
 storyengine/backend/roster_selection.py            | 47 ++++++++++++++++++-
 .../backend/tests/test_representative_roster.py    | 52 ++++++++++++++++++++++
 .../backend/tests/test_runtime_roster_selection.py |  5 ++-
 5 files changed, 107 insertions(+), 5 deletions(-)
 create mode 100644 storyengine/backend/tests/test_representative_roster.py
code: d8b010fdf -> 9a29062a7
migrations_dir=/home/clawd/projects/economy-fastforward/storyengine/backend/migrations
total=168 applied=168 pending=0
migrations complete
schema: strict migrations complete
backend: active
backend health: verified (drain still enabled)
worker: active (pid 3801976)
worker code parity: commit=9a29062a7 directory=/home/clawd/projects/economy-fastforward/storyengine/backend
DONE — deployed 9a29062a7; automatic undrain follows (log: /home/clawd/deploys.log)
{"drain":{"mode":"normal","reason":"deploy command exited with status 0","owner":"deploy:representative-roster-20260916","changed_at":"2026-09-16 19:23:01.912272+00:00","draining":false},"active_work":{"background_tasks":0,"generation_claims":0,"total":0},"checked_at":"2026-09-16T19:23:02.096793+00:00"}
-- post-deploy health --
== services ==
storyengine-backend: active
storyengine-frontend: active
== api ==
{"status":"healthy","service":"storyengine-api","database":true,"active_tasks":0,"active_work":{"background_tasks":0,"generation_claims":0,"total":0},"drain":{"mode":"normal","reason":"deploy command exited with status 0","owner":"deploy:representative-roster-20260916","changed_at":"2026-09-16T19:23:01.912272+00:00","known":true,"draining":false},"storage":true,"queue":"arq","youtube_quota":{"date_pt":"2026-09-16","general":{"used":30,"limit":9000,"remaining":8970,"project_limit":10000,"configured_ceiling":9000},"video_uploads":{"used":0,"limit":100,"remaining":100},"search_calls":{"used":1,"limit":100,"remaining":99},"units_used":30,"ceiling":9000,"remaining":8970}}
== frontend ==
http 200
== deploy lock ==
no lock (clear to deploy)
== last deploy ==
2026-09-16T19:23:01Z representative-roster-20260916 deployed d8b010fdf -> 9a29062a7 
== disk ==
/dev/sda1       193G   60G  134G  31% /
