{"drain":{"mode":"draining","reason":"safe production deploy","owner":"deploy:submarine-roster-recovery","changed_at":"2026-09-15 17:47:58.353627+00:00","draining":true},"active_work":{"background_tasks":0,"generation_claims":0,"total":0},"checked_at":"2026-09-15T17:47:58.517439+00:00"}
drain: enabled; waiting for active work to finish (timeout 7200s)
{"drain":{"mode":"draining","reason":"safe production deploy","owner":"deploy:submarine-roster-recovery","changed_at":"2026-09-15 17:47:58.353627+00:00","draining":true},"active_work":{"background_tasks":0,"generation_claims":0,"total":0},"checked_at":"2026-09-15T17:47:58.842014+00:00"}
{"drain":{"mode":"draining","reason":"safe production deploy","owner":"deploy:submarine-roster-recovery","changed_at":"2026-09-15 17:47:58.353627+00:00","draining":true},"active_work":{"background_tasks":0,"generation_claims":0,"total":0},"checked_at":"2026-09-15T17:48:03.875126+00:00"}
From https://github.com/vibecoder10/economy-fastforward
   c5fad1198..6302489d0  main       -> origin/main
Updating c5fad1198..6302489d0
Fast-forward
 skills/video-pipeline/research/agent.py            | 29 ++++++++-
 storyengine/backend/error_utils.py                 |  5 ++
 .../backend/tests/test_research_format_recovery.py | 70 ++++++++++++++++++++++
 .../components/production/StaticDocuStageRail.tsx  |  7 ++-
 .../frontend/tests/research-stage-status.test.mjs  | 29 +++++++++
 5 files changed, 137 insertions(+), 3 deletions(-)
 create mode 100644 storyengine/backend/tests/test_research_format_recovery.py
 create mode 100644 storyengine/frontend/tests/research-stage-status.test.mjs
code: c5fad1198 -> 6302489d0
migrations_dir=/home/clawd/projects/economy-fastforward/storyengine/backend/migrations
total=168 applied=168 pending=0
migrations complete
schema: strict migrations complete
backend: active
backend health: verified (drain still enabled)
worker: active (pid 3278484)
worker code parity: commit=6302489d0 directory=/home/clawd/projects/economy-fastforward/storyengine/backend

> frontend@1.0.0 build
> next build --webpack

▲ Next.js 16.2.1 (webpack)
- Environments: .env.local

  Creating an optimized production build ...
✓ Compiled successfully in 19.4s
  Running TypeScript ...
  Finished TypeScript in 23.8s ...
  Collecting page data using 3 workers ...
  Generating static pages using 3 workers (0/34) ...
  Generating static pages using 3 workers (8/34) 
  Generating static pages using 3 workers (16/34) 
  Generating static pages using 3 workers (25/34) 
✓ Generating static pages using 3 workers (34/34) in 706ms
  Finalizing page optimization ...
  Collecting build traces ...

Route (app)
┌ ○ /
├ ○ /_not-found
├ ○ /activity
├ ○ /analytics
├ ○ /autopilot
├ ○ /billing
├ ○ /calendar
├ ○ /chat
├ ƒ /chat/[videoId]
├ ○ /dashboard
├ ○ /demo
├ ○ /discovery
├ ○ /docs
├ ○ /forgot-password
├ ○ /ideas
├ ○ /learnings
├ ○ /login
├ ○ /onboarding
├ ○ /pipeline
├ ƒ /pipeline/[videoId]
├ ○ /pricing
├ ○ /privacy
├ ○ /profile
├ ○ /render
├ ○ /reset-password
├ ○ /review
├ ƒ /scene-control/[videoId]
├ ○ /settings
├ ○ /settings/agent-access
├ ○ /settings/drive-callback
├ ○ /settings/keys
├ ○ /settings/youtube-callback
├ ○ /system-prompts
├ ○ /terms
├ ○ /verify-email
└ ○ /videos


○  (Static)   prerendered as static content
ƒ  (Dynamic)  server-rendered on demand

frontend: activating
frontend health: HTTP 200
DONE — deployed 6302489d0; automatic undrain follows (log: /home/clawd/deploys.log)
{"drain":{"mode":"normal","reason":"deploy command exited with status 0","owner":"deploy:submarine-roster-recovery","changed_at":"2026-09-15 17:49:31.539755+00:00","draining":false},"active_work":{"background_tasks":0,"generation_claims":0,"total":0},"checked_at":"2026-09-15T17:49:31.683224+00:00"}
-- post-deploy health --
== services ==
storyengine-backend: active
storyengine-frontend: active
== api ==
{"status":"healthy","service":"storyengine-api","database":true,"active_tasks":0,"active_work":{"background_tasks":0,"generation_claims":0,"total":0},"drain":{"mode":"normal","reason":"deploy command exited with status 0","owner":"deploy:submarine-roster-recovery","changed_at":"2026-09-15T17:49:31.539755+00:00","known":true,"draining":false},"storage":true,"queue":"arq","youtube_quota":{"date_pt":"2026-09-15","general":{"used":290,"limit":9000,"remaining":8710,"project_limit":10000,"configured_ceiling":9000},"video_uploads":{"used":1,"limit":100,"remaining":99},"search_calls":{"used":8,"limit":100,"remaining":92},"units_used":290,"ceiling":9000,"remaining":8710}}
== frontend ==
http 200
== deploy lock ==
no lock (clear to deploy)
== last deploy ==
2026-09-15T17:49:31Z submarine-roster-recovery deployed c5fad1198 -> 6302489d0 --with-frontend
== disk ==
/dev/sda1       193G   60G  134G  31% /
