{"drain":{"mode":"draining","reason":"safe production deploy","owner":"deploy:dvsu-compact-brief-20260916","changed_at":"2026-09-16 23:18:04.227124+00:00","draining":true},"active_work":{"background_tasks":0,"generation_claims":0,"total":0},"checked_at":"2026-09-16T23:18:04.399206+00:00"}
drain: enabled; waiting for active work to finish (timeout 7200s)
{"drain":{"mode":"draining","reason":"safe production deploy","owner":"deploy:dvsu-compact-brief-20260916","changed_at":"2026-09-16 23:18:04.227124+00:00","draining":true},"active_work":{"background_tasks":0,"generation_claims":0,"total":0},"checked_at":"2026-09-16T23:18:04.740370+00:00"}
{"drain":{"mode":"draining","reason":"safe production deploy","owner":"deploy:dvsu-compact-brief-20260916","changed_at":"2026-09-16 23:18:04.227124+00:00","draining":true},"active_work":{"background_tasks":0,"generation_claims":0,"total":0},"checked_at":"2026-09-16T23:18:09.767740+00:00"}
From https://github.com/vibecoder10/economy-fastforward
   1857c383e..cc9ee724b  main       -> origin/main
Updating 1857c383e..cc9ee724b
Fast-forward
 storyengine/backend/dvsu_research_handoff.py       | 109 ++++++++++++++++
 storyengine/backend/dvsu_script_brief.py           | 143 +++++++++++++++++++++
 storyengine/backend/factual_machine_pipeline.py    |  15 ++-
 storyengine/backend/factual_machine_summary.py     | 131 +++++++++++++++----
 storyengine/backend/factual_source_search.py       |  13 +-
 storyengine/backend/pipeline_executor.py           |  23 +++-
 storyengine/backend/research_claim_assessment.py   |  23 +++-
 storyengine/backend/script_research_packet.py      |  24 +++-
 .../backend/tests/test_dvsu_research_handoff.py    | 106 +++++++++++++++
 .../backend/tests/test_dvsu_script_brief.py        |  81 ++++++++++++
 .../backend/tests/test_dvsu_script_writer.py       | 133 +++++++++++++++++++
 .../tests/test_script_compiler_integration.py      |  38 ++++--
 .../backend/tests/test_script_research_packet.py   |  17 ++-
 .../tests/test_submarine_research_integration.py   |   8 ++
 .../src/components/production/ResearchTab.tsx      |   4 +-
 .../production/ScriptVoiceTab.factual.test.ts      |  19 ++-
 .../src/components/production/ScriptVoiceTab.tsx   |  20 +++
 17 files changed, 848 insertions(+), 59 deletions(-)
 create mode 100644 storyengine/backend/dvsu_research_handoff.py
 create mode 100644 storyengine/backend/dvsu_script_brief.py
 create mode 100644 storyengine/backend/tests/test_dvsu_research_handoff.py
 create mode 100644 storyengine/backend/tests/test_dvsu_script_brief.py
 create mode 100644 storyengine/backend/tests/test_dvsu_script_writer.py
code: 1857c383e -> cc9ee724b
migrations_dir=/home/clawd/projects/economy-fastforward/storyengine/backend/migrations
total=168 applied=168 pending=0
migrations complete
schema: strict migrations complete
backend: active
backend health: verified (drain still enabled)
worker: active (pid 3888296)
worker code parity: commit=cc9ee724b directory=/home/clawd/projects/economy-fastforward/storyengine/backend

> frontend@1.0.0 build
> next build --webpack

▲ Next.js 16.2.1 (webpack)
- Environments: .env.local

  Creating an optimized production build ...
✓ Compiled successfully in 10.5s
  Running TypeScript ...
  Finished TypeScript in 20.9s ...
  Collecting page data using 3 workers ...
  Generating static pages using 3 workers (0/34) ...
  Generating static pages using 3 workers (8/34) 
  Generating static pages using 3 workers (16/34) 
  Generating static pages using 3 workers (25/34) 
✓ Generating static pages using 3 workers (34/34) in 547ms
  Finalizing page optimization ...
  Collecting build traces ...

Route (app)
┌ ○ /
├ ○ /_not-found
├ ○ /activity
├ ○ /analytics
├ ○ /autopilot
├ ○ /billing
├ ○ /calendar
├ ○ /chat
├ ƒ /chat/[videoId]
├ ○ /dashboard
├ ○ /demo
├ ○ /discovery
├ ○ /docs
├ ○ /forgot-password
├ ○ /ideas
├ ○ /learnings
├ ○ /login
├ ○ /onboarding
├ ○ /pipeline
├ ƒ /pipeline/[videoId]
├ ○ /pricing
├ ○ /privacy
├ ○ /profile
├ ○ /render
├ ○ /reset-password
├ ○ /review
├ ƒ /scene-control/[videoId]
├ ○ /settings
├ ○ /settings/agent-access
├ ○ /settings/drive-callback
├ ○ /settings/keys
├ ○ /settings/youtube-callback
├ ○ /system-prompts
├ ○ /terms
├ ○ /verify-email
└ ○ /videos


○  (Static)   prerendered as static content
ƒ  (Dynamic)  server-rendered on demand

frontend: activating
frontend health: HTTP 200
DONE — deployed cc9ee724b; automatic undrain follows (log: /home/clawd/deploys.log)
{"drain":{"mode":"normal","reason":"deploy command exited with status 0","owner":"deploy:dvsu-compact-brief-20260916","changed_at":"2026-09-16 23:19:24.537329+00:00","draining":false},"active_work":{"background_tasks":0,"generation_claims":0,"total":0},"checked_at":"2026-09-16T23:19:24.666275+00:00"}
-- post-deploy health --
== services ==
storyengine-backend: active
storyengine-frontend: active
== api ==
{"status":"healthy","service":"storyengine-api","database":true,"active_tasks":0,"active_work":{"background_tasks":0,"generation_claims":0,"total":0},"drain":{"mode":"normal","reason":"deploy command exited with status 0","owner":"deploy:dvsu-compact-brief-20260916","changed_at":"2026-09-16T23:19:24.537329+00:00","known":true,"draining":false},"storage":true,"queue":"arq","youtube_quota":{"date_pt":"2026-09-16","general":{"used":300,"limit":9000,"remaining":8700,"project_limit":10000,"configured_ceiling":9000},"video_uploads":{"used":0,"limit":100,"remaining":100},"search_calls":{"used":10,"limit":100,"remaining":90},"units_used":300,"ceiling":9000,"remaining":8700}}
== frontend ==
http 200
== deploy lock ==
no lock (clear to deploy)
== last deploy ==
2026-09-16T23:19:24Z dvsu-compact-brief-20260916 deployed 1857c383e -> cc9ee724b --with-frontend
== disk ==
/dev/sda1       193G   60G  134G  31% /
