Traceback (most recent call last):
  File "/home/clawd/projects/economy-fastforward/storyengine/docs/plunger-purpose-2026-09-17/ss2-copyedit-cas-save.py", line 115, in <module>
    if __name__=='__main__': main()
                             ^^^^^^
  File "/home/clawd/projects/economy-fastforward/storyengine/docs/plunger-purpose-2026-09-17/ss2-copyedit-cas-save.py", line 113, in main
    import asyncio; asyncio.run(apply(receipt,baseline))
                    ^^^^^^^^^^^^^^^^^^^^^^^^^^^^^^^^^^^^
  File "/usr/lib/python3.12/asyncio/runners.py", line 194, in run
    return runner.run(main)
           ^^^^^^^^^^^^^^^^
  File "/usr/lib/python3.12/asyncio/runners.py", line 118, in run
    return self._loop.run_until_complete(task)
           ^^^^^^^^^^^^^^^^^^^^^^^^^^^^^^^^^^^
  File "/usr/lib/python3.12/asyncio/base_events.py", line 687, in run_until_complete
    return future.result()
           ^^^^^^^^^^^^^^^
  File "/home/clawd/projects/economy-fastforward/storyengine/docs/plunger-purpose-2026-09-17/ss2-copyedit-cas-save.py", line 106, in apply
    if result != 'UPDATE 1': raise RuntimeError(f'CAS refused concurrent state: {result}')
                             ^^^^^^^^^^^^^^^^^^^^^^^^^^^^^^^^^^^^^^^^^^^^^^^^^^^^^^^^^^^^^
RuntimeError: CAS refused concurrent state: UPDATE 0
