Sep 17 11:10:49 srv1318038 python3[3914160]: {"timestamp": "2026-09-17T11:10:49.621764+00:00", "level": "INFO", "message": "GET /api/pipeline/stream \u2192 200 (10ms)", "module": "logging_config", "duration_ms": 9.7}
Sep 17 11:10:51 srv1318038 python3[3914160]: {"timestamp": "2026-09-17T11:10:51.532685+00:00", "level": "INFO", "message": "GET /api/pipeline/task/44dbf2b2-a27a-47ea-a608-4c31c906be9a \u2192 200 (152ms)", "module": "logging_config", "tenant_id": "ee93e6d1", "duration_ms": 151.7}
Sep 17 11:10:51 srv1318038 python3[3914160]: {"timestamp": "2026-09-17T11:10:51.533135+00:00", "level": "INFO", "message": "GET /api/pipeline/task/44dbf2b2-a27a-47ea-a608-4c31c906be9a \u2192 200 (159ms)", "module": "logging_config", "tenant_id": "ee93e6d1", "duration_ms": 158.9}
Sep 17 11:27:14 srv1318038 python3[3914160]: {"timestamp": "2026-09-17T11:27:14.214228+00:00", "level": "INFO", "message": "GET /api/pipeline/stream \u2192 200 (5ms)", "module": "logging_config", "duration_ms": 5.3}
Sep 17 11:27:14 srv1318038 python3[3914160]: {"timestamp": "2026-09-17T11:27:14.214465+00:00", "level": "INFO", "message": "GET /api/pipeline/stream \u2192 200 (5ms)", "module": "logging_config", "duration_ms": 5.3}
Sep 17 11:27:14 srv1318038 python3[3914160]: {"timestamp": "2026-09-17T11:27:14.219934+00:00", "level": "INFO", "message": "GET /api/pipeline/stream \u2192 200 (5ms)", "module": "logging_config", "duration_ms": 4.9}
Sep 17 11:27:14 srv1318038 python3[3914160]: {"timestamp": "2026-09-17T11:27:14.221521+00:00", "level": "INFO", "message": "GET /api/pipeline/stream \u2192 200 (7ms)", "module": "logging_config", "duration_ms": 6.9}
Sep 17 11:36:17 srv1318038 python3[3914160]: {"timestamp": "2026-09-17T11:36:17.256732+00:00", "level": "INFO", "message": "GET /api/pipeline/stream \u2192 200 (6ms)", "module": "logging_config", "duration_ms": 5.5}
Sep 17 11:36:17 srv1318038 python3[3914160]: {"timestamp": "2026-09-17T11:36:17.257006+00:00", "level": "INFO", "message": "GET /api/pipeline/stream \u2192 200 (6ms)", "module": "logging_config", "duration_ms": 5.5}
Sep 17 11:36:17 srv1318038 python3[3914160]: {"timestamp": "2026-09-17T11:36:17.263223+00:00", "level": "INFO", "message": "GET /api/pipeline/stream \u2192 200 (6ms)", "module": "logging_config", "duration_ms": 5.8}
Sep 17 11:36:17 srv1318038 python3[3914160]: {"timestamp": "2026-09-17T11:36:17.265181+00:00", "level": "INFO", "message": "GET /api/pipeline/stream \u2192 200 (9ms)", "module": "logging_config", "duration_ms": 8.6}
Sep 17 11:46:56 srv1318038 python3[3914160]: {"timestamp": "2026-09-17T11:46:56.917317+00:00", "level": "INFO", "message": "GET /api/pipeline/stream \u2192 200 (6ms)", "module": "logging_config", "duration_ms": 6.2}
Sep 17 11:46:56 srv1318038 python3[3914160]: {"timestamp": "2026-09-17T11:46:56.917517+00:00", "level": "INFO", "message": "GET /api/pipeline/stream \u2192 200 (6ms)", "module": "logging_config", "duration_ms": 6.2}
Sep 17 11:46:56 srv1318038 python3[3914160]: {"timestamp": "2026-09-17T11:46:56.921369+00:00", "level": "INFO", "message": "GET /api/pipeline/stream \u2192 200 (6ms)", "module": "logging_config", "duration_ms": 5.6}
Sep 17 11:46:56 srv1318038 python3[3914160]: {"timestamp": "2026-09-17T11:46:56.921539+00:00", "level": "INFO", "message": "GET /api/pipeline/stream \u2192 200 (6ms)", "module": "logging_config", "duration_ms": 6.2}
Sep 17 12:02:07 srv1318038 python3[3914160]: {"timestamp": "2026-09-17T12:02:07.214043+00:00", "level": "INFO", "message": "GET /api/pipeline/stream \u2192 200 (6ms)", "module": "logging_config", "duration_ms": 6.5}
Sep 17 12:02:07 srv1318038 python3[3914160]: {"timestamp": "2026-09-17T12:02:07.216922+00:00", "level": "INFO", "message": "GET /api/pipeline/stream \u2192 200 (8ms)", "module": "logging_config", "duration_ms": 8.5}
Sep 17 12:02:07 srv1318038 python3[3914160]: {"timestamp": "2026-09-17T12:02:07.224386+00:00", "level": "INFO", "message": "GET /api/pipeline/stream \u2192 200 (4ms)", "module": "logging_config", "duration_ms": 4.5}
Sep 17 12:02:07 srv1318038 python3[3914160]: {"timestamp": "2026-09-17T12:02:07.227010+00:00", "level": "INFO", "message": "GET /api/pipeline/stream \u2192 200 (7ms)", "module": "logging_config", "duration_ms": 6.7}
Sep 17 12:18:32 srv1318038 python3[3914160]: {"timestamp": "2026-09-17T12:18:32.009692+00:00", "level": "INFO", "message": "GET /api/pipeline/stream \u2192 200 (6ms)", "module": "logging_config", "duration_ms": 6.4}
Sep 17 12:18:32 srv1318038 python3[3914160]: {"timestamp": "2026-09-17T12:18:32.011747+00:00", "level": "INFO", "message": "GET /api/pipeline/stream \u2192 200 (8ms)", "module": "logging_config", "duration_ms": 8.1}
Sep 17 12:18:32 srv1318038 python3[3914160]: {"timestamp": "2026-09-17T12:18:32.017863+00:00", "level": "INFO", "message": "GET /api/pipeline/stream \u2192 200 (9ms)", "module": "logging_config", "duration_ms": 8.7}
Sep 17 12:18:32 srv1318038 python3[3914160]: {"timestamp": "2026-09-17T12:18:32.019782+00:00", "level": "INFO", "message": "GET /api/pipeline/stream \u2192 200 (10ms)", "module": "logging_config", "duration_ms": 10.3}
Sep 17 12:34:46 srv1318038 python3[3914160]: {"timestamp": "2026-09-17T12:34:46.542205+00:00", "level": "INFO", "message": "GET /api/pipeline/stream \u2192 200 (2ms)", "module": "logging_config", "duration_ms": 2.5}
Sep 17 12:34:47 srv1318038 python3[3914160]: {"timestamp": "2026-09-17T12:34:47.324688+00:00", "level": "INFO", "message": "GET /api/pipeline/stream \u2192 200 (3ms)", "module": "logging_config", "duration_ms": 2.8}
Sep 17 12:34:47 srv1318038 python3[3914160]: {"timestamp": "2026-09-17T12:34:47.502504+00:00", "level": "INFO", "message": "GET /api/pipeline/stream \u2192 200 (4ms)", "module": "logging_config", "duration_ms": 3.5}
Sep 17 12:34:47 srv1318038 python3[3914160]: {"timestamp": "2026-09-17T12:34:47.503367+00:00", "level": "INFO", "message": "GET /api/pipeline/stream \u2192 200 (4ms)", "module": "logging_config", "duration_ms": 4.0}
Sep 17 12:37:17 srv1318038 python3[3914160]: {"timestamp": "2026-09-17T12:37:17.282562+00:00", "level": "INFO", "message": "GET /api/pipeline/stream \u2192 200 (6ms)", "module": "logging_config", "duration_ms": 6.1}
Sep 17 12:37:17 srv1318038 python3[3914160]: {"timestamp": "2026-09-17T12:37:17.282897+00:00", "level": "INFO", "message": "GET /api/pipeline/stream \u2192 200 (6ms)", "module": "logging_config", "duration_ms": 6.0}
Sep 17 12:37:17 srv1318038 python3[3914160]: {"timestamp": "2026-09-17T12:37:17.567324+00:00", "level": "INFO", "message": "GET /api/pipeline/stream \u2192 200 (4ms)", "module": "logging_config", "duration_ms": 4.5}
Sep 17 12:37:17 srv1318038 python3[3914160]: {"timestamp": "2026-09-17T12:37:17.567584+00:00", "level": "INFO", "message": "GET /api/pipeline/stream \u2192 200 (4ms)", "module": "logging_config", "duration_ms": 4.2}
Sep 17 12:54:15 srv1318038 python3[3914160]: {"timestamp": "2026-09-17T12:54:15.753407+00:00", "level": "INFO", "message": "GET /api/pipeline/stream \u2192 200 (5ms)", "module": "logging_config", "duration_ms": 5.3}
Sep 17 12:54:15 srv1318038 python3[3914160]: {"timestamp": "2026-09-17T12:54:15.755542+00:00", "level": "INFO", "message": "GET /api/pipeline/stream \u2192 200 (7ms)", "module": "logging_config", "duration_ms": 7.3}
Sep 17 12:54:15 srv1318038 python3[3914160]: {"timestamp": "2026-09-17T12:54:15.758924+00:00", "level": "INFO", "message": "GET /api/pipeline/stream \u2192 200 (5ms)", "module": "logging_config", "duration_ms": 4.8}
Sep 17 12:54:15 srv1318038 python3[3914160]: {"timestamp": "2026-09-17T12:54:15.759212+00:00", "level": "INFO", "message": "GET /api/pipeline/stream \u2192 200 (6ms)", "module": "logging_config", "duration_ms": 5.6}
Sep 17 13:11:06 srv1318038 python3[3914160]: {"timestamp": "2026-09-17T13:11:06.395212+00:00", "level": "INFO", "message": "GET /api/pipeline/stream \u2192 200 (9ms)", "module": "logging_config", "duration_ms": 8.9}
Sep 17 13:11:06 srv1318038 python3[3914160]: {"timestamp": "2026-09-17T13:11:06.397210+00:00", "level": "INFO", "message": "GET /api/pipeline/stream \u2192 200 (11ms)", "module": "logging_config", "duration_ms": 10.8}
Sep 17 13:11:06 srv1318038 python3[3914160]: {"timestamp": "2026-09-17T13:11:06.404852+00:00", "level": "INFO", "message": "GET /api/pipeline/stream \u2192 200 (10ms)", "module": "logging_config", "duration_ms": 9.7}
Sep 17 13:11:06 srv1318038 python3[3914160]: {"timestamp": "2026-09-17T13:11:06.405352+00:00", "level": "INFO", "message": "GET /api/pipeline/stream \u2192 200 (12ms)", "module": "logging_config", "duration_ms": 12.2}
Sep 17 13:26:51 srv1318038 python3[3914160]: {"timestamp": "2026-09-17T13:26:51.993630+00:00", "level": "INFO", "message": "GET /api/pipeline/stream \u2192 200 (10ms)", "module": "logging_config", "duration_ms": 10.3}
Sep 17 13:26:51 srv1318038 python3[3914160]: {"timestamp": "2026-09-17T13:26:51.998522+00:00", "level": "INFO", "message": "GET /api/pipeline/stream \u2192 200 (11ms)", "module": "logging_config", "duration_ms": 11.4}
Sep 17 13:26:52 srv1318038 python3[3914160]: {"timestamp": "2026-09-17T13:26:52.002762+00:00", "level": "INFO", "message": "GET /api/pipeline/stream \u2192 200 (12ms)", "module": "logging_config", "duration_ms": 12.2}
Sep 17 13:26:52 srv1318038 python3[3914160]: {"timestamp": "2026-09-17T13:26:52.003754+00:00", "level": "INFO", "message": "GET /api/pipeline/stream \u2192 200 (12ms)", "module": "logging_config", "duration_ms": 12.5}
Sep 17 13:26:52 srv1318038 python3[3914160]: {"timestamp": "2026-09-17T13:26:52.230563+00:00", "level": "INFO", "message": "GET /api/pipeline/task/44dbf2b2-a27a-47ea-a608-4c31c906be9a \u2192 200 (249ms)", "module": "logging_config", "tenant_id": "ee93e6d1", "duration_ms": 248.7}
Sep 17 13:26:52 srv1318038 python3[3914160]: {"timestamp": "2026-09-17T13:26:52.231561+00:00", "level": "INFO", "message": "GET /api/pipeline/task/44dbf2b2-a27a-47ea-a608-4c31c906be9a \u2192 200 (242ms)", "module": "logging_config", "tenant_id": "ee93e6d1", "duration_ms": 241.8}
Sep 17 13:36:34 srv1318038 python3[3914160]: {"timestamp": "2026-09-17T13:36:34.171947+00:00", "level": "INFO", "message": "GET /api/pipeline/stream \u2192 200 (12ms)", "module": "logging_config", "duration_ms": 11.9}
Sep 17 13:36:34 srv1318038 python3[3914160]: {"timestamp": "2026-09-17T13:36:34.174035+00:00", "level": "INFO", "message": "GET /api/pipeline/stream \u2192 200 (11ms)", "module": "logging_config", "duration_ms": 11.4}
Sep 17 13:36:34 srv1318038 python3[3914160]: {"timestamp": "2026-09-17T13:36:34.174250+00:00", "level": "INFO", "message": "GET /api/pipeline/stream \u2192 200 (14ms)", "module": "logging_config", "duration_ms": 13.8}
Sep 17 13:36:34 srv1318038 python3[3914160]: {"timestamp": "2026-09-17T13:36:34.175076+00:00", "level": "INFO", "message": "GET /api/pipeline/stream \u2192 200 (11ms)", "module": "logging_config", "duration_ms": 10.9}
Sep 17 13:38:17 srv1318038 python3[3914160]: {"timestamp": "2026-09-17T13:38:17.064836+00:00", "level": "INFO", "message": "GET /api/pipeline/stream \u2192 200 (6ms)", "module": "logging_config", "duration_ms": 6.4}
Sep 17 13:38:17 srv1318038 python3[3914160]: {"timestamp": "2026-09-17T13:38:17.071695+00:00", "level": "INFO", "message": "GET /api/pipeline/stream \u2192 200 (13ms)", "module": "logging_config", "duration_ms": 13.0}
Sep 17 13:38:17 srv1318038 python3[3914160]: {"timestamp": "2026-09-17T13:38:17.076114+00:00", "level": "INFO", "message": "GET /api/pipeline/stream \u2192 200 (8ms)", "module": "logging_config", "duration_ms": 7.8}
Sep 17 13:38:17 srv1318038 python3[3914160]: {"timestamp": "2026-09-17T13:38:17.076427+00:00", "level": "INFO", "message": "GET /api/pipeline/stream \u2192 200 (8ms)", "module": "logging_config", "duration_ms": 8.1}
Sep 17 13:40:37 srv1318038 python3[3914160]: {"timestamp": "2026-09-17T13:40:37.090020+00:00", "level": "INFO", "message": "GET /api/pipeline/stream \u2192 200 (11ms)", "module": "logging_config", "duration_ms": 11.1}
Sep 17 13:40:37 srv1318038 python3[3914160]: {"timestamp": "2026-09-17T13:40:37.092209+00:00", "level": "INFO", "message": "GET /api/pipeline/stream \u2192 200 (12ms)", "module": "logging_config", "duration_ms": 11.6}
Sep 17 13:40:37 srv1318038 python3[3914160]: {"timestamp": "2026-09-17T13:40:37.092391+00:00", "level": "INFO", "message": "GET /api/pipeline/stream \u2192 200 (14ms)", "module": "logging_config", "duration_ms": 13.8}
Sep 17 13:40:37 srv1318038 python3[3914160]: {"timestamp": "2026-09-17T13:40:37.094025+00:00", "level": "INFO", "message": "GET /api/pipeline/stream \u2192 200 (11ms)", "module": "logging_config", "duration_ms": 11.3}
Sep 17 13:40:51 srv1318038 python3[3914160]: {"timestamp": "2026-09-17T13:40:51.284097+00:00", "level": "INFO", "message": "GET /api/pipeline/stream \u2192 200 (11ms)", "module": "logging_config", "duration_ms": 10.7}
Sep 17 13:40:51 srv1318038 python3[3914160]: {"timestamp": "2026-09-17T13:40:51.287068+00:00", "level": "INFO", "message": "GET /api/pipeline/stream \u2192 200 (12ms)", "module": "logging_config", "duration_ms": 12.0}
Sep 17 13:40:51 srv1318038 python3[3914160]: {"timestamp": "2026-09-17T13:40:51.288533+00:00", "level": "INFO", "message": "GET /api/pipeline/stream \u2192 200 (11ms)", "module": "logging_config", "duration_ms": 10.7}
Sep 17 13:40:51 srv1318038 python3[3914160]: {"timestamp": "2026-09-17T13:40:51.291262+00:00", "level": "INFO", "message": "GET /api/pipeline/stream \u2192 200 (13ms)", "module": "logging_config", "duration_ms": 13.0}
Sep 17 13:41:09 srv1318038 python3[3914160]: {"timestamp": "2026-09-17T13:41:09.410934+00:00", "level": "INFO", "message": "GET /api/pipeline/stream \u2192 200 (5ms)", "module": "logging_config", "duration_ms": 5.4}
Sep 17 13:41:09 srv1318038 python3[3914160]: {"timestamp": "2026-09-17T13:41:09.419988+00:00", "level": "INFO", "message": "GET /api/pipeline/stream \u2192 200 (6ms)", "module": "logging_config", "duration_ms": 5.8}
Sep 17 13:41:09 srv1318038 python3[3914160]: {"timestamp": "2026-09-17T13:41:09.420698+00:00", "level": "INFO", "message": "GET /api/pipeline/stream \u2192 200 (15ms)", "module": "logging_config", "duration_ms": 14.8}
Sep 17 13:41:09 srv1318038 python3[3914160]: {"timestamp": "2026-09-17T13:41:09.422420+00:00", "level": "INFO", "message": "GET /api/pipeline/stream \u2192 200 (8ms)", "module": "logging_config", "duration_ms": 8.0}
Sep 17 13:45:39 srv1318038 python3[3914160]: {"timestamp": "2026-09-17T13:45:39.617258+00:00", "level": "INFO", "message": "GET /api/pipeline/task/44dbf2b2-a27a-47ea-a608-4c31c906be9a \u2192 200 (122ms)", "module": "logging_config", "tenant_id": "ee93e6d1", "duration_ms": 122.3}
Sep 17 13:45:39 srv1318038 python3[3914160]: {"timestamp": "2026-09-17T13:45:39.618066+00:00", "level": "INFO", "message": "GET /api/pipeline/task/44dbf2b2-a27a-47ea-a608-4c31c906be9a \u2192 200 (122ms)", "module": "logging_config", "tenant_id": "ee93e6d1", "duration_ms": 121.9}
Sep 17 13:45:41 srv1318038 python3[3914160]: {"timestamp": "2026-09-17T13:45:41.567788+00:00", "level": "INFO", "message": "GET /api/pipeline/stream \u2192 200 (8ms)", "module": "logging_config", "duration_ms": 8.5}
Sep 17 13:45:41 srv1318038 python3[3914160]: {"timestamp": "2026-09-17T13:45:41.568091+00:00", "level": "INFO", "message": "GET /api/pipeline/stream \u2192 200 (9ms)", "module": "logging_config", "duration_ms": 8.8}
Sep 17 13:45:41 srv1318038 python3[3914160]: {"timestamp": "2026-09-17T13:45:41.568214+00:00", "level": "INFO", "message": "GET /api/pipeline/stream \u2192 200 (9ms)", "module": "logging_config", "duration_ms": 8.9}
Sep 17 13:45:41 srv1318038 python3[3914160]: {"timestamp": "2026-09-17T13:45:41.568320+00:00", "level": "INFO", "message": "GET /api/pipeline/stream \u2192 200 (9ms)", "module": "logging_config", "duration_ms": 9.0}
Sep 17 13:51:43 srv1318038 python3[3914160]: {"timestamp": "2026-09-17T13:51:43.629600+00:00", "level": "INFO", "message": "GET /api/pipeline/stream \u2192 200 (9ms)", "module": "logging_config", "duration_ms": 9.0}
Sep 17 13:51:43 srv1318038 python3[3914160]: {"timestamp": "2026-09-17T13:51:43.637060+00:00", "level": "INFO", "message": "GET /api/pipeline/stream \u2192 200 (16ms)", "module": "logging_config", "duration_ms": 16.2}
Sep 17 13:51:43 srv1318038 python3[3914160]: {"timestamp": "2026-09-17T13:51:43.637268+00:00", "level": "INFO", "message": "GET /api/pipeline/stream \u2192 200 (10ms)", "module": "logging_config", "duration_ms": 10.3}
Sep 17 13:51:43 srv1318038 python3[3914160]: {"timestamp": "2026-09-17T13:51:43.640970+00:00", "level": "INFO", "message": "GET /api/pipeline/stream \u2192 200 (14ms)", "module": "logging_config", "duration_ms": 13.6}
Sep 17 13:52:10 srv1318038 python3[3914160]: {"timestamp": "2026-09-17T13:52:10.563479+00:00", "level": "INFO", "message": "GET /api/pipeline/stream \u2192 200 (11ms)", "module": "logging_config", "duration_ms": 11.3}
Sep 17 13:52:10 srv1318038 python3[3914160]: {"timestamp": "2026-09-17T13:52:10.569208+00:00", "level": "INFO", "message": "GET /api/pipeline/stream \u2192 200 (17ms)", "module": "logging_config", "duration_ms": 16.8}
Sep 17 13:52:10 srv1318038 python3[3914160]: {"timestamp": "2026-09-17T13:52:10.572198+00:00", "level": "INFO", "message": "GET /api/pipeline/stream \u2192 200 (12ms)", "module": "logging_config", "duration_ms": 12.5}
Sep 17 13:52:10 srv1318038 python3[3914160]: {"timestamp": "2026-09-17T13:52:10.575516+00:00", "level": "INFO", "message": "GET /api/pipeline/stream \u2192 200 (17ms)", "module": "logging_config", "duration_ms": 17.0}
Sep 17 13:52:14 srv1318038 python3[3914160]: {"timestamp": "2026-09-17T13:52:14.552146+00:00", "level": "INFO", "message": "GET /api/pipeline/stream \u2192 200 (4ms)", "module": "logging_config", "duration_ms": 3.6}
Sep 17 13:52:14 srv1318038 python3[3914160]: {"timestamp": "2026-09-17T13:52:14.553447+00:00", "level": "INFO", "message": "GET /api/pipeline/stream \u2192 200 (5ms)", "module": "logging_config", "duration_ms": 4.6}
Sep 17 13:52:14 srv1318038 python3[3914160]: {"timestamp": "2026-09-17T13:52:14.559078+00:00", "level": "INFO", "message": "GET /api/pipeline/stream \u2192 200 (3ms)", "module": "logging_config", "duration_ms": 2.6}
Sep 17 13:52:14 srv1318038 python3[3914160]: {"timestamp": "2026-09-17T13:52:14.560745+00:00", "level": "INFO", "message": "GET /api/pipeline/stream \u2192 200 (5ms)", "module": "logging_config", "duration_ms": 4.9}
Sep 17 13:52:34 srv1318038 python3[3914160]: {"timestamp": "2026-09-17T13:52:34.615699+00:00", "level": "INFO", "message": "GET /api/pipeline/task/44dbf2b2-a27a-47ea-a608-4c31c906be9a \u2192 200 (128ms)", "module": "logging_config", "tenant_id": "ee93e6d1", "duration_ms": 127.6}
Sep 17 13:52:34 srv1318038 python3[3914160]: {"timestamp": "2026-09-17T13:52:34.618890+00:00", "level": "INFO", "message": "GET /api/pipeline/task/44dbf2b2-a27a-47ea-a608-4c31c906be9a \u2192 200 (134ms)", "module": "logging_config", "tenant_id": "ee93e6d1", "duration_ms": 134.2}
Sep 17 13:52:37 srv1318038 python3[3914160]: {"timestamp": "2026-09-17T13:52:37.551513+00:00", "level": "INFO", "message": "GET /api/pipeline/stream \u2192 200 (5ms)", "module": "logging_config", "duration_ms": 4.6}
Sep 17 13:52:38 srv1318038 python3[3914160]: {"timestamp": "2026-09-17T13:52:38.387818+00:00", "level": "INFO", "message": "GET /api/pipeline/stream \u2192 200 (3ms)", "module": "logging_config", "duration_ms": 3.4}
Sep 17 13:52:38 srv1318038 python3[3914160]: {"timestamp": "2026-09-17T13:52:38.552549+00:00", "level": "INFO", "message": "GET /api/pipeline/stream \u2192 200 (3ms)", "module": "logging_config", "duration_ms": 3.0}
Sep 17 13:52:38 srv1318038 python3[3914160]: {"timestamp": "2026-09-17T13:52:38.552774+00:00", "level": "INFO", "message": "GET /api/pipeline/stream \u2192 200 (5ms)", "module": "logging_config", "duration_ms": 5.0}
Sep 17 13:52:42 srv1318038 python3[3914160]: {"timestamp": "2026-09-17T13:52:42.560867+00:00", "level": "INFO", "message": "GET /api/pipeline/stream \u2192 200 (7ms)", "module": "logging_config", "duration_ms": 6.9}
Sep 17 13:52:42 srv1318038 python3[3914160]: {"timestamp": "2026-09-17T13:52:42.561299+00:00", "level": "INFO", "message": "GET /api/pipeline/stream \u2192 200 (7ms)", "module": "logging_config", "duration_ms": 6.9}
Sep 17 13:52:42 srv1318038 python3[3914160]: {"timestamp": "2026-09-17T13:52:42.562647+00:00", "level": "INFO", "message": "GET /api/pipeline/stream \u2192 200 (7ms)", "module": "logging_config", "duration_ms": 6.8}
Sep 17 13:52:42 srv1318038 python3[3914160]: {"timestamp": "2026-09-17T13:52:42.563174+00:00", "level": "INFO", "message": "GET /api/pipeline/stream \u2192 200 (6ms)", "module": "logging_config", "duration_ms": 6.4}
Sep 17 13:53:34 srv1318038 python3[3914160]: {"timestamp": "2026-09-17T13:53:34.483242+00:00", "level": "INFO", "message": "GET /api/pipeline/task/44dbf2b2-a27a-47ea-a608-4c31c906be9a \u2192 200 (93ms)", "module": "logging_config", "tenant_id": "ee93e6d1", "duration_ms": 92.6}
Sep 17 13:53:34 srv1318038 python3[3914160]: {"timestamp": "2026-09-17T13:53:34.510059+00:00", "level": "INFO", "message": "GET /api/pipeline/task/44dbf2b2-a27a-47ea-a608-4c31c906be9a \u2192 200 (99ms)", "module": "logging_config", "tenant_id": "ee93e6d1", "duration_ms": 99.1}
Sep 17 13:54:34 srv1318038 python3[3914160]: {"timestamp": "2026-09-17T13:54:34.474541+00:00", "level": "INFO", "message": "GET /api/pipeline/task/44dbf2b2-a27a-47ea-a608-4c31c906be9a \u2192 200 (83ms)", "module": "logging_config", "tenant_id": "ee93e6d1", "duration_ms": 82.9}
Sep 17 13:54:34 srv1318038 python3[3914160]: {"timestamp": "2026-09-17T13:54:34.491769+00:00", "level": "INFO", "message": "GET /api/pipeline/task/44dbf2b2-a27a-47ea-a608-4c31c906be9a \u2192 200 (94ms)", "module": "logging_config", "tenant_id": "ee93e6d1", "duration_ms": 94.3}
Sep 17 13:55:34 srv1318038 python3[3914160]: {"timestamp": "2026-09-17T13:55:34.443819+00:00", "level": "INFO", "message": "GET /api/pipeline/task/44dbf2b2-a27a-47ea-a608-4c31c906be9a \u2192 200 (56ms)", "module": "logging_config", "tenant_id": "ee93e6d1", "duration_ms": 56.1}
Sep 17 13:55:34 srv1318038 python3[3914160]: {"timestamp": "2026-09-17T13:55:34.499011+00:00", "level": "INFO", "message": "GET /api/pipeline/task/44dbf2b2-a27a-47ea-a608-4c31c906be9a \u2192 200 (99ms)", "module": "logging_config", "tenant_id": "ee93e6d1", "duration_ms": 98.6}
Sep 17 13:56:34 srv1318038 python3[3914160]: {"timestamp": "2026-09-17T13:56:34.455343+00:00", "level": "INFO", "message": "GET /api/pipeline/task/44dbf2b2-a27a-47ea-a608-4c31c906be9a \u2192 200 (56ms)", "module": "logging_config", "tenant_id": "ee93e6d1", "duration_ms": 55.5}
Sep 17 13:56:34 srv1318038 python3[3914160]: {"timestamp": "2026-09-17T13:56:34.456438+00:00", "level": "INFO", "message": "GET /api/pipeline/task/44dbf2b2-a27a-47ea-a608-4c31c906be9a \u2192 200 (61ms)", "module": "logging_config", "tenant_id": "ee93e6d1", "duration_ms": 61.0}
Sep 17 13:57:34 srv1318038 python3[3914160]: {"timestamp": "2026-09-17T13:57:34.466709+00:00", "level": "INFO", "message": "GET /api/pipeline/task/44dbf2b2-a27a-47ea-a608-4c31c906be9a \u2192 200 (82ms)", "module": "logging_config", "tenant_id": "ee93e6d1", "duration_ms": 82.0}
Sep 17 13:57:34 srv1318038 python3[3914160]: {"timestamp": "2026-09-17T13:57:34.471388+00:00", "level": "INFO", "message": "GET /api/pipeline/task/44dbf2b2-a27a-47ea-a608-4c31c906be9a \u2192 200 (79ms)", "module": "logging_config", "tenant_id": "ee93e6d1", "duration_ms": 79.1}
Sep 17 13:58:34 srv1318038 python3[3914160]: {"timestamp": "2026-09-17T13:58:34.441168+00:00", "level": "INFO", "message": "GET /api/pipeline/task/44dbf2b2-a27a-47ea-a608-4c31c906be9a \u2192 200 (52ms)", "module": "logging_config", "tenant_id": "ee93e6d1", "duration_ms": 51.8}
Sep 17 13:58:34 srv1318038 python3[3914160]: {"timestamp": "2026-09-17T13:58:34.558216+00:00", "level": "INFO", "message": "GET /api/pipeline/task/44dbf2b2-a27a-47ea-a608-4c31c906be9a \u2192 200 (158ms)", "module": "logging_config", "tenant_id": "ee93e6d1", "duration_ms": 157.6}
Sep 17 13:59:18 srv1318038 python3[4187144]: INFO:     Started server process [4187144]
Sep 17 13:59:18 srv1318038 python3[4187144]: INFO:     Waiting for application startup.
Sep 17 13:59:18 srv1318038 python3[4187144]: {"timestamp": "2026-09-17T13:59:18.811828+00:00", "level": "INFO", "message": "Database pool connected", "module": "main"}
Sep 17 13:59:18 srv1318038 python3[4187144]: {"timestamp": "2026-09-17T13:59:18.821647+00:00", "level": "INFO", "message": "arq pool connected to Redis at localhost:6379", "module": "main"}
Sep 17 13:59:19 srv1318038 python3[4187144]: {"timestamp": "2026-09-17T13:59:19.053305+00:00", "level": "INFO", "message": "Migrations checked (168 files, 0 new)", "module": "main"}
Sep 17 13:59:19 srv1318038 python3[4187144]: INFO:     Application startup complete.
Sep 17 13:59:19 srv1318038 python3[4187144]: INFO:     Uvicorn running on http://0.0.0.0:8001 (Press CTRL+C to quit)
Sep 17 13:59:29 srv1318038 python3[4187144]: {"timestamp": "2026-09-17T13:59:29.391089+00:00", "level": "INFO", "message": "GET /api/pipeline/stream \u2192 200 (6ms)", "module": "logging_config", "duration_ms": 6.4}
Sep 17 13:59:29 srv1318038 python3[4187144]: {"timestamp": "2026-09-17T13:59:29.394766+00:00", "level": "INFO", "message": "GET /api/pipeline/stream \u2192 200 (7ms)", "module": "logging_config", "duration_ms": 7.0}
Sep 17 13:59:46 srv1318038 python3[4187144]: {"timestamp": "2026-09-17T13:59:46.387811+00:00", "level": "INFO", "message": "GET /api/pipeline/stream \u2192 200 (3ms)", "module": "logging_config", "duration_ms": 3.4}
Sep 17 13:59:46 srv1318038 python3[4187144]: {"timestamp": "2026-09-17T13:59:46.390159+00:00", "level": "INFO", "message": "GET /api/pipeline/stream \u2192 200 (3ms)", "module": "logging_config", "duration_ms": 2.6}
Sep 17 14:00:20 srv1318038 python3[4187144]: {"timestamp": "2026-09-17T14:00:20.043692+00:00", "level": "INFO", "message": "[AutoYTSync] Tenant 44ecc95a: sync complete", "module": "main"}
Sep 17 14:00:20 srv1318038 python3[4187144]: {"timestamp": "2026-09-17T14:00:20.226683+00:00", "level": "INFO", "message": "[AutoYTSync] Tenant 561b872d: sync complete", "module": "main"}
Sep 17 14:00:34 srv1318038 python3[4187144]: {"timestamp": "2026-09-17T14:00:34.539250+00:00", "level": "INFO", "message": "GET /api/pipeline/task/44dbf2b2-a27a-47ea-a608-4c31c906be9a \u2192 200 (140ms)", "module": "logging_config", "tenant_id": "ee93e6d1", "duration_ms": 140.5}
Sep 17 14:00:34 srv1318038 python3[4187144]: {"timestamp": "2026-09-17T14:00:34.546647+00:00", "level": "INFO", "message": "GET /api/pipeline/task/44dbf2b2-a27a-47ea-a608-4c31c906be9a \u2192 200 (127ms)", "module": "logging_config", "tenant_id": "ee93e6d1", "duration_ms": 127.4}
