Sep 17 00:19:40 srv1318038 python3[3911485]: {"timestamp": "2026-09-17T00:19:40.573605+00:00", "level": "INFO", "message": "GET /api/pipeline/task/44dbf2b2-a27a-47ea-a608-4c31c906be9a \u2192 200 (59ms)", "module": "logging_config", "tenant_id": "ee93e6d1", "duration_ms": 58.6}
Sep 17 00:19:43 srv1318038 python3[3911485]: {"timestamp": "2026-09-17T00:19:43.570333+00:00", "level": "INFO", "message": "GET /api/pipeline/task/44dbf2b2-a27a-47ea-a608-4c31c906be9a \u2192 200 (56ms)", "module": "logging_config", "tenant_id": "ee93e6d1", "duration_ms": 56.3}
Sep 17 00:19:46 srv1318038 python3[3911485]: {"timestamp": "2026-09-17T00:19:46.571116+00:00", "level": "INFO", "message": "GET /api/pipeline/task/44dbf2b2-a27a-47ea-a608-4c31c906be9a \u2192 200 (56ms)", "module": "logging_config", "tenant_id": "ee93e6d1", "duration_ms": 56.3}
Sep 17 00:19:49 srv1318038 python3[3911485]: {"timestamp": "2026-09-17T00:19:49.572136+00:00", "level": "INFO", "message": "GET /api/pipeline/task/44dbf2b2-a27a-47ea-a608-4c31c906be9a \u2192 200 (58ms)", "module": "logging_config", "tenant_id": "ee93e6d1", "duration_ms": 57.8}
Sep 17 00:19:52 srv1318038 python3[3911485]: {"timestamp": "2026-09-17T00:19:52.570019+00:00", "level": "INFO", "message": "GET /api/pipeline/task/44dbf2b2-a27a-47ea-a608-4c31c906be9a \u2192 200 (55ms)", "module": "logging_config", "tenant_id": "ee93e6d1", "duration_ms": 55.3}
Sep 17 00:19:55 srv1318038 python3[3911485]: {"timestamp": "2026-09-17T00:19:55.572400+00:00", "level": "INFO", "message": "GET /api/pipeline/task/44dbf2b2-a27a-47ea-a608-4c31c906be9a \u2192 200 (53ms)", "module": "logging_config", "tenant_id": "ee93e6d1", "duration_ms": 53.4}
Sep 17 00:19:58 srv1318038 python3[3911485]: {"timestamp": "2026-09-17T00:19:58.569126+00:00", "level": "INFO", "message": "GET /api/pipeline/task/44dbf2b2-a27a-47ea-a608-4c31c906be9a \u2192 200 (56ms)", "module": "logging_config", "tenant_id": "ee93e6d1", "duration_ms": 55.6}
Sep 17 00:20:01 srv1318038 python3[3911485]: {"timestamp": "2026-09-17T00:20:01.636222+00:00", "level": "INFO", "message": "GET /api/pipeline/task/44dbf2b2-a27a-47ea-a608-4c31c906be9a \u2192 200 (114ms)", "module": "logging_config", "tenant_id": "ee93e6d1", "duration_ms": 113.5}
Sep 17 00:20:04 srv1318038 python3[3911485]: {"timestamp": "2026-09-17T00:20:04.587649+00:00", "level": "INFO", "message": "GET /api/pipeline/task/44dbf2b2-a27a-47ea-a608-4c31c906be9a \u2192 200 (69ms)", "module": "logging_config", "tenant_id": "ee93e6d1", "duration_ms": 69.3}
Sep 17 00:20:07 srv1318038 python3[3911485]: {"timestamp": "2026-09-17T00:20:07.570115+00:00", "level": "INFO", "message": "GET /api/pipeline/task/44dbf2b2-a27a-47ea-a608-4c31c906be9a \u2192 200 (57ms)", "module": "logging_config", "tenant_id": "ee93e6d1", "duration_ms": 56.8}
Sep 17 00:20:10 srv1318038 python3[3911485]: {"timestamp": "2026-09-17T00:20:10.579775+00:00", "level": "INFO", "message": "GET /api/pipeline/task/44dbf2b2-a27a-47ea-a608-4c31c906be9a \u2192 200 (58ms)", "module": "logging_config", "tenant_id": "ee93e6d1", "duration_ms": 57.7}
Sep 17 00:20:13 srv1318038 python3[3911485]: {"timestamp": "2026-09-17T00:20:13.654813+00:00", "level": "INFO", "message": "GET /api/pipeline/task/44dbf2b2-a27a-47ea-a608-4c31c906be9a \u2192 200 (56ms)", "module": "logging_config", "tenant_id": "ee93e6d1", "duration_ms": 56.4}
Sep 17 00:20:16 srv1318038 python3[3911485]: {"timestamp": "2026-09-17T00:20:16.579104+00:00", "level": "INFO", "message": "GET /api/pipeline/task/44dbf2b2-a27a-47ea-a608-4c31c906be9a \u2192 200 (58ms)", "module": "logging_config", "tenant_id": "ee93e6d1", "duration_ms": 58.3}
Sep 17 00:20:19 srv1318038 python3[3911485]: {"timestamp": "2026-09-17T00:20:19.573606+00:00", "level": "INFO", "message": "GET /api/pipeline/task/44dbf2b2-a27a-47ea-a608-4c31c906be9a \u2192 200 (55ms)", "module": "logging_config", "tenant_id": "ee93e6d1", "duration_ms": 54.6}
Sep 17 00:20:22 srv1318038 python3[3911485]: {"timestamp": "2026-09-17T00:20:22.573307+00:00", "level": "INFO", "message": "GET /api/pipeline/task/44dbf2b2-a27a-47ea-a608-4c31c906be9a \u2192 200 (57ms)", "module": "logging_config", "tenant_id": "ee93e6d1", "duration_ms": 57.2}
Sep 17 00:20:25 srv1318038 python3[3911485]: {"timestamp": "2026-09-17T00:20:25.659294+00:00", "level": "INFO", "message": "GET /api/pipeline/task/44dbf2b2-a27a-47ea-a608-4c31c906be9a \u2192 200 (56ms)", "module": "logging_config", "tenant_id": "ee93e6d1", "duration_ms": 56.2}
Sep 17 00:20:28 srv1318038 python3[3911485]: {"timestamp": "2026-09-17T00:20:28.567617+00:00", "level": "INFO", "message": "GET /api/pipeline/task/44dbf2b2-a27a-47ea-a608-4c31c906be9a \u2192 200 (53ms)", "module": "logging_config", "tenant_id": "ee93e6d1", "duration_ms": 53.1}
Sep 17 00:20:31 srv1318038 python3[3911485]: {"timestamp": "2026-09-17T00:20:31.572738+00:00", "level": "INFO", "message": "GET /api/pipeline/task/44dbf2b2-a27a-47ea-a608-4c31c906be9a \u2192 200 (58ms)", "module": "logging_config", "tenant_id": "ee93e6d1", "duration_ms": 57.8}
Sep 17 00:20:32 srv1318038 python3[3911485]: {"timestamp": "2026-09-17T00:20:32.994525+00:00", "level": "INFO", "message": "GET /api/pipeline/task/44dbf2b2-a27a-47ea-a608-4c31c906be9a \u2192 200 (56ms)", "module": "logging_config", "tenant_id": "ee93e6d1", "duration_ms": 56.4}
Sep 17 00:20:34 srv1318038 python3[3911485]: {"timestamp": "2026-09-17T00:20:34.570671+00:00", "level": "INFO", "message": "GET /api/pipeline/task/44dbf2b2-a27a-47ea-a608-4c31c906be9a \u2192 200 (56ms)", "module": "logging_config", "tenant_id": "ee93e6d1", "duration_ms": 56.4}
Sep 17 00:20:37 srv1318038 python3[3911485]: {"timestamp": "2026-09-17T00:20:37.571325+00:00", "level": "INFO", "message": "GET /api/pipeline/task/44dbf2b2-a27a-47ea-a608-4c31c906be9a \u2192 200 (56ms)", "module": "logging_config", "tenant_id": "ee93e6d1", "duration_ms": 56.0}
Sep 17 00:20:40 srv1318038 python3[3911485]: {"timestamp": "2026-09-17T00:20:40.960300+00:00", "level": "INFO", "message": "GET /api/pipeline/task/44dbf2b2-a27a-47ea-a608-4c31c906be9a \u2192 200 (55ms)", "module": "logging_config", "tenant_id": "ee93e6d1", "duration_ms": 55.0}
Sep 17 00:20:44 srv1318038 python3[3911485]: {"timestamp": "2026-09-17T00:20:44.000360+00:00", "level": "INFO", "message": "GET /api/pipeline/task/44dbf2b2-a27a-47ea-a608-4c31c906be9a \u2192 200 (53ms)", "module": "logging_config", "tenant_id": "ee93e6d1", "duration_ms": 53.4}
Sep 17 00:20:46 srv1318038 python3[3911485]: {"timestamp": "2026-09-17T00:20:46.967076+00:00", "level": "INFO", "message": "GET /api/pipeline/task/44dbf2b2-a27a-47ea-a608-4c31c906be9a \u2192 200 (62ms)", "module": "logging_config", "tenant_id": "ee93e6d1", "duration_ms": 61.8}
Sep 17 00:20:49 srv1318038 python3[3911485]: {"timestamp": "2026-09-17T00:20:49.963392+00:00", "level": "INFO", "message": "GET /api/pipeline/task/44dbf2b2-a27a-47ea-a608-4c31c906be9a \u2192 200 (57ms)", "module": "logging_config", "tenant_id": "ee93e6d1", "duration_ms": 57.2}
Sep 17 00:20:52 srv1318038 python3[3911485]: {"timestamp": "2026-09-17T00:20:52.977326+00:00", "level": "INFO", "message": "GET /api/pipeline/task/44dbf2b2-a27a-47ea-a608-4c31c906be9a \u2192 200 (54ms)", "module": "logging_config", "tenant_id": "ee93e6d1", "duration_ms": 53.8}
Sep 17 00:20:56 srv1318038 python3[3911485]: {"timestamp": "2026-09-17T00:20:56.063109+00:00", "level": "INFO", "message": "GET /api/pipeline/task/44dbf2b2-a27a-47ea-a608-4c31c906be9a \u2192 200 (56ms)", "module": "logging_config", "tenant_id": "ee93e6d1", "duration_ms": 56.0}
Sep 17 00:20:58 srv1318038 python3[3911485]: {"timestamp": "2026-09-17T00:20:58.969731+00:00", "level": "INFO", "message": "GET /api/pipeline/task/44dbf2b2-a27a-47ea-a608-4c31c906be9a \u2192 200 (56ms)", "module": "logging_config", "tenant_id": "ee93e6d1", "duration_ms": 55.9}
Sep 17 00:21:02 srv1318038 python3[3911485]: {"timestamp": "2026-09-17T00:21:02.007698+00:00", "level": "INFO", "message": "GET /api/pipeline/task/44dbf2b2-a27a-47ea-a608-4c31c906be9a \u2192 200 (99ms)", "module": "logging_config", "tenant_id": "ee93e6d1", "duration_ms": 98.7}
Sep 17 00:21:04 srv1318038 python3[3911485]: {"timestamp": "2026-09-17T00:21:04.980895+00:00", "level": "INFO", "message": "GET /api/pipeline/task/44dbf2b2-a27a-47ea-a608-4c31c906be9a \u2192 200 (57ms)", "module": "logging_config", "tenant_id": "ee93e6d1", "duration_ms": 56.9}
Sep 17 00:21:07 srv1318038 python3[3911485]: {"timestamp": "2026-09-17T00:21:07.974298+00:00", "level": "INFO", "message": "GET /api/pipeline/task/44dbf2b2-a27a-47ea-a608-4c31c906be9a \u2192 200 (56ms)", "module": "logging_config", "tenant_id": "ee93e6d1", "duration_ms": 56.1}
Sep 17 00:21:10 srv1318038 python3[3911485]: {"timestamp": "2026-09-17T00:21:10.974516+00:00", "level": "INFO", "message": "GET /api/pipeline/task/44dbf2b2-a27a-47ea-a608-4c31c906be9a \u2192 200 (67ms)", "module": "logging_config", "tenant_id": "ee93e6d1", "duration_ms": 67.0}
Sep 17 00:21:13 srv1318038 python3[3911485]: {"timestamp": "2026-09-17T00:21:13.962517+00:00", "level": "INFO", "message": "GET /api/pipeline/task/44dbf2b2-a27a-47ea-a608-4c31c906be9a \u2192 200 (56ms)", "module": "logging_config", "tenant_id": "ee93e6d1", "duration_ms": 56.2}
Sep 17 00:21:16 srv1318038 python3[3911485]: {"timestamp": "2026-09-17T00:21:16.965828+00:00", "level": "INFO", "message": "GET /api/pipeline/task/44dbf2b2-a27a-47ea-a608-4c31c906be9a \u2192 200 (55ms)", "module": "logging_config", "tenant_id": "ee93e6d1", "duration_ms": 55.1}
Sep 17 00:21:19 srv1318038 python3[3911485]: {"timestamp": "2026-09-17T00:21:19.961497+00:00", "level": "INFO", "message": "GET /api/pipeline/task/44dbf2b2-a27a-47ea-a608-4c31c906be9a \u2192 200 (56ms)", "module": "logging_config", "tenant_id": "ee93e6d1", "duration_ms": 56.5}
Sep 17 00:21:22 srv1318038 python3[3911485]: {"timestamp": "2026-09-17T00:21:22.960859+00:00", "level": "INFO", "message": "GET /api/pipeline/task/44dbf2b2-a27a-47ea-a608-4c31c906be9a \u2192 200 (55ms)", "module": "logging_config", "tenant_id": "ee93e6d1", "duration_ms": 55.3}
Sep 17 00:21:25 srv1318038 python3[3911485]: {"timestamp": "2026-09-17T00:21:25.971561+00:00", "level": "INFO", "message": "GET /api/pipeline/task/44dbf2b2-a27a-47ea-a608-4c31c906be9a \u2192 200 (64ms)", "module": "logging_config", "tenant_id": "ee93e6d1", "duration_ms": 64.5}
Sep 17 00:21:28 srv1318038 python3[3911485]: {"timestamp": "2026-09-17T00:21:28.965556+00:00", "level": "INFO", "message": "GET /api/pipeline/task/44dbf2b2-a27a-47ea-a608-4c31c906be9a \u2192 200 (60ms)", "module": "logging_config", "tenant_id": "ee93e6d1", "duration_ms": 60.5}
Sep 17 00:21:31 srv1318038 python3[3911485]: {"timestamp": "2026-09-17T00:21:31.963110+00:00", "level": "INFO", "message": "GET /api/pipeline/task/44dbf2b2-a27a-47ea-a608-4c31c906be9a \u2192 200 (56ms)", "module": "logging_config", "tenant_id": "ee93e6d1", "duration_ms": 56.1}
Sep 17 00:21:32 srv1318038 python3[3911485]: {"timestamp": "2026-09-17T00:21:32.959587+00:00", "level": "INFO", "message": "GET /api/pipeline/task/44dbf2b2-a27a-47ea-a608-4c31c906be9a \u2192 200 (55ms)", "module": "logging_config", "tenant_id": "ee93e6d1", "duration_ms": 54.7}
Sep 17 00:21:34 srv1318038 python3[3911485]: {"timestamp": "2026-09-17T00:21:34.960133+00:00", "level": "INFO", "message": "GET /api/pipeline/task/44dbf2b2-a27a-47ea-a608-4c31c906be9a \u2192 200 (53ms)", "module": "logging_config", "tenant_id": "ee93e6d1", "duration_ms": 53.3}
Sep 17 00:21:37 srv1318038 python3[3911485]: {"timestamp": "2026-09-17T00:21:37.960408+00:00", "level": "INFO", "message": "GET /api/pipeline/task/44dbf2b2-a27a-47ea-a608-4c31c906be9a \u2192 200 (56ms)", "module": "logging_config", "tenant_id": "ee93e6d1", "duration_ms": 55.6}
Sep 17 00:22:33 srv1318038 python3[3911485]: {"timestamp": "2026-09-17T00:22:33.068973+00:00", "level": "INFO", "message": "GET /api/pipeline/task/44dbf2b2-a27a-47ea-a608-4c31c906be9a \u2192 200 (154ms)", "module": "logging_config", "tenant_id": "ee93e6d1", "duration_ms": 153.9}
Sep 17 00:22:33 srv1318038 python3[3911485]: {"timestamp": "2026-09-17T00:22:33.191458+00:00", "level": "INFO", "message": "GET /api/pipeline/task/44dbf2b2-a27a-47ea-a608-4c31c906be9a \u2192 200 (285ms)", "module": "logging_config", "tenant_id": "ee93e6d1", "duration_ms": 285.0}
Sep 17 00:23:37 srv1318038 python3[3914160]: INFO:     Started server process [3914160]
Sep 17 00:23:37 srv1318038 python3[3914160]: INFO:     Waiting for application startup.
Sep 17 00:23:37 srv1318038 python3[3914160]: {"timestamp": "2026-09-17T00:23:37.270009+00:00", "level": "INFO", "message": "Database pool connected", "module": "main"}
Sep 17 00:23:37 srv1318038 python3[3914160]: {"timestamp": "2026-09-17T00:23:37.274012+00:00", "level": "INFO", "message": "arq pool connected to Redis at localhost:6379", "module": "main"}
Sep 17 00:23:37 srv1318038 python3[3914160]: {"timestamp": "2026-09-17T00:23:37.507459+00:00", "level": "INFO", "message": "Migrations checked (168 files, 0 new)", "module": "main"}
Sep 17 00:23:37 srv1318038 python3[3914160]: INFO:     Application startup complete.
Sep 17 00:23:37 srv1318038 python3[3914160]: INFO:     Uvicorn running on http://0.0.0.0:8001 (Press CTRL+C to quit)
Sep 17 00:23:48 srv1318038 python3[3914160]: {"timestamp": "2026-09-17T00:23:48.910264+00:00", "level": "INFO", "message": "GET /api/pipeline/stream \u2192 200 (3ms)", "module": "logging_config", "duration_ms": 3.3}
Sep 17 00:23:48 srv1318038 python3[3914160]: {"timestamp": "2026-09-17T00:23:48.914716+00:00", "level": "INFO", "message": "GET /api/pipeline/stream \u2192 200 (3ms)", "module": "logging_config", "duration_ms": 2.8}
Sep 17 00:24:05 srv1318038 python3[3914160]: {"timestamp": "2026-09-17T00:24:05.959516+00:00", "level": "INFO", "message": "GET /api/pipeline/stream \u2192 200 (6ms)", "module": "logging_config", "duration_ms": 6.3}
Sep 17 00:24:05 srv1318038 python3[3914160]: {"timestamp": "2026-09-17T00:24:05.962211+00:00", "level": "INFO", "message": "GET /api/pipeline/stream \u2192 200 (5ms)", "module": "logging_config", "duration_ms": 5.4}
Sep 17 00:24:33 srv1318038 python3[3914160]: {"timestamp": "2026-09-17T00:24:33.049828+00:00", "level": "INFO", "message": "GET /api/pipeline/task/44dbf2b2-a27a-47ea-a608-4c31c906be9a \u2192 200 (140ms)", "module": "logging_config", "tenant_id": "ee93e6d1", "duration_ms": 139.7}
Sep 17 00:24:33 srv1318038 python3[3914160]: {"timestamp": "2026-09-17T00:24:33.050314+00:00", "level": "INFO", "message": "GET /api/pipeline/task/44dbf2b2-a27a-47ea-a608-4c31c906be9a \u2192 200 (143ms)", "module": "logging_config", "tenant_id": "ee93e6d1", "duration_ms": 142.7}
Sep 17 00:24:38 srv1318038 python3[3914160]: {"timestamp": "2026-09-17T00:24:38.430777+00:00", "level": "INFO", "message": "[AutoYTSync] Tenant 44ecc95a: sync complete", "module": "main"}
Sep 17 00:24:40 srv1318038 python3[3914160]: [YouTubeSync] Error (unknown): '561b872d-7b73-45e3-9c44-7f30c3566eda'
Sep 17 00:24:40 srv1318038 python3[3914160]: {"timestamp": "2026-09-17T00:24:40.406252+00:00", "level": "INFO", "message": "[AutoYTSync] Tenant 561b872d: sync complete", "module": "main"}
