{"drain":{"mode":"draining","reason":"safe production deploy","owner":"deploy:dvsu-channel-contract-20260917","changed_at":"2026-09-17 14:19:50.308431+00:00","draining":true},"active_work":{"background_tasks":0,"generation_claims":0,"total":0},"checked_at":"2026-09-17T14:19:50.453964+00:00"}
drain: enabled; waiting for active work to finish (timeout 7200s)
{"drain":{"mode":"draining","reason":"safe production deploy","owner":"deploy:dvsu-channel-contract-20260917","changed_at":"2026-09-17 14:19:50.308431+00:00","draining":true},"active_work":{"background_tasks":0,"generation_claims":0,"total":0},"checked_at":"2026-09-17T14:19:50.773456+00:00"}
{"drain":{"mode":"draining","reason":"safe production deploy","owner":"deploy:dvsu-channel-contract-20260917","changed_at":"2026-09-17 14:19:50.308431+00:00","draining":true},"active_work":{"background_tasks":0,"generation_claims":0,"total":0},"checked_at":"2026-09-17T14:19:55.805555+00:00"}
From https://github.com/vibecoder10/economy-fastforward
   270cf80f0..6a590ed4c  main       -> origin/main
Updating 270cf80f0..6a590ed4c
Fast-forward
 storyengine/backend/factual_machine_summary.py     |  30 +++-
 storyengine/backend/script_research_packet.py      |   2 +-
 .../tests/test_automatic_evidence_handoff.py       |  15 +-
 .../backend/tests/test_dvsu_script_writer.py       |  54 +++++-
 storyengine/frontend/src/lib/api.ts                |  40 ++++-
 .../src/lib/machine-preview-recovery.test.ts       | 189 +++++++++++++++++++++
 .../frontend/src/lib/machine-preview-recovery.ts   | 183 ++++++++++++++++++++
 7 files changed, 487 insertions(+), 26 deletions(-)
 create mode 100644 storyengine/frontend/src/lib/machine-preview-recovery.test.ts
 create mode 100644 storyengine/frontend/src/lib/machine-preview-recovery.ts
code: 270cf80f0 -> 6a590ed4c
migrations_dir=/home/clawd/projects/economy-fastforward/storyengine/backend/migrations
total=168 applied=168 pending=0
migrations complete
schema: strict migrations complete
backend: active
backend health: verified (drain still enabled)
worker: active (pid 2409)
worker code parity: commit=6a590ed4c directory=/home/clawd/projects/economy-fastforward/storyengine/backend

> frontend@1.0.0 build
> next build --webpack

▲ Next.js 16.2.1 (webpack)
- Environments: .env.local

  Creating an optimized production build ...
✓ Compiled successfully in 31.6s
  Running TypeScript ...
  Finished TypeScript in 23.0s ...
  Collecting page data using 3 workers ...
  Generating static pages using 3 workers (0/34) ...
  Generating static pages using 3 workers (8/34) 
  Generating static pages using 3 workers (16/34) 
  Generating static pages using 3 workers (25/34) 
✓ Generating static pages using 3 workers (34/34) in 634ms
  Finalizing page optimization ...
  Collecting build traces ...

Route (app)
┌ ○ /
├ ○ /_not-found
├ ○ /activity
├ ○ /analytics
├ ○ /autopilot
├ ○ /billing
├ ○ /calendar
├ ○ /chat
├ ƒ /chat/[videoId]
├ ○ /dashboard
├ ○ /demo
├ ○ /discovery
├ ○ /docs
├ ○ /forgot-password
├ ○ /ideas
├ ○ /learnings
├ ○ /login
├ ○ /onboarding
├ ○ /pipeline
├ ƒ /pipeline/[videoId]
├ ○ /pricing
├ ○ /privacy
├ ○ /profile
├ ○ /render
├ ○ /reset-password
├ ○ /review
├ ƒ /scene-control/[videoId]
├ ○ /settings
├ ○ /settings/agent-access
├ ○ /settings/drive-callback
├ ○ /settings/keys
├ ○ /settings/youtube-callback
├ ○ /system-prompts
├ ○ /terms
├ ○ /verify-email
└ ○ /videos


○  (Static)   prerendered as static content
ƒ  (Dynamic)  server-rendered on demand

frontend: activating
frontend health: HTTP 200
DONE — deployed 6a590ed4c; automatic undrain follows (log: /home/clawd/deploys.log)
{"drain":{"mode":"normal","reason":"deploy command exited with status 0","owner":"deploy:dvsu-channel-contract-20260917","changed_at":"2026-09-17 14:21:34.639612+00:00","draining":false},"active_work":{"background_tasks":0,"generation_claims":0,"total":0},"checked_at":"2026-09-17T14:21:34.772786+00:00"}
-- post-deploy health --
== services ==
storyengine-backend: active
storyengine-frontend: active
== api ==
{"status":"healthy","service":"storyengine-api","database":true,"active_tasks":0,"active_work":{"background_tasks":0,"generation_claims":0,"total":0},"drain":{"mode":"normal","reason":"deploy command exited with status 0","owner":"deploy:dvsu-channel-contract-20260917","changed_at":"2026-09-17T14:21:34.639612+00:00","known":true,"draining":false},"storage":true,"queue":"arq","youtube_quota":{"date_pt":"2026-09-17","general":{"used":30,"limit":9000,"remaining":8970,"project_limit":10000,"configured_ceiling":9000},"video_uploads":{"used":0,"limit":100,"remaining":100},"search_calls":{"used":1,"limit":100,"remaining":99},"units_used":30,"ceiling":9000,"remaining":8970}}
== frontend ==
http 200
== deploy lock ==
no lock (clear to deploy)
== last deploy ==
2026-09-17T14:21:34Z dvsu-channel-contract-20260917 deployed 270cf80f0 -> 6a590ed4c --with-frontend
== disk ==
/dev/sda1       193G   60G  134G  31% /
