{"drain":{"mode":"draining","reason":"safe production deploy","owner":"deploy:dvsu-identity-replay-20260916","changed_at":"2026-09-17 00:12:27.446187+00:00","draining":true},"active_work":{"background_tasks":0,"generation_claims":0,"total":0},"checked_at":"2026-09-17T00:12:27.575404+00:00"}
drain: enabled; waiting for active work to finish (timeout 7200s)
{"drain":{"mode":"draining","reason":"safe production deploy","owner":"deploy:dvsu-identity-replay-20260916","changed_at":"2026-09-17 00:12:27.446187+00:00","draining":true},"active_work":{"background_tasks":0,"generation_claims":0,"total":0},"checked_at":"2026-09-17T00:12:27.904466+00:00"}
{"drain":{"mode":"draining","reason":"safe production deploy","owner":"deploy:dvsu-identity-replay-20260916","changed_at":"2026-09-17 00:12:27.446187+00:00","draining":true},"active_work":{"background_tasks":0,"generation_claims":0,"total":0},"checked_at":"2026-09-17T00:12:32.934804+00:00"}
From https://github.com/vibecoder10/economy-fastforward
   f84c43d98..81b85a5f1  main       -> origin/main
Updating f84c43d98..81b85a5f1
Fast-forward
 storyengine/backend/research_claim_assessment.py    | 21 +++++++++++++++++++++
 .../tests/test_automatic_evidence_handoff.py        | 19 +++++++++++++++++++
 2 files changed, 40 insertions(+)
code: f84c43d98 -> 81b85a5f1
migrations_dir=/home/clawd/projects/economy-fastforward/storyengine/backend/migrations
total=168 applied=168 pending=0
migrations complete
schema: strict migrations complete
backend: active
backend health: verified (drain still enabled)
worker: active (pid 3909887)
worker code parity: commit=81b85a5f1 directory=/home/clawd/projects/economy-fastforward/storyengine/backend
DONE — deployed 81b85a5f1; automatic undrain follows (log: /home/clawd/deploys.log)
{"drain":{"mode":"normal","reason":"deploy command exited with status 0","owner":"deploy:dvsu-identity-replay-20260916","changed_at":"2026-09-17 00:12:51.976857+00:00","draining":false},"active_work":{"background_tasks":0,"generation_claims":0,"total":0},"checked_at":"2026-09-17T00:12:52.116602+00:00"}
-- post-deploy health --
== services ==
storyengine-backend: active
storyengine-frontend: active
== api ==
{"status":"healthy","service":"storyengine-api","database":true,"active_tasks":0,"active_work":{"background_tasks":0,"generation_claims":0,"total":0},"drain":{"mode":"normal","reason":"deploy command exited with status 0","owner":"deploy:dvsu-identity-replay-20260916","changed_at":"2026-09-17T00:12:51.976857+00:00","known":true,"draining":false},"storage":true,"queue":"arq","youtube_quota":{"date_pt":"2026-09-16","general":{"used":390,"limit":9000,"remaining":8610,"project_limit":10000,"configured_ceiling":9000},"video_uploads":{"used":0,"limit":100,"remaining":100},"search_calls":{"used":13,"limit":100,"remaining":87},"units_used":390,"ceiling":9000,"remaining":8610}}
== frontend ==
http 200
== deploy lock ==
no lock (clear to deploy)
== last deploy ==
2026-09-17T00:12:51Z dvsu-identity-replay-20260916 deployed f84c43d98 -> 81b85a5f1 
== disk ==
/dev/sda1       193G   60G  134G  31% /
