{"drain":{"mode":"draining","reason":"safe production deploy","owner":"deploy:dvsu-writer-bounds-20260916","changed_at":"2026-09-17 00:23:21.869601+00:00","draining":true},"active_work":{"background_tasks":0,"generation_claims":0,"total":0},"checked_at":"2026-09-17T00:23:22.053822+00:00"}
drain: enabled; waiting for active work to finish (timeout 7200s)
{"drain":{"mode":"draining","reason":"safe production deploy","owner":"deploy:dvsu-writer-bounds-20260916","changed_at":"2026-09-17 00:23:21.869601+00:00","draining":true},"active_work":{"background_tasks":0,"generation_claims":0,"total":0},"checked_at":"2026-09-17T00:23:22.387262+00:00"}
{"drain":{"mode":"draining","reason":"safe production deploy","owner":"deploy:dvsu-writer-bounds-20260916","changed_at":"2026-09-17 00:23:21.869601+00:00","draining":true},"active_work":{"background_tasks":0,"generation_claims":0,"total":0},"checked_at":"2026-09-17T00:23:27.416438+00:00"}
From https://github.com/vibecoder10/economy-fastforward
   5c24e97b2..73071d542  main       -> origin/main
Updating 5c24e97b2..73071d542
Fast-forward
 storyengine/backend/factual_machine_summary.py     | 45 ++++++++++++++++++++--
 storyengine/backend/pipeline_executor.py           |  2 +-
 .../functional/test_kie_factual_source_search.py   | 20 ++++++++++
 .../tests/test_automatic_evidence_handoff.py       | 36 +++++++++++++++++
 4 files changed, 99 insertions(+), 4 deletions(-)
code: 5c24e97b2 -> 73071d542
migrations_dir=/home/clawd/projects/economy-fastforward/storyengine/backend/migrations
total=168 applied=168 pending=0
migrations complete
schema: strict migrations complete
backend: active
backend health: verified (drain still enabled)
worker: active (pid 3914245)
worker code parity: commit=73071d542 directory=/home/clawd/projects/economy-fastforward/storyengine/backend
DONE — deployed 73071d542; automatic undrain follows (log: /home/clawd/deploys.log)
{"drain":{"mode":"normal","reason":"deploy command exited with status 0","owner":"deploy:dvsu-writer-bounds-20260916","changed_at":"2026-09-17 00:23:46.601258+00:00","draining":false},"active_work":{"background_tasks":0,"generation_claims":0,"total":0},"checked_at":"2026-09-17T00:23:46.745147+00:00"}
-- post-deploy health --
== services ==
storyengine-backend: active
storyengine-frontend: active
== api ==
{"status":"healthy","service":"storyengine-api","database":true,"active_tasks":0,"active_work":{"background_tasks":0,"generation_claims":0,"total":0},"drain":{"mode":"normal","reason":"deploy command exited with status 0","owner":"deploy:dvsu-writer-bounds-20260916","changed_at":"2026-09-17T00:23:46.601258+00:00","known":true,"draining":false},"storage":true,"queue":"arq","youtube_quota":{"date_pt":"2026-09-16","general":{"used":450,"limit":9000,"remaining":8550,"project_limit":10000,"configured_ceiling":9000},"video_uploads":{"used":0,"limit":100,"remaining":100},"search_calls":{"used":15,"limit":100,"remaining":85},"units_used":450,"ceiling":9000,"remaining":8550}}
== frontend ==
http 200
== deploy lock ==
no lock (clear to deploy)
== last deploy ==
2026-09-17T00:23:46Z dvsu-writer-bounds-20260916 deployed 5c24e97b2 -> 73071d542 
== disk ==
/dev/sda1       193G   60G  134G  31% /
