{"drain":{"mode":"draining","reason":"safe production deploy","owner":"deploy:dvsu-summary-parser-20260916","changed_at":"2026-09-17 00:16:33.735816+00:00","draining":true},"active_work":{"background_tasks":0,"generation_claims":0,"total":0},"checked_at":"2026-09-17T00:16:33.873725+00:00"}
drain: enabled; waiting for active work to finish (timeout 7200s)
{"drain":{"mode":"draining","reason":"safe production deploy","owner":"deploy:dvsu-summary-parser-20260916","changed_at":"2026-09-17 00:16:33.735816+00:00","draining":true},"active_work":{"background_tasks":0,"generation_claims":0,"total":0},"checked_at":"2026-09-17T00:16:34.179944+00:00"}
{"drain":{"mode":"draining","reason":"safe production deploy","owner":"deploy:dvsu-summary-parser-20260916","changed_at":"2026-09-17 00:16:33.735816+00:00","draining":true},"active_work":{"background_tasks":0,"generation_claims":0,"total":0},"checked_at":"2026-09-17T00:16:39.210022+00:00"}
From https://github.com/vibecoder10/economy-fastforward
   81b85a5f1..5c24e97b2  main       -> origin/main
Updating 81b85a5f1..5c24e97b2
Fast-forward
 storyengine/backend/factual_machine_summary.py     | 22 +++++++++++++++++++-
 storyengine/backend/pipeline_executor.py           |  2 +-
 .../tests/test_automatic_evidence_handoff.py       | 24 ++++++++++++++++++++++
 3 files changed, 46 insertions(+), 2 deletions(-)
code: 81b85a5f1 -> 5c24e97b2
migrations_dir=/home/clawd/projects/economy-fastforward/storyengine/backend/migrations
total=168 applied=168 pending=0
migrations complete
schema: strict migrations complete
backend: active
backend health: verified (drain still enabled)
worker: active (pid 3911559)
worker code parity: commit=5c24e97b2 directory=/home/clawd/projects/economy-fastforward/storyengine/backend
DONE — deployed 5c24e97b2; automatic undrain follows (log: /home/clawd/deploys.log)
{"drain":{"mode":"normal","reason":"deploy command exited with status 0","owner":"deploy:dvsu-summary-parser-20260916","changed_at":"2026-09-17 00:16:58.243004+00:00","draining":false},"active_work":{"background_tasks":0,"generation_claims":0,"total":0},"checked_at":"2026-09-17T00:16:58.376580+00:00"}
-- post-deploy health --
== services ==
storyengine-backend: active
storyengine-frontend: active
== api ==
{"status":"healthy","service":"storyengine-api","database":true,"active_tasks":0,"active_work":{"background_tasks":0,"generation_claims":0,"total":0},"drain":{"mode":"normal","reason":"deploy command exited with status 0","owner":"deploy:dvsu-summary-parser-20260916","changed_at":"2026-09-17T00:16:58.243004+00:00","known":true,"draining":false},"storage":true,"queue":"arq","youtube_quota":{"date_pt":"2026-09-16","general":{"used":420,"limit":9000,"remaining":8580,"project_limit":10000,"configured_ceiling":9000},"video_uploads":{"used":0,"limit":100,"remaining":100},"search_calls":{"used":14,"limit":100,"remaining":86},"units_used":420,"ceiling":9000,"remaining":8580}}
== frontend ==
http 200
== deploy lock ==
no lock (clear to deploy)
== last deploy ==
2026-09-17T00:16:57Z dvsu-summary-parser-20260916 deployed 81b85a5f1 -> 5c24e97b2 
== disk ==
/dev/sda1       193G   60G  134G  31% /
