{"drain":{"mode":"draining","reason":"safe production deploy","owner":"deploy:dvsu-editorial-sufficiency-20260917","changed_at":"2026-09-17 14:31:21.794165+00:00","draining":true},"active_work":{"background_tasks":0,"generation_claims":0,"total":0},"checked_at":"2026-09-17T14:31:21.941199+00:00"}
drain: enabled; waiting for active work to finish (timeout 7200s)
{"drain":{"mode":"draining","reason":"safe production deploy","owner":"deploy:dvsu-editorial-sufficiency-20260917","changed_at":"2026-09-17 14:31:21.794165+00:00","draining":true},"active_work":{"background_tasks":0,"generation_claims":0,"total":0},"checked_at":"2026-09-17T14:31:22.262260+00:00"}
{"drain":{"mode":"draining","reason":"safe production deploy","owner":"deploy:dvsu-editorial-sufficiency-20260917","changed_at":"2026-09-17 14:31:21.794165+00:00","draining":true},"active_work":{"background_tasks":0,"generation_claims":0,"total":0},"checked_at":"2026-09-17T14:31:27.293352+00:00"}
From https://github.com/vibecoder10/economy-fastforward
   6a590ed4c..7af5ab8ff  main       -> origin/main
Updating 6a590ed4c..7af5ab8ff
Fast-forward
 storyengine/backend/factual_machine_summary.py       | 10 ++++++----
 storyengine/backend/script_research_packet.py        |  2 +-
 storyengine/backend/tests/test_dvsu_script_writer.py | 19 +++++++++++++++++++
 3 files changed, 26 insertions(+), 5 deletions(-)
code: 6a590ed4c -> 7af5ab8ff
migrations_dir=/home/clawd/projects/economy-fastforward/storyengine/backend/migrations
total=168 applied=168 pending=0
migrations complete
schema: strict migrations complete
backend: active
backend health: verified (drain still enabled)
worker: active (pid 7123)
worker code parity: commit=7af5ab8ff directory=/home/clawd/projects/economy-fastforward/storyengine/backend
DONE — deployed 7af5ab8ff; automatic undrain follows (log: /home/clawd/deploys.log)
{"drain":{"mode":"normal","reason":"deploy command exited with status 0","owner":"deploy:dvsu-editorial-sufficiency-20260917","changed_at":"2026-09-17 14:31:46.250287+00:00","draining":false},"active_work":{"background_tasks":0,"generation_claims":0,"total":0},"checked_at":"2026-09-17T14:31:46.386399+00:00"}
-- post-deploy health --
== services ==
storyengine-backend: active
storyengine-frontend: active
== api ==
{"status":"healthy","service":"storyengine-api","database":true,"active_tasks":0,"active_work":{"background_tasks":0,"generation_claims":0,"total":0},"drain":{"mode":"normal","reason":"deploy command exited with status 0","owner":"deploy:dvsu-editorial-sufficiency-20260917","changed_at":"2026-09-17T14:31:46.250287+00:00","known":true,"draining":false},"storage":true,"queue":"arq","youtube_quota":{"date_pt":"2026-09-17","general":{"used":60,"limit":9000,"remaining":8940,"project_limit":10000,"configured_ceiling":9000},"video_uploads":{"used":0,"limit":100,"remaining":100},"search_calls":{"used":2,"limit":100,"remaining":98},"units_used":60,"ceiling":9000,"remaining":8940}}
== frontend ==
http 200
== deploy lock ==
no lock (clear to deploy)
== last deploy ==
2026-09-17T14:31:45Z dvsu-editorial-sufficiency-20260917 deployed 6a590ed4c -> 7af5ab8ff 
== disk ==
/dev/sda1       193G   60G  134G  31% /
