{"drain":{"mode":"draining","reason":"safe production deploy","owner":"deploy:dvsu-global-handoff-20260917","changed_at":"2026-09-17 15:14:29.910283+00:00","draining":true},"active_work":{"background_tasks":0,"generation_claims":0,"total":0},"checked_at":"2026-09-17T15:14:30.062161+00:00"}
drain: enabled; waiting for active work to finish (timeout 7200s)
{"drain":{"mode":"draining","reason":"safe production deploy","owner":"deploy:dvsu-global-handoff-20260917","changed_at":"2026-09-17 15:14:29.910283+00:00","draining":true},"active_work":{"background_tasks":0,"generation_claims":0,"total":0},"checked_at":"2026-09-17T15:14:30.416379+00:00"}
{"drain":{"mode":"draining","reason":"safe production deploy","owner":"deploy:dvsu-global-handoff-20260917","changed_at":"2026-09-17 15:14:29.910283+00:00","draining":true},"active_work":{"background_tasks":0,"generation_claims":0,"total":0},"checked_at":"2026-09-17T15:14:35.447973+00:00"}
Updating 58ca96c30..b53879e6d
Fast-forward
From https://github.com/vibecoder10/economy-fastforward
   58ca96c30..b53879e6d  main       -> origin/main
 storyengine/backend/dvsu_research_handoff.py       | 103 ++++++-
 storyengine/backend/machine_preview_jobs.py        | 111 ++++++++
 .../migrations/160_machine_preview_jobs.sql        |  14 +
 storyengine/backend/pipeline_executor.py           | 141 +++++++++-
 storyengine/backend/research_claim_assessment.py   |  55 +++-
 storyengine/backend/routes/pipeline.py             |  89 ++++++-
 .../tests/test_dvsu_assessment_migration.py        | 156 +++++++++++
 .../backend/tests/test_dvsu_global_handoff.py      | 168 ++++++++++++
 .../backend/tests/test_machine_preview_jobs.py     | 296 +++++++++++++++++++++
 storyengine/backend/worker.py                      |  12 +
 .../src/components/production/ResearchTab.tsx      |   4 +-
 .../src/components/production/ScriptVoiceTab.tsx   |   4 +-
 storyengine/frontend/src/lib/api.ts                |  80 ++++--
 .../frontend/src/lib/machine-preview-api.test.ts   | 149 +++++++++++
 .../frontend/src/lib/machine-preview-job.test.ts   |  34 +++
 .../frontend/src/lib/machine-preview-job.ts        |  39 +++
 16 files changed, 1406 insertions(+), 49 deletions(-)
 create mode 100644 storyengine/backend/machine_preview_jobs.py
 create mode 100644 storyengine/backend/migrations/160_machine_preview_jobs.sql
 create mode 100644 storyengine/backend/tests/test_dvsu_assessment_migration.py
 create mode 100644 storyengine/backend/tests/test_dvsu_global_handoff.py
 create mode 100644 storyengine/backend/tests/test_machine_preview_jobs.py
 create mode 100644 storyengine/frontend/src/lib/machine-preview-api.test.ts
 create mode 100644 storyengine/frontend/src/lib/machine-preview-job.test.ts
 create mode 100644 storyengine/frontend/src/lib/machine-preview-job.ts
code: 58ca96c30 -> b53879e6d
migrations_dir=/home/clawd/projects/economy-fastforward/storyengine/backend/migrations
total=169 applied=168 pending=1
pending 160_machine_preview_jobs.sql
applying 160_machine_preview_jobs.sql
migrations complete
schema: strict migrations complete
backend: active
backend health: verified (drain still enabled)
worker: active (pid 24865)
worker code parity: commit=b53879e6d directory=/home/clawd/projects/economy-fastforward/storyengine/backend

> frontend@1.0.0 build
> next build --webpack

▲ Next.js 16.2.1 (webpack)
- Environments: .env.local

  Creating an optimized production build ...
✓ Compiled successfully in 16.8s
  Running TypeScript ...
  Finished TypeScript in 20.7s ...
  Collecting page data using 3 workers ...
  Generating static pages using 3 workers (0/34) ...
  Generating static pages using 3 workers (8/34) 
  Generating static pages using 3 workers (16/34) 
  Generating static pages using 3 workers (25/34) 
✓ Generating static pages using 3 workers (34/34) in 721ms
  Finalizing page optimization ...
  Collecting build traces ...

Route (app)
┌ ○ /
├ ○ /_not-found
├ ○ /activity
├ ○ /analytics
├ ○ /autopilot
├ ○ /billing
├ ○ /calendar
├ ○ /chat
├ ƒ /chat/[videoId]
├ ○ /dashboard
├ ○ /demo
├ ○ /discovery
├ ○ /docs
├ ○ /forgot-password
├ ○ /ideas
├ ○ /learnings
├ ○ /login
├ ○ /onboarding
├ ○ /pipeline
├ ƒ /pipeline/[videoId]
├ ○ /pricing
├ ○ /privacy
├ ○ /profile
├ ○ /render
├ ○ /reset-password
├ ○ /review
├ ƒ /scene-control/[videoId]
├ ○ /settings
├ ○ /settings/agent-access
├ ○ /settings/drive-callback
├ ○ /settings/keys
├ ○ /settings/youtube-callback
├ ○ /system-prompts
├ ○ /terms
├ ○ /verify-email
└ ○ /videos


○  (Static)   prerendered as static content
ƒ  (Dynamic)  server-rendered on demand

frontend: activating
frontend health: HTTP 200
DONE — deployed b53879e6d; automatic undrain follows (log: /home/clawd/deploys.log)
{"drain":{"mode":"normal","reason":"deploy command exited with status 0","owner":"deploy:dvsu-global-handoff-20260917","changed_at":"2026-09-17 15:15:57.042157+00:00","draining":false},"active_work":{"background_tasks":0,"generation_claims":0,"total":0},"checked_at":"2026-09-17T15:15:57.174043+00:00"}
-- post-deploy health --
== services ==
storyengine-backend: active
storyengine-frontend: active
== api ==
{"status":"healthy","service":"storyengine-api","database":true,"active_tasks":0,"active_work":{"background_tasks":0,"generation_claims":0,"total":0},"drain":{"mode":"normal","reason":"deploy command exited with status 0","owner":"deploy:dvsu-global-handoff-20260917","changed_at":"2026-09-17T15:15:57.042157+00:00","known":true,"draining":false},"storage":true,"queue":"arq","youtube_quota":{"date_pt":"2026-09-17","general":{"used":120,"limit":9000,"remaining":8880,"project_limit":10000,"configured_ceiling":9000},"video_uploads":{"used":0,"limit":100,"remaining":100},"search_calls":{"used":4,"limit":100,"remaining":96},"units_used":120,"ceiling":9000,"remaining":8880}}
== frontend ==
http 200
== deploy lock ==
no lock (clear to deploy)
== last deploy ==
2026-09-17T15:15:56Z dvsu-global-handoff-20260917 deployed 58ca96c30 -> b53879e6d --with-frontend
== disk ==
/dev/sda1       193G   60G  134G  31% /
