...F.......                                                              [100%]
=================================== FAILURES ===================================
___________ test_long_named_section_keeps_only_bounded_short_windows ___________

    def test_long_named_section_keeps_only_bounded_short_windows():
        sentences = [
            f"USS Holland (SS 1) completed Navy trials as a submarine in documented phase {index}."
            for index in range(1, 80)
        ]
        source = "Page introduction\n\nJohn Philip Holland " + " ".join(sentences)
        assert len(source) > 3000
    
        excerpts = pe._sentence_candidates_from_source(
            source, HOLLAND, matcher=candidate_mentions_machine
        )
    
        assert excerpts
>       assert all(len(excerpt) <= 720 for excerpt in excerpts)
E       assert False
E        +  where False = all(<generator object test_long_named_section_keeps_only_bounded_short_windows.<locals>.<genexpr> at 0x10314f680>)

tests/test_factual_source_sections.py:83: AssertionError
=========================== short test summary info ============================
FAILED tests/test_factual_source_sections.py::test_long_named_section_keeps_only_bounded_short_windows
1 failed, 10 passed in 0.18s
